Archive member included to satisfy reference by file (symbol)

/home/svewi/opt/gnu-mcu-eclipse/arm-none-eabi-gcc/7.2.1-1.1-20180401-0515/bin/../lib/gcc/arm-none-eabi/7.2.1/../../../../arm-none-eabi/lib/thumb/v7e-m/fpv4-sp/hard/libc_nano.a(lib_a-exit.o)
                              /home/svewi/opt/gnu-mcu-eclipse/arm-none-eabi-gcc/7.2.1-1.1-20180401-0515/bin/../lib/gcc/arm-none-eabi/7.2.1/../../../../arm-none-eabi/lib/thumb/v7e-m/fpv4-sp/hard/crt0.o (exit)
/home/svewi/opt/gnu-mcu-eclipse/arm-none-eabi-gcc/7.2.1-1.1-20180401-0515/bin/../lib/gcc/arm-none-eabi/7.2.1/../../../../arm-none-eabi/lib/thumb/v7e-m/fpv4-sp/hard/libc_nano.a(lib_a-impure.o)
                              /home/svewi/opt/gnu-mcu-eclipse/arm-none-eabi-gcc/7.2.1-1.1-20180401-0515/bin/../lib/gcc/arm-none-eabi/7.2.1/../../../../arm-none-eabi/lib/thumb/v7e-m/fpv4-sp/hard/libc_nano.a(lib_a-exit.o) (_global_impure_ptr)
/home/svewi/opt/gnu-mcu-eclipse/arm-none-eabi-gcc/7.2.1-1.1-20180401-0515/bin/../lib/gcc/arm-none-eabi/7.2.1/../../../../arm-none-eabi/lib/thumb/v7e-m/fpv4-sp/hard/libc_nano.a(lib_a-init.o)
                              /home/svewi/opt/gnu-mcu-eclipse/arm-none-eabi-gcc/7.2.1-1.1-20180401-0515/bin/../lib/gcc/arm-none-eabi/7.2.1/../../../../arm-none-eabi/lib/thumb/v7e-m/fpv4-sp/hard/crt0.o (__libc_init_array)
/home/svewi/opt/gnu-mcu-eclipse/arm-none-eabi-gcc/7.2.1-1.1-20180401-0515/bin/../lib/gcc/arm-none-eabi/7.2.1/../../../../arm-none-eabi/lib/thumb/v7e-m/fpv4-sp/hard/libc_nano.a(lib_a-memset.o)
                              /home/svewi/opt/gnu-mcu-eclipse/arm-none-eabi-gcc/7.2.1-1.1-20180401-0515/bin/../lib/gcc/arm-none-eabi/7.2.1/../../../../arm-none-eabi/lib/thumb/v7e-m/fpv4-sp/hard/crt0.o (memset)
/home/svewi/opt/gnu-mcu-eclipse/arm-none-eabi-gcc/7.2.1-1.1-20180401-0515/bin/../lib/gcc/arm-none-eabi/7.2.1/../../../../arm-none-eabi/lib/thumb/v7e-m/fpv4-sp/hard/libnosys.a(_exit.o)
                              /home/svewi/opt/gnu-mcu-eclipse/arm-none-eabi-gcc/7.2.1-1.1-20180401-0515/bin/../lib/gcc/arm-none-eabi/7.2.1/../../../../arm-none-eabi/lib/thumb/v7e-m/fpv4-sp/hard/libc_nano.a(lib_a-exit.o) (_exit)
/home/svewi/opt/gnu-mcu-eclipse/arm-none-eabi-gcc/7.2.1-1.1-20180401-0515/bin/../lib/gcc/arm-none-eabi/7.2.1/thumb/v7e-m/fpv4-sp/hard/libgcc.a(_aeabi_ldivmod.o)
                              build/nrf52840/dk/obj/nrfx_wdt.o (__aeabi_ldivmod)
/home/svewi/opt/gnu-mcu-eclipse/arm-none-eabi-gcc/7.2.1-1.1-20180401-0515/bin/../lib/gcc/arm-none-eabi/7.2.1/thumb/v7e-m/fpv4-sp/hard/libgcc.a(_aeabi_uldivmod.o)
                              build/nrf52840/dk/obj/nrfx_wdt.o (__aeabi_uldivmod)
/home/svewi/opt/gnu-mcu-eclipse/arm-none-eabi-gcc/7.2.1-1.1-20180401-0515/bin/../lib/gcc/arm-none-eabi/7.2.1/thumb/v7e-m/fpv4-sp/hard/libgcc.a(_udivmoddi4.o)
                              /home/svewi/opt/gnu-mcu-eclipse/arm-none-eabi-gcc/7.2.1-1.1-20180401-0515/bin/../lib/gcc/arm-none-eabi/7.2.1/thumb/v7e-m/fpv4-sp/hard/libgcc.a(_aeabi_ldivmod.o) (__udivmoddi4)
/home/svewi/opt/gnu-mcu-eclipse/arm-none-eabi-gcc/7.2.1-1.1-20180401-0515/bin/../lib/gcc/arm-none-eabi/7.2.1/thumb/v7e-m/fpv4-sp/hard/libgcc.a(_dvmd_tls.o)
                              /home/svewi/opt/gnu-mcu-eclipse/arm-none-eabi-gcc/7.2.1-1.1-20180401-0515/bin/../lib/gcc/arm-none-eabi/7.2.1/thumb/v7e-m/fpv4-sp/hard/libgcc.a(_aeabi_ldivmod.o) (__aeabi_ldiv0)
/home/svewi/opt/gnu-mcu-eclipse/arm-none-eabi-gcc/7.2.1-1.1-20180401-0515/bin/../lib/gcc/arm-none-eabi/7.2.1/../../../../arm-none-eabi/lib/thumb/v7e-m/fpv4-sp/hard/libc_nano.a(lib_a-memcmp.o)
                              build/nrf52840/dk/obj/linkaddr.o (memcmp)
/home/svewi/opt/gnu-mcu-eclipse/arm-none-eabi-gcc/7.2.1-1.1-20180401-0515/bin/../lib/gcc/arm-none-eabi/7.2.1/../../../../arm-none-eabi/lib/thumb/v7e-m/fpv4-sp/hard/libc_nano.a(lib_a-memcpy-stub.o)
                              build/nrf52840/dk/obj/platform.o (memcpy)
/home/svewi/opt/gnu-mcu-eclipse/arm-none-eabi-gcc/7.2.1-1.1-20180401-0515/bin/../lib/gcc/arm-none-eabi/7.2.1/../../../../arm-none-eabi/lib/thumb/v7e-m/fpv4-sp/hard/libc_nano.a(lib_a-memmove.o)
                              build/nrf52840/dk/obj/uip-icmp6.o (memmove)
/home/svewi/opt/gnu-mcu-eclipse/arm-none-eabi-gcc/7.2.1-1.1-20180401-0515/bin/../lib/gcc/arm-none-eabi/7.2.1/../../../../arm-none-eabi/lib/thumb/v7e-m/fpv4-sp/hard/libc_nano.a(lib_a-rand.o)
                              build/nrf52840/dk/obj/random.o (srand)
/home/svewi/opt/gnu-mcu-eclipse/arm-none-eabi-gcc/7.2.1-1.1-20180401-0515/bin/../lib/gcc/arm-none-eabi/7.2.1/../../../../arm-none-eabi/lib/thumb/v7e-m/fpv4-sp/hard/libc_nano.a(lib_a-reent.o)
                              build/nrf52840/dk/obj/syscalls.o (errno)
/home/svewi/opt/gnu-mcu-eclipse/arm-none-eabi-gcc/7.2.1-1.1-20180401-0515/bin/../lib/gcc/arm-none-eabi/7.2.1/../../../../arm-none-eabi/lib/thumb/v7e-m/fpv4-sp/hard/libc_nano.a(lib_a-strcmp.o)
                              build/nrf52840/dk/obj/log.o (strcmp)
[...]
Memory Configuration

Name             Origin             Length             Attributes
FLASH            0x0000000000000000 0x0000000000100000 xr
RAM              0x0000000020000000 0x0000000000040000 xrw
*default*        0x0000000000000000 0xffffffffffffffff

Linker script and memory map

LOAD /home/svewi/opt/gnu-mcu-eclipse/arm-none-eabi-gcc/7.2.1-1.1-20180401-0515/bin/../lib/gcc/arm-none-eabi/7.2.1/thumb/v7e-m/fpv4-sp/hard/crti.o
LOAD /home/svewi/opt/gnu-mcu-eclipse/arm-none-eabi-gcc/7.2.1-1.1-20180401-0515/bin/../lib/gcc/arm-none-eabi/7.2.1/thumb/v7e-m/fpv4-sp/hard/crtbegin.o
LOAD /home/svewi/opt/gnu-mcu-eclipse/arm-none-eabi-gcc/7.2.1-1.1-20180401-0515/bin/../lib/gcc/arm-none-eabi/7.2.1/../../../../arm-none-eabi/lib/thumb/v7e-m/fpv4-sp/hard/crt0.o
LOAD /home/svewi/opt/gnu-mcu-eclipse/arm-none-eabi-gcc/7.2.1-1.1-20180401-0515/bin/../lib/gcc/arm-none-eabi/7.2.1/../../../../arm-none-eabi/lib/thumb/v7e-m/fpv4-sp/hard/libc_nano.a
LOAD /home/svewi/opt/gnu-mcu-eclipse/arm-none-eabi-gcc/7.2.1-1.1-20180401-0515/bin/../lib/gcc/arm-none-eabi/7.2.1/../../../../arm-none-eabi/lib/thumb/v7e-m/fpv4-sp/hard/libnosys.a
LOAD build/nrf52840/dk/obj/board-leds.o
LOAD build/nrf52840/dk/obj/board-buttons.o
LOAD build/nrf52840/dk/obj/nrf52840dk-sensors.o
LOAD build/nrf52840/dk/obj/platform.o
LOAD build/nrf52840/dk/obj/temperature-sensor.o
LOAD build/nrf52840/dk/obj/dbg.o
LOAD build/nrf52840/dk/obj/clock.o
LOAD build/nrf52840/dk/obj/rtimer-arch.o
LOAD build/nrf52840/dk/obj/rtimer-ext.o
LOAD build/nrf52840/dk/obj/uart0.o
LOAD build/nrf52840/dk/obj/watchdog.o
LOAD build/nrf52840/dk/obj/int-master.o
LOAD build/nrf52840/dk/obj/slip-arch.o
LOAD build/nrf52840/dk/obj/gpio-hal-arch.o
LOAD build/nrf52840/dk/obj/nrf52840-ieee.o
LOAD build/nrf52840/dk/obj/boards.o
LOAD build/nrf52840/dk/obj/app_error.o
LOAD build/nrf52840/dk/obj/app_error_handler_gcc.o
LOAD build/nrf52840/dk/obj/app_error_weak.o
LOAD build/nrf52840/dk/obj/nrf_assert.o
LOAD build/nrf52840/dk/obj/app_util_platform.o
LOAD build/nrf52840/dk/obj/nrf_queue.o
LOAD build/nrf52840/dk/obj/nrf_strerror.o
LOAD build/nrf52840/dk/obj/nrfx_clock.o
LOAD build/nrf52840/dk/obj/nrfx_rtc.o
LOAD build/nrf52840/dk/obj/nrfx_gpiote.o
LOAD build/nrf52840/dk/obj/nrfx_rng.o
LOAD build/nrf52840/dk/obj/nrfx_wdt.o
LOAD build/nrf52840/dk/obj/nrfx_power.o
LOAD build/nrf52840/dk/obj/system_nrf52840.o
LOAD build/nrf52840/dk/obj/nrf_drv_clock.o
LOAD build/nrf52840/dk/obj/nrf_drv_rng.o
LOAD build/nrf52840/dk/obj/nrf_drv_power.o
LOAD build/nrf52840/dk/obj/app_fifo.o
LOAD build/nrf52840/dk/obj/nrf_delay.o
LOAD build/nrf52840/dk/obj/gcc_startup_nrf52840.o
LOAD build/nrf52840/dk/obj/contiki-main.o
LOAD build/nrf52840/dk/obj/autostart.o
LOAD build/nrf52840/dk/obj/ctimer.o
LOAD build/nrf52840/dk/obj/atomic.o
LOAD build/nrf52840/dk/obj/log.o
LOAD build/nrf52840/dk/obj/energest.o
LOAD build/nrf52840/dk/obj/etimer.o
LOAD build/nrf52840/dk/obj/node-id.o
LOAD build/nrf52840/dk/obj/dc-stat.o
LOAD build/nrf52840/dk/obj/mutex.o
LOAD build/nrf52840/dk/obj/stimer.o
LOAD build/nrf52840/dk/obj/compower.o
LOAD build/nrf52840/dk/obj/process.o
LOAD build/nrf52840/dk/obj/rtimer.o
LOAD build/nrf52840/dk/obj/timer.o
LOAD build/nrf52840/dk/obj/stack-check.o
LOAD build/nrf52840/dk/obj/dbl-circ-list.o
LOAD build/nrf52840/dk/obj/crc16.o
LOAD build/nrf52840/dk/obj/ifft.o
LOAD build/nrf52840/dk/obj/ringbuf.o
LOAD build/nrf52840/dk/obj/ccm-star.o
LOAD build/nrf52840/dk/obj/dbl-list.o
LOAD build/nrf52840/dk/obj/ringbufindex.o
LOAD build/nrf52840/dk/obj/sensors.o
LOAD build/nrf52840/dk/obj/list.o
LOAD build/nrf52840/dk/obj/circular-list.o
LOAD build/nrf52840/dk/obj/aes-128.o
LOAD build/nrf52840/dk/obj/trickle-timer.o
LOAD build/nrf52840/dk/obj/memb.o
LOAD build/nrf52840/dk/obj/heapmem.o
LOAD build/nrf52840/dk/obj/assert.o
LOAD build/nrf52840/dk/obj/hexconv.o
LOAD build/nrf52840/dk/obj/random.o
LOAD build/nrf52840/dk/obj/debug-print.o
LOAD build/nrf52840/dk/obj/button-hal.o
LOAD build/nrf52840/dk/obj/serial-line.o
LOAD build/nrf52840/dk/obj/spi.o
LOAD build/nrf52840/dk/obj/leds.o
LOAD build/nrf52840/dk/obj/slip.o
LOAD build/nrf52840/dk/obj/nullradio.o
LOAD build/nrf52840/dk/obj/gpio-hal.o
LOAD build/nrf52840/dk/obj/queuebuf.o
LOAD build/nrf52840/dk/obj/nbr-table.o
LOAD build/nrf52840/dk/obj/packetbuf.o
LOAD build/nrf52840/dk/obj/netstack.o
LOAD build/nrf52840/dk/obj/linkaddr.o
LOAD build/nrf52840/dk/obj/net-debug.o
LOAD build/nrf52840/dk/obj/link-stats.o
LOAD build/nrf52840/dk/obj/mac-sequence.o
LOAD build/nrf52840/dk/obj/mac.o
LOAD build/nrf52840/dk/obj/frame802154e-ie.o
LOAD build/nrf52840/dk/obj/framer-802154.o
LOAD build/nrf52840/dk/obj/nullframer.o
LOAD build/nrf52840/dk/obj/frame802154.o
LOAD build/nrf52840/dk/obj/syscalls.o
LOAD build/nrf52840/dk/obj/strformat.o
LOAD build/nrf52840/dk/obj/printf.o
LOAD build/nrf52840/dk/obj/sprintf.o
LOAD build/nrf52840/dk/obj/snprintf.o
LOAD build/nrf52840/dk/obj/puts.o
LOAD build/nrf52840/dk/obj/putchar.o
LOAD build/nrf52840/dk/obj/csma-security.o
LOAD build/nrf52840/dk/obj/anti-replay.o
LOAD build/nrf52840/dk/obj/csma.o
LOAD build/nrf52840/dk/obj/csma-output.o
LOAD build/nrf52840/dk/obj/ccm-star-packetbuf.o
LOAD build/nrf52840/dk/obj/uipbuf.o
LOAD build/nrf52840/dk/obj/uip-icmp6.o
LOAD build/nrf52840/dk/obj/uip-sr.o
LOAD build/nrf52840/dk/obj/uip-ds6.o
LOAD build/nrf52840/dk/obj/uip-packetqueue.o
LOAD build/nrf52840/dk/obj/tcp-socket.o
LOAD build/nrf52840/dk/obj/uiplib.o
LOAD build/nrf52840/dk/obj/tcpip.o
LOAD build/nrf52840/dk/obj/ip64-addr.o
LOAD build/nrf52840/dk/obj/uip-udp-packet.o
LOAD build/nrf52840/dk/obj/uip-ds6-route.o
LOAD build/nrf52840/dk/obj/psock.o
LOAD build/nrf52840/dk/obj/uip6.o
LOAD build/nrf52840/dk/obj/uip-ds6-nbr.o
LOAD build/nrf52840/dk/obj/uip-nameserver.o
LOAD build/nrf52840/dk/obj/uip-nd6.o
LOAD build/nrf52840/dk/obj/udp-socket.o
LOAD build/nrf52840/dk/obj/simple-udp.o
LOAD build/nrf52840/dk/obj/sicslowpan.o
LOAD build/nrf52840/dk/obj/rpl-nbr-policy.o
LOAD build/nrf52840/dk/obj/rpl-of0.o
LOAD build/nrf52840/dk/obj/rpl-neighbor.o
LOAD build/nrf52840/dk/obj/rpl-dag.o
LOAD build/nrf52840/dk/obj/rpl-timers.o
LOAD build/nrf52840/dk/obj/rpl-ext-header.o
LOAD build/nrf52840/dk/obj/rpl.o
LOAD build/nrf52840/dk/obj/rpl-mrhof.o
LOAD build/nrf52840/dk/obj/rpl-icmp6.o
LOAD build/nrf52840/dk/obj/rpl-dag-root.o
LOAD test-blueflood.o
LOAD build/nrf52840/dk/obj/nrf-radio-driver.o
LOAD build/nrf52840/dk/obj/blueflood.o
START GROUP
END GROUP
START GROUP
LOAD /home/svewi/opt/gnu-mcu-eclipse/arm-none-eabi-gcc/7.2.1-1.1-20180401-0515/bin/../lib/gcc/arm-none-eabi/7.2.1/thumb/v7e-m/fpv4-sp/hard/libgcc.a
LOAD /home/svewi/opt/gnu-mcu-eclipse/arm-none-eabi-gcc/7.2.1-1.1-20180401-0515/bin/../lib/gcc/arm-none-eabi/7.2.1/../../../../arm-none-eabi/lib/thumb/v7e-m/fpv4-sp/hard/libc_nano.a
END GROUP
START GROUP
LOAD /home/svewi/opt/gnu-mcu-eclipse/arm-none-eabi-gcc/7.2.1-1.1-20180401-0515/bin/../lib/gcc/arm-none-eabi/7.2.1/thumb/v7e-m/fpv4-sp/hard/libgcc.a
LOAD /home/svewi/opt/gnu-mcu-eclipse/arm-none-eabi-gcc/7.2.1-1.1-20180401-0515/bin/../lib/gcc/arm-none-eabi/7.2.1/../../../../arm-none-eabi/lib/thumb/v7e-m/fpv4-sp/hard/libc_nano.a
END GROUP
LOAD /home/svewi/opt/gnu-mcu-eclipse/arm-none-eabi-gcc/7.2.1-1.1-20180401-0515/bin/../lib/gcc/arm-none-eabi/7.2.1/thumb/v7e-m/fpv4-sp/hard/crtend.o
LOAD /home/svewi/opt/gnu-mcu-eclipse/arm-none-eabi-gcc/7.2.1-1.1-20180401-0515/bin/../lib/gcc/arm-none-eabi/7.2.1/thumb/v7e-m/fpv4-sp/hard/crtn.o
START GROUP
LOAD /home/svewi/opt/gnu-mcu-eclipse/arm-none-eabi-gcc/7.2.1-1.1-20180401-0515/bin/../lib/gcc/arm-none-eabi/7.2.1/thumb/v7e-m/fpv4-sp/hard/libgcc.a
LOAD /home/svewi/opt/gnu-mcu-eclipse/arm-none-eabi-gcc/7.2.1-1.1-20180401-0515/bin/../lib/gcc/arm-none-eabi/7.2.1/../../../../arm-none-eabi/lib/thumb/v7e-m/fpv4-sp/hard/libc.a
LOAD /home/svewi/opt/gnu-mcu-eclipse/arm-none-eabi-gcc/7.2.1-1.1-20180401-0515/bin/../lib/gcc/arm-none-eabi/7.2.1/../../../../arm-none-eabi/lib/thumb/v7e-m/fpv4-sp/hard/libnosys.a
END GROUP

.text           0x0000000000000000     0xcd54
 *(SORT_BY_ALIGNMENT(.isr_vector))
 .isr_vector    0x0000000000000000      0x200 build/nrf52840/dk/obj/gcc_startup_nrf52840.o
                0x0000000000000000                __isr_vector
 *(SORT_BY_ALIGNMENT(.text*))
 .text.deregister_tm_clones
                0x0000000000000200       0x1c /home/svewi/opt/gnu-mcu-eclipse/arm-none-eabi-gcc/7.2.1-1.1-20180401-0515/bin/../lib/gcc/arm-none-eabi/7.2.1/thumb/v7e-m/fpv4-sp/hard/crtbegin.o
 .text.register_tm_clones
                0x000000000000021c       0x24 /home/svewi/opt/gnu-mcu-eclipse/arm-none-eabi-gcc/7.2.1-1.1-20180401-0515/bin/../lib/gcc/arm-none-eabi/7.2.1/thumb/v7e-m/fpv4-sp/hard/crtbegin.o
 .text.__do_global_dtors_aux
                0x0000000000000240       0x28 /home/svewi/opt/gnu-mcu-eclipse/arm-none-eabi-gcc/7.2.1-1.1-20180401-0515/bin/../lib/gcc/arm-none-eabi/7.2.1/thumb/v7e-m/fpv4-sp/hard/crtbegin.o
 .text.frame_dummy
                0x0000000000000268       0x24 /home/svewi/opt/gnu-mcu-eclipse/arm-none-eabi-gcc/7.2.1-1.1-20180401-0515/bin/../lib/gcc/arm-none-eabi/7.2.1/thumb/v7e-m/fpv4-sp/hard/crtbegin.o
 .text          0x000000000000028c       0x74 /home/svewi/opt/gnu-mcu-eclipse/arm-none-eabi-gcc/7.2.1-1.1-20180401-0515/bin/../lib/gcc/arm-none-eabi/7.2.1/../../../../arm-none-eabi/lib/thumb/v7e-m/fpv4-sp/hard/crt0.o
                0x000000000000028c                _mainCRTStartup
                0x000000000000028c                _start
 .text.exit     0x0000000000000300       0x28 /home/svewi/opt/gnu-mcu-eclipse/arm-none-eabi-gcc/7.2.1-1.1-20180401-0515/bin/../lib/gcc/arm-none-eabi/7.2.1/../../../../arm-none-eabi/lib/thumb/v7e-m/fpv4-sp/hard/libc_nano.a(lib_a-exit.o)
                0x0000000000000300                exit
 .text.__libc_init_array
                0x0000000000000328       0x48 /home/svewi/opt/gnu-mcu-eclipse/arm-none-eabi-gcc/7.2.1-1.1-20180401-0515/bin/../lib/gcc/arm-none-eabi/7.2.1/../../../../arm-none-eabi/lib/thumb/v7e-m/fpv4-sp/hard/libc_nano.a(lib_a-init.o)
                0x0000000000000328                __libc_init_array
 .text._exit    0x0000000000000370        0x4 /home/svewi/opt/gnu-mcu-eclipse/arm-none-eabi-gcc/7.2.1-1.1-20180401-0515/bin/../lib/gcc/arm-none-eabi/7.2.1/../../../../arm-none-eabi/lib/thumb/v7e-m/fpv4-sp/hard/libnosys.a(_exit.o)
                0x0000000000000370                _exit
 .text.platform_init_stage_one
                0x0000000000000374       0x10 build/nrf52840/dk/obj/platform.o
                0x0000000000000374                platform_init_stage_one
 .text.platform_init_stage_two
                0x0000000000000384       0x58 build/nrf52840/dk/obj/platform.o
                0x0000000000000384                platform_init_stage_two
 .text.platform_init_stage_three
                0x00000000000003dc        0xc build/nrf52840/dk/obj/platform.o
                0x00000000000003dc                platform_init_stage_three
 .text.platform_idle
                0x00000000000003e8       0x24 build/nrf52840/dk/obj/platform.o
                0x00000000000003e8                platform_idle
 .text.configure
                0x000000000000040c       0x14 build/nrf52840/dk/obj/temperature-sensor.o
 .text.status   0x0000000000000420        0x4 build/nrf52840/dk/obj/temperature-sensor.o
 .text.value    0x0000000000000424       0x54 build/nrf52840/dk/obj/temperature-sensor.o
 .text.dbg_send_bytes
                0x0000000000000478       0x34 build/nrf52840/dk/obj/dbg.o
                0x0000000000000478                dbg_send_bytes
 .text.clock_init
                0x00000000000004ac       0x60 build/nrf52840/dk/obj/clock.o
                0x00000000000004ac                clock_init
 .text.clock_time
                0x000000000000050c        0xc build/nrf52840/dk/obj/clock.o
                0x000000000000050c                clock_time
 .text.clock_update
                0x0000000000000518       0x20 build/nrf52840/dk/obj/clock.o
                0x0000000000000518                clock_update
 .text.rtc_handler
                0x0000000000000538        0xc build/nrf52840/dk/obj/clock.o
 .text.clock_seconds
                0x0000000000000544        0xc build/nrf52840/dk/obj/clock.o
                0x0000000000000544                clock_seconds
 .text.rtimer_arch_init
                0x0000000000000550       0x5c build/nrf52840/dk/obj/rtimer-arch.o
                0x0000000000000550                rtimer_arch_init
 .text.rtimer_arch_now
                0x00000000000005ac       0x10 build/nrf52840/dk/obj/rtimer-arch.o
                0x00000000000005ac                rtimer_arch_now
 .text.rtimer_ext_now_hf
                0x00000000000005bc       0x74 build/nrf52840/dk/obj/rtimer-ext.o
                0x00000000000005bc                rtimer_ext_now_hf
 .text.TIMER1_IRQHandler
                0x0000000000000630       0xb4 build/nrf52840/dk/obj/rtimer-ext.o
                0x0000000000000630                TIMER1_IRQHandler
 .text.rtimer_ext_now_lf
                0x00000000000006e4       0x70 build/nrf52840/dk/obj/rtimer-ext.o
                0x00000000000006e4                rtimer_ext_now_lf
 .text.RTC1_IRQHandler
                0x0000000000000754       0xc0 build/nrf52840/dk/obj/rtimer-ext.o
                0x0000000000000754                RTC1_IRQHandler
 .text.uart0_writeb
                0x0000000000000814       0x28 build/nrf52840/dk/obj/uart0.o
                0x0000000000000814                uart0_writeb
 .text.uart0_init
                0x000000000000083c       0x64 build/nrf52840/dk/obj/uart0.o
                0x000000000000083c                uart0_init
 .text.UARTE0_UART0_IRQHandler
                0x00000000000008a0       0x2c build/nrf52840/dk/obj/uart0.o
                0x00000000000008a0                UARTE0_UART0_IRQHandler
 .text.wdt_event_handler
                0x00000000000008cc       0x14 build/nrf52840/dk/obj/watchdog.o
 .text.watchdog_init
                0x00000000000008e0       0x48 build/nrf52840/dk/obj/watchdog.o
                0x00000000000008e0                watchdog_init
 .text.watchdog_start
                0x0000000000000928       0x10 build/nrf52840/dk/obj/watchdog.o
                0x0000000000000928                watchdog_start
 .text.watchdog_periodic
                0x0000000000000938       0x18 build/nrf52840/dk/obj/watchdog.o
                0x0000000000000938                watchdog_periodic
 .text.int_master_read_and_disable
                0x0000000000000950        0x8 build/nrf52840/dk/obj/int-master.o
                0x0000000000000950                int_master_read_and_disable
 .text.int_master_status_set
                0x0000000000000958        0x8 build/nrf52840/dk/obj/int-master.o
                0x0000000000000958                int_master_status_set
 .text.pin_event_handler
                0x0000000000000960       0x10 build/nrf52840/dk/obj/gpio-hal-arch.o
 .text.gpio_hal_arch_init
                0x0000000000000970       0x14 build/nrf52840/dk/obj/gpio-hal-arch.o
                0x0000000000000970                gpio_hal_arch_init
 .text.gpio_hal_arch_port_pin_cfg_set
                0x0000000000000984       0x84 build/nrf52840/dk/obj/gpio-hal-arch.o
                0x0000000000000984                gpio_hal_arch_port_pin_cfg_set
 .text.gpio_hal_arch_port_read_pin
                0x0000000000000a08       0x28 build/nrf52840/dk/obj/gpio-hal-arch.o
                0x0000000000000a08                gpio_hal_arch_port_read_pin
 .text.off      0x0000000000000a30       0x10 build/nrf52840/dk/obj/nrf52840-ieee.o
 .text.get_value
                0x0000000000000a40      0x130 build/nrf52840/dk/obj/nrf52840-ieee.o
 .text.set_object
                0x0000000000000b70        0x4 build/nrf52840/dk/obj/nrf52840-ieee.o
 .text.setup_interrupts
                0x0000000000000b74       0x94 build/nrf52840/dk/obj/nrf52840-ieee.o
 .text.receiving_packet
                0x0000000000000c08       0x64 build/nrf52840/dk/obj/nrf52840-ieee.o
 .text.get_object
                0x0000000000000c6c       0x20 build/nrf52840/dk/obj/nrf52840-ieee.o
 .text.enter_rx
                0x0000000000000c8c       0x90 build/nrf52840/dk/obj/nrf52840-ieee.o
 .text.read_frame
                0x0000000000000d1c       0xe4 build/nrf52840/dk/obj/nrf52840-ieee.o
 .text.process_thread_nrf52840_ieee_rf_process
                0x0000000000000e00       0x74 build/nrf52840/dk/obj/nrf52840-ieee.o
 .text.prepare  0x0000000000000e74       0x48 build/nrf52840/dk/obj/nrf52840-ieee.o
 .text.configure
                0x0000000000000ebc       0xa8 build/nrf52840/dk/obj/nrf52840-ieee.o
 .text.on       0x0000000000000f64       0x20 build/nrf52840/dk/obj/nrf52840-ieee.o
 .text.channel_clear
                0x0000000000000f84       0x5c build/nrf52840/dk/obj/nrf52840-ieee.o
 .text.set_value
                0x0000000000000fe0       0xd0 build/nrf52840/dk/obj/nrf52840-ieee.o
 .text.transmit
                0x00000000000010b0       0xd4 build/nrf52840/dk/obj/nrf52840-ieee.o
 .text.send     0x0000000000001184       0x14 build/nrf52840/dk/obj/nrf52840-ieee.o
 .text.init     0x0000000000001198       0x8c build/nrf52840/dk/obj/nrf52840-ieee.o
 .text.pending_packet
                0x0000000000001224       0x28 build/nrf52840/dk/obj/nrf52840-ieee.o
 .text.app_error_handler_bare
                0x000000000000124c       0x20 build/nrf52840/dk/obj/app_error.o
                0x000000000000124c                app_error_handler_bare
 .text.app_error_fault_handler
                0x000000000000126c       0x34 build/nrf52840/dk/obj/app_error_weak.o
                0x000000000000126c                app_error_fault_handler
 .text.app_util_critical_region_enter
                0x00000000000012a0       0x10 build/nrf52840/dk/obj/app_util_platform.o
                0x00000000000012a0                app_util_critical_region_enter
 .text.app_util_critical_region_exit
                0x00000000000012b0       0x14 build/nrf52840/dk/obj/app_util_platform.o
                0x00000000000012b0                app_util_critical_region_exit
 .text.nrfx_clock_init
                0x00000000000012c4       0x1c build/nrf52840/dk/obj/nrfx_clock.o
                0x00000000000012c4                nrfx_clock_init
 .text.nrfx_clock_enable
                0x00000000000012e0       0x2c build/nrf52840/dk/obj/nrfx_clock.o
                0x00000000000012e0                nrfx_clock_enable
 .text.nrfx_clock_lfclk_start
                0x000000000000130c       0x30 build/nrf52840/dk/obj/nrfx_clock.o
                0x000000000000130c                nrfx_clock_lfclk_start
 .text.nrfx_clock_hfclk_start
                0x000000000000133c       0x24 build/nrf52840/dk/obj/nrfx_clock.o
                0x000000000000133c                nrfx_clock_hfclk_start
 .text.nrfx_clock_irq_handler
                0x0000000000001360       0x64 build/nrf52840/dk/obj/nrfx_clock.o
                0x0000000000001360                nrfx_clock_irq_handler
 .text.nrfx_rtc_init
                0x00000000000013c4       0x8c build/nrf52840/dk/obj/nrfx_rtc.o
                0x00000000000013c4                nrfx_rtc_init
 .text.nrfx_rtc_enable
                0x0000000000001450       0x18 build/nrf52840/dk/obj/nrfx_rtc.o
                0x0000000000001450                nrfx_rtc_enable
 .text.nrfx_rtc_tick_enable
                0x0000000000001468       0x2c build/nrf52840/dk/obj/nrfx_rtc.o
                0x0000000000001468                nrfx_rtc_tick_enable
 .text.RTC0_IRQHandler
                0x0000000000001494       0xb4 build/nrf52840/dk/obj/nrfx_rtc.o
                0x0000000000001494                RTC0_IRQHandler
 .text.nrfx_gpiote_init
                0x0000000000001548       0x94 build/nrf52840/dk/obj/nrfx_gpiote.o
                0x0000000000001548                nrfx_gpiote_init
 .text.nrfx_gpiote_is_init
                0x00000000000015dc       0x14 build/nrf52840/dk/obj/nrfx_gpiote.o
                0x00000000000015dc                nrfx_gpiote_is_init
 .text.nrfx_gpiote_in_init
                0x00000000000015f0      0x138 build/nrf52840/dk/obj/nrfx_gpiote.o
                0x00000000000015f0                nrfx_gpiote_in_init
 .text.nrfx_gpiote_in_event_enable
                0x0000000000001728       0xf8 build/nrf52840/dk/obj/nrfx_gpiote.o
                0x0000000000001728                nrfx_gpiote_in_event_enable
 .text.nrfx_gpiote_in_event_disable
                0x0000000000001820       0x74 build/nrf52840/dk/obj/nrfx_gpiote.o
                0x0000000000001820                nrfx_gpiote_in_event_disable
 .text.GPIOTE_IRQHandler
                0x0000000000001894      0x1e8 build/nrf52840/dk/obj/nrfx_gpiote.o
                0x0000000000001894                GPIOTE_IRQHandler
 .text.RNG_IRQHandler
                0x0000000000001a7c       0x2c build/nrf52840/dk/obj/nrfx_rng.o
                0x0000000000001a7c                RNG_IRQHandler
 .text.WDT_IRQHandler
                0x0000000000001aa8       0x28 build/nrf52840/dk/obj/nrfx_wdt.o
                0x0000000000001aa8                WDT_IRQHandler
 .text.nrfx_wdt_init
                0x0000000000001ad0       0x58 build/nrf52840/dk/obj/nrfx_wdt.o
                0x0000000000001ad0                nrfx_wdt_init
 .text.nrfx_wdt_enable
                0x0000000000001b28       0x1c build/nrf52840/dk/obj/nrfx_wdt.o
                0x0000000000001b28                nrfx_wdt_enable
 .text.nrfx_wdt_channel_alloc
                0x0000000000001b44       0x48 build/nrf52840/dk/obj/nrfx_wdt.o
                0x0000000000001b44                nrfx_wdt_channel_alloc
 .text.nrfx_wdt_channel_feed
                0x0000000000001b8c       0x18 build/nrf52840/dk/obj/nrfx_wdt.o
                0x0000000000001b8c                nrfx_wdt_channel_feed
 .text.nrfx_power_irq_handler
                0x0000000000001ba4       0xec build/nrf52840/dk/obj/nrfx_power.o
                0x0000000000001ba4                nrfx_power_irq_handler
 .text.POWER_CLOCK_IRQHandler
                0x0000000000001c90       0x10 build/nrf52840/dk/obj/nrfx_power.o
                0x0000000000001c90                POWER_CLOCK_IRQHandler
 .text.SystemInit
                0x0000000000001ca0      0x1c4 build/nrf52840/dk/obj/system_nrf52840.o
                0x0000000000001ca0                SystemInit
 .text.clock_irq_handler
                0x0000000000001e64       0x44 build/nrf52840/dk/obj/nrf_drv_clock.o
 .text.nrf_drv_clock_init
                0x0000000000001ea8       0x34 build/nrf52840/dk/obj/nrf_drv_clock.o
                0x0000000000001ea8                nrf_drv_clock_init
 .text.nrf_drv_clock_lfclk_request
                0x0000000000001edc       0x5c build/nrf52840/dk/obj/nrf_drv_clock.o
                0x0000000000001edc                nrf_drv_clock_lfclk_request
 .text.nrf_delay_ms
                0x0000000000001f38       0x20 build/nrf52840/dk/obj/nrf_delay.o
                0x0000000000001f38                nrf_delay_ms
 .text          0x0000000000001f58       0x3c build/nrf52840/dk/obj/gcc_startup_nrf52840.o
                0x0000000000001f58                Reset_Handler
                0x0000000000001f80                NMI_Handler
                0x0000000000001f82                HardFault_Handler
                0x0000000000001f84                MemoryManagement_Handler
                0x0000000000001f86                BusFault_Handler
                0x0000000000001f88                UsageFault_Handler
                0x0000000000001f8a                SVC_Handler
                0x0000000000001f8c                DebugMon_Handler
                0x0000000000001f8e                PendSV_Handler
                0x0000000000001f90                SysTick_Handler
                0x0000000000001f92                TIMER2_IRQHandler
                0x0000000000001f92                SWI0_EGU0_IRQHandler
                0x0000000000001f92                SWI2_EGU2_IRQHandler
                0x0000000000001f92                PWM1_IRQHandler
                0x0000000000001f92                RADIO_IRQHandler
                0x0000000000001f92                PDM_IRQHandler
                0x0000000000001f92                TEMP_IRQHandler
                0x0000000000001f92                QDEC_IRQHandler
                0x0000000000001f92                TIMER3_IRQHandler
                0x0000000000001f92                PWM3_IRQHandler
                0x0000000000001f92                FPU_IRQHandler
                0x0000000000001f92                USBD_IRQHandler
                0x0000000000001f92                SPIM0_SPIS0_TWIM0_TWIS0_SPI0_TWI0_IRQHandler
                0x0000000000001f92                TIMER4_IRQHandler
                0x0000000000001f92                CRYPTOCELL_IRQHandler
                0x0000000000001f92                I2S_IRQHandler
                0x0000000000001f92                SWI4_EGU4_IRQHandler
                0x0000000000001f92                TIMER0_IRQHandler
                0x0000000000001f92                UARTE1_IRQHandler
                0x0000000000001f92                SPIM3_IRQHandler
                0x0000000000001f92                PWM2_IRQHandler
                0x0000000000001f92                ECB_IRQHandler
                0x0000000000001f92                SPIM1_SPIS1_TWIM1_TWIS1_SPI1_TWI1_IRQHandler
                0x0000000000001f92                Default_Handler
                0x0000000000001f92                SAADC_IRQHandler
                0x0000000000001f92                CCM_AAR_IRQHandler
                0x0000000000001f92                SWI5_EGU5_IRQHandler
                0x0000000000001f92                PWM0_IRQHandler
                0x0000000000001f92                SWI3_EGU3_IRQHandler
                0x0000000000001f92                SWI1_EGU1_IRQHandler
                0x0000000000001f92                SPIM2_SPIS2_SPI2_IRQHandler
                0x0000000000001f92                NFCT_IRQHandler
                0x0000000000001f92                MWU_IRQHandler
                0x0000000000001f92                QSPI_IRQHandler
                0x0000000000001f92                COMP_LPCOMP_IRQHandler
 .text.startup.main
                0x0000000000001f94      0x1f8 build/nrf52840/dk/obj/contiki-main.o
                0x0000000000001f94                main
 .text.autostart_start
                0x000000000000218c       0x18 build/nrf52840/dk/obj/autostart.o
                0x000000000000218c                autostart_start
 .text.process_thread_ctimer_process
                0x00000000000021a4       0x94 build/nrf52840/dk/obj/ctimer.o
 .text.ctimer_init
                0x0000000000002238       0x28 build/nrf52840/dk/obj/ctimer.o
                0x0000000000002238                ctimer_init
 .text.ctimer_set_with_process
                0x0000000000002260       0x4c build/nrf52840/dk/obj/ctimer.o
                0x0000000000002260                ctimer_set_with_process
 .text.ctimer_set
                0x00000000000022ac       0x18 build/nrf52840/dk/obj/ctimer.o
                0x00000000000022ac                ctimer_set
 .text.ctimer_reset
                0x00000000000022c4       0x38 build/nrf52840/dk/obj/ctimer.o
                0x00000000000022c4                ctimer_reset
 .text.ctimer_stop
                0x00000000000022fc       0x34 build/nrf52840/dk/obj/ctimer.o
                0x00000000000022fc                ctimer_stop
 .text.ctimer_expired
                0x0000000000002330       0x3c build/nrf52840/dk/obj/ctimer.o
                0x0000000000002330                ctimer_expired
 .text.log_6addr
                0x000000000000236c       0x20 build/nrf52840/dk/obj/log.o
                0x000000000000236c                log_6addr
 .text.log_lladdr
                0x000000000000238c       0x54 build/nrf52840/dk/obj/log.o
                0x000000000000238c                log_lladdr
 .text.energest_init
                0x00000000000023e0        0x4 build/nrf52840/dk/obj/energest.o
                0x00000000000023e0                energest_init
 .text.update_time.part.0
                0x00000000000023e4       0x3c build/nrf52840/dk/obj/etimer.o
 .text.process_thread_etimer_process
                0x0000000000002420       0xdc build/nrf52840/dk/obj/etimer.o
 .text.add_timer
                0x00000000000024fc       0x54 build/nrf52840/dk/obj/etimer.o
 .text.etimer_request_poll
                0x0000000000002550        0xc build/nrf52840/dk/obj/etimer.o
                0x0000000000002550                etimer_request_poll
 .text.etimer_set
                0x000000000000255c       0x14 build/nrf52840/dk/obj/etimer.o
                0x000000000000255c                etimer_set
 .text.etimer_reset
                0x0000000000002570       0x14 build/nrf52840/dk/obj/etimer.o
                0x0000000000002570                etimer_reset
 .text.etimer_expired
                0x0000000000002584        0xc build/nrf52840/dk/obj/etimer.o
                0x0000000000002584                etimer_expired
 .text.etimer_pending
                0x0000000000002590       0x10 build/nrf52840/dk/obj/etimer.o
                0x0000000000002590                etimer_pending
 .text.etimer_stop
                0x00000000000025a0       0x50 build/nrf52840/dk/obj/etimer.o
                0x00000000000025a0                etimer_stop
 .text.node_id_init
                0x00000000000025f0       0x18 build/nrf52840/dk/obj/node-id.o
                0x00000000000025f0                node_id_init
 .text.stimer_set
                0x0000000000002608       0x10 build/nrf52840/dk/obj/stimer.o
                0x0000000000002608                stimer_set
 .text.stimer_expired
                0x0000000000002618       0x20 build/nrf52840/dk/obj/stimer.o
                0x0000000000002618                stimer_expired
 .text.exit_process
                0x0000000000002638       0xa4 build/nrf52840/dk/obj/process.o
 .text.call_process.part.0
                0x00000000000026dc       0x38 build/nrf52840/dk/obj/process.o
 .text.do_poll  0x0000000000002714       0x38 build/nrf52840/dk/obj/process.o
 .text.process_alloc_event
                0x000000000000274c       0x10 build/nrf52840/dk/obj/process.o
                0x000000000000274c                process_alloc_event
 .text.process_start
                0x000000000000275c       0x44 build/nrf52840/dk/obj/process.o
                0x000000000000275c                process_start
 .text.process_init
                0x00000000000027a0       0x34 build/nrf52840/dk/obj/process.o
                0x00000000000027a0                process_init
 .text.process_run
                0x00000000000027d4       0xa4 build/nrf52840/dk/obj/process.o
                0x00000000000027d4                process_run
 .text.process_nevents
                0x0000000000002878       0x14 build/nrf52840/dk/obj/process.o
                0x0000000000002878                process_nevents
 .text.process_post
                0x000000000000288c       0x40 build/nrf52840/dk/obj/process.o
                0x000000000000288c                process_post
 .text.process_post_synch
                0x00000000000028cc       0x18 build/nrf52840/dk/obj/process.o
                0x00000000000028cc                process_post_synch
 .text.process_poll
                0x00000000000028e4       0x1c build/nrf52840/dk/obj/process.o
                0x00000000000028e4                process_poll
 .text.rtimer_init
                0x0000000000002900        0x4 build/nrf52840/dk/obj/rtimer.o
                0x0000000000002900                rtimer_init
 .text.timer_set
                0x0000000000002904       0x10 build/nrf52840/dk/obj/timer.o
                0x0000000000002904                timer_set
 .text.timer_reset
                0x0000000000002914       0x1c build/nrf52840/dk/obj/timer.o
                0x0000000000002914                timer_reset
 .text.timer_expired
                0x0000000000002930       0x1c build/nrf52840/dk/obj/timer.o
                0x0000000000002930                timer_expired
 .text.stack_check_init
                0x000000000000294c       0x2c build/nrf52840/dk/obj/stack-check.o
                0x000000000000294c                stack_check_init
 .text.stack_check_get_usage
                0x0000000000002978       0x54 build/nrf52840/dk/obj/stack-check.o
                0x0000000000002978                stack_check_get_usage
 .text.process_thread_stack_check_process
                0x00000000000029cc       0xb0 build/nrf52840/dk/obj/stack-check.o
 .text.ringbuf_init
                0x0000000000002a7c       0x10 build/nrf52840/dk/obj/ringbuf.o
                0x0000000000002a7c                ringbuf_init
 .text.ringbuf_get
                0x0000000000002a8c       0x28 build/nrf52840/dk/obj/ringbuf.o
                0x0000000000002a8c                ringbuf_get
 .text.process_thread_sensors_process
                0x0000000000002ab4       0xf0 build/nrf52840/dk/obj/sensors.o
 .text.list_init
                0x0000000000002ba4        0x8 build/nrf52840/dk/obj/list.o
                0x0000000000002ba4                list_init
 .text.list_head
                0x0000000000002bac        0x4 build/nrf52840/dk/obj/list.o
                0x0000000000002bac                list_head
 .text.list_add
                0x0000000000002bb0       0x50 build/nrf52840/dk/obj/list.o
                0x0000000000002bb0                list_add
 .text.list_push
                0x0000000000002c00       0x40 build/nrf52840/dk/obj/list.o
                0x0000000000002c00                list_push
 .text.list_remove
                0x0000000000002c40       0x3c build/nrf52840/dk/obj/list.o
                0x0000000000002c40                list_remove
 .text.list_length
                0x0000000000002c7c       0x14 build/nrf52840/dk/obj/list.o
                0x0000000000002c7c                list_length
 .text.list_item_next
                0x0000000000002c90        0x8 build/nrf52840/dk/obj/list.o
                0x0000000000002c90                list_item_next
 .text.memb_init
                0x0000000000002c98       0x24 build/nrf52840/dk/obj/memb.o
                0x0000000000002c98                memb_init
 .text.memb_alloc
                0x0000000000002cbc       0x3c build/nrf52840/dk/obj/memb.o
                0x0000000000002cbc                memb_alloc
 .text.memb_free
                0x0000000000002cf8       0x38 build/nrf52840/dk/obj/memb.o
                0x0000000000002cf8                memb_free
 .text.memb_inmemb
                0x0000000000002d30       0x1c build/nrf52840/dk/obj/memb.o
                0x0000000000002d30                memb_inmemb
 .text.memb_numfree
                0x0000000000002d4c       0x1c build/nrf52840/dk/obj/memb.o
                0x0000000000002d4c                memb_numfree
 .text.random_rand
                0x0000000000002d68        0xc build/nrf52840/dk/obj/random.o
                0x0000000000002d68                random_rand
 .text.random_init
                0x0000000000002d74       0x44 build/nrf52840/dk/obj/random.o
                0x0000000000002d74                random_init
 .text.duration_exceeded_callback
                0x0000000000002db8       0x34 build/nrf52840/dk/obj/button-hal.o
 .text.process_thread_button_hal_process
                0x0000000000002dec       0xa4 build/nrf52840/dk/obj/button-hal.o
 .text.press_release_handler
                0x0000000000002e90       0x30 build/nrf52840/dk/obj/button-hal.o
 .text.button_hal_get_state
                0x0000000000002ec0       0x28 build/nrf52840/dk/obj/button-hal.o
                0x0000000000002ec0                button_hal_get_state
 .text.debounce_handler
                0x0000000000002ee8       0x74 build/nrf52840/dk/obj/button-hal.o
 .text.button_hal_init
                0x0000000000002f5c       0xec build/nrf52840/dk/obj/button-hal.o
                0x0000000000002f5c                button_hal_init
 .text.process_thread_serial_line_process
                0x0000000000003048       0xa8 build/nrf52840/dk/obj/serial-line.o
 .text.serial_line_init
                0x00000000000030f0       0x24 build/nrf52840/dk/obj/serial-line.o
                0x00000000000030f0                serial_line_init
 .text.leds_off
                0x0000000000003114       0x68 build/nrf52840/dk/obj/leds.o
                0x0000000000003114                leds_off
 .text.leds_init
                0x000000000000317c       0x44 build/nrf52840/dk/obj/leds.o
                0x000000000000317c                leds_init
 .text.gpio_hal_register_handler
                0x00000000000031c0        0xc build/nrf52840/dk/obj/gpio-hal.o
                0x00000000000031c0                gpio_hal_register_handler
 .text.gpio_hal_event_handler
                0x00000000000031cc       0x38 build/nrf52840/dk/obj/gpio-hal.o
                0x00000000000031cc                gpio_hal_event_handler
 .text.gpio_hal_init
                0x0000000000003204       0x14 build/nrf52840/dk/obj/gpio-hal.o
                0x0000000000003204                gpio_hal_init
 .text.queuebuf_init
                0x0000000000003218       0x1c build/nrf52840/dk/obj/queuebuf.o
                0x0000000000003218                queuebuf_init
 .text.queuebuf_numfree
                0x0000000000003234        0xc build/nrf52840/dk/obj/queuebuf.o
                0x0000000000003234                queuebuf_numfree
 .text.queuebuf_new_from_packetbuf
                0x0000000000003240       0x44 build/nrf52840/dk/obj/queuebuf.o
                0x0000000000003240                queuebuf_new_from_packetbuf
 .text.queuebuf_update_attr_from_packetbuf
                0x0000000000003284        0xc build/nrf52840/dk/obj/queuebuf.o
                0x0000000000003284                queuebuf_update_attr_from_packetbuf
 .text.queuebuf_free
                0x0000000000003290       0x2c build/nrf52840/dk/obj/queuebuf.o
                0x0000000000003290                queuebuf_free
 .text.queuebuf_to_packetbuf
                0x00000000000032bc       0x30 build/nrf52840/dk/obj/queuebuf.o
                0x00000000000032bc                queuebuf_to_packetbuf
 .text.index_from_lladdr
                0x00000000000032ec       0x50 build/nrf52840/dk/obj/nbr-table.o
 .text.remove_key
                0x000000000000333c       0xa8 build/nrf52840/dk/obj/nbr-table.o
 .text.nbr_table_register
                0x00000000000033e4       0x44 build/nrf52840/dk/obj/nbr-table.o
                0x00000000000033e4                nbr_table_register
 .text.nbr_table_next
                0x0000000000003428       0x70 build/nrf52840/dk/obj/nbr-table.o
                0x0000000000003428                nbr_table_next
 .text.nbr_table_head
                0x0000000000003498       0x58 build/nrf52840/dk/obj/nbr-table.o
                0x0000000000003498                nbr_table_head
 .text.nbr_table_get_from_lladdr
                0x00000000000034f0       0x38 build/nrf52840/dk/obj/nbr-table.o
                0x00000000000034f0                nbr_table_get_from_lladdr
 .text.entry_is_allowed.isra.2
                0x0000000000003528       0x94 build/nrf52840/dk/obj/nbr-table.o
 .text.nbr_table_add_lladdr
                0x00000000000035bc       0xf0 build/nrf52840/dk/obj/nbr-table.o
                0x00000000000035bc                nbr_table_add_lladdr
 .text.nbr_table_remove
                0x00000000000036ac       0x5c build/nrf52840/dk/obj/nbr-table.o
                0x00000000000036ac                nbr_table_remove
 .text.nbr_table_lock
                0x0000000000003708       0x34 build/nrf52840/dk/obj/nbr-table.o
                0x0000000000003708                nbr_table_lock
 .text.nbr_table_unlock
                0x000000000000373c       0x38 build/nrf52840/dk/obj/nbr-table.o
                0x000000000000373c                nbr_table_unlock
 .text.nbr_table_get_lladdr
                0x0000000000003774       0x30 build/nrf52840/dk/obj/nbr-table.o
                0x0000000000003774                nbr_table_get_lladdr
 .text.packetbuf_copyto
                0x00000000000037a4       0x4c build/nrf52840/dk/obj/packetbuf.o
                0x00000000000037a4                packetbuf_copyto
 .text.packetbuf_hdralloc
                0x00000000000037f0       0x60 build/nrf52840/dk/obj/packetbuf.o
                0x00000000000037f0                packetbuf_hdralloc
 .text.packetbuf_hdrreduce
                0x0000000000003850       0x2c build/nrf52840/dk/obj/packetbuf.o
                0x0000000000003850                packetbuf_hdrreduce
 .text.packetbuf_set_datalen
                0x000000000000387c        0xc build/nrf52840/dk/obj/packetbuf.o
                0x000000000000387c                packetbuf_set_datalen
 .text.packetbuf_dataptr
                0x0000000000003888       0x20 build/nrf52840/dk/obj/packetbuf.o
                0x0000000000003888                packetbuf_dataptr
 .text.packetbuf_hdrptr
                0x00000000000038a8        0x8 build/nrf52840/dk/obj/packetbuf.o
                0x00000000000038a8                packetbuf_hdrptr
 .text.packetbuf_datalen
                0x00000000000038b0        0xc build/nrf52840/dk/obj/packetbuf.o
                0x00000000000038b0                packetbuf_datalen
 .text.packetbuf_totlen
                0x00000000000038bc       0x24 build/nrf52840/dk/obj/packetbuf.o
                0x00000000000038bc                packetbuf_totlen
 .text.packetbuf_attr_clear
                0x00000000000038e0       0x34 build/nrf52840/dk/obj/packetbuf.o
                0x00000000000038e0                packetbuf_attr_clear
 .text.packetbuf_clear
                0x0000000000003914       0x20 build/nrf52840/dk/obj/packetbuf.o
                0x0000000000003914                packetbuf_clear
 .text.packetbuf_copyfrom
                0x0000000000003934       0x40 build/nrf52840/dk/obj/packetbuf.o
                0x0000000000003934                packetbuf_copyfrom
 .text.packetbuf_attr_copyto
                0x0000000000003974       0x24 build/nrf52840/dk/obj/packetbuf.o
                0x0000000000003974                packetbuf_attr_copyto
 .text.packetbuf_attr_copyfrom
                0x0000000000003998       0x24 build/nrf52840/dk/obj/packetbuf.o
                0x0000000000003998                packetbuf_attr_copyfrom
 .text.packetbuf_set_attr
                0x00000000000039bc       0x10 build/nrf52840/dk/obj/packetbuf.o
                0x00000000000039bc                packetbuf_set_attr
 .text.packetbuf_attr
                0x00000000000039cc        0xc build/nrf52840/dk/obj/packetbuf.o
                0x00000000000039cc                packetbuf_attr
 .text.packetbuf_set_addr
                0x00000000000039d8       0x18 build/nrf52840/dk/obj/packetbuf.o
                0x00000000000039d8                packetbuf_set_addr
 .text.packetbuf_addr
                0x00000000000039f0       0x10 build/nrf52840/dk/obj/packetbuf.o
                0x00000000000039f0                packetbuf_addr
 .text.packetbuf_holds_broadcast
                0x0000000000003a00       0x10 build/nrf52840/dk/obj/packetbuf.o
                0x0000000000003a00                packetbuf_holds_broadcast
 .text.netstack_process_ip_callback
                0x0000000000003a10       0x40 build/nrf52840/dk/obj/netstack.o
                0x0000000000003a10                netstack_process_ip_callback
 .text.netstack_init
                0x0000000000003a50       0x24 build/nrf52840/dk/obj/netstack.o
                0x0000000000003a50                netstack_init
 .text.linkaddr_copy
                0x0000000000003a74        0x8 build/nrf52840/dk/obj/linkaddr.o
                0x0000000000003a74                linkaddr_copy
 .text.linkaddr_cmp
                0x0000000000003a7c       0x10 build/nrf52840/dk/obj/linkaddr.o
                0x0000000000003a7c                linkaddr_cmp
 .text.periodic
                0x0000000000003a8c       0x30 build/nrf52840/dk/obj/link-stats.o
 .text.link_stats_from_lladdr
                0x0000000000003abc        0xc build/nrf52840/dk/obj/link-stats.o
                0x0000000000003abc                link_stats_from_lladdr
 .text.link_stats_is_fresh
                0x0000000000003ac8       0x28 build/nrf52840/dk/obj/link-stats.o
                0x0000000000003ac8                link_stats_is_fresh
 .text.link_stats_packet_sent
                0x0000000000003af0       0xf0 build/nrf52840/dk/obj/link-stats.o
                0x0000000000003af0                link_stats_packet_sent
 .text.link_stats_input_callback
                0x0000000000003be0       0x84 build/nrf52840/dk/obj/link-stats.o
                0x0000000000003be0                link_stats_input_callback
 .text.link_stats_reset
                0x0000000000003c64       0x2c build/nrf52840/dk/obj/link-stats.o
                0x0000000000003c64                link_stats_reset
 .text.link_stats_init
                0x0000000000003c90       0x28 build/nrf52840/dk/obj/link-stats.o
                0x0000000000003c90                link_stats_init
 .text.mac_sequence_is_duplicate
                0x0000000000003cb8       0x50 build/nrf52840/dk/obj/mac-sequence.o
                0x0000000000003cb8                mac_sequence_is_duplicate
 .text.mac_sequence_register_seqno
                0x0000000000003d08       0x68 build/nrf52840/dk/obj/mac-sequence.o
                0x0000000000003d08                mac_sequence_register_seqno
 .text.mac_call_sent_callback
                0x0000000000003d70       0x18 build/nrf52840/dk/obj/mac.o
                0x0000000000003d70                mac_call_sent_callback
 .text.parse    0x0000000000003d88       0xa0 build/nrf52840/dk/obj/framer-802154.o
 .text.framer_802154_setup_params.part.0
                0x0000000000003e28       0x7c build/nrf52840/dk/obj/framer-802154.o
 .text.create_frame
                0x0000000000003ea4       0xdc build/nrf52840/dk/obj/framer-802154.o
 .text.create   0x0000000000003f80        0x8 build/nrf52840/dk/obj/framer-802154.o
 .text.hdr_length
                0x0000000000003f88        0x8 build/nrf52840/dk/obj/framer-802154.o
 .text.frame802154_get_pan_id
                0x0000000000003f90        0xc build/nrf52840/dk/obj/frame802154.o
                0x0000000000003f90                frame802154_get_pan_id
 .text.frame802154_has_panid
                0x0000000000003f9c       0xd0 build/nrf52840/dk/obj/frame802154.o
                0x0000000000003f9c                frame802154_has_panid
 .text.field_len
                0x000000000000406c       0x8c build/nrf52840/dk/obj/frame802154.o
 .text.frame802154_is_broadcast_addr
                0x00000000000040f8       0x20 build/nrf52840/dk/obj/frame802154.o
                0x00000000000040f8                frame802154_is_broadcast_addr
 .text.frame802154_hdrlen
                0x0000000000004118       0x34 build/nrf52840/dk/obj/frame802154.o
                0x0000000000004118                frame802154_hdrlen
 .text.frame802154_create_fcf
                0x000000000000414c       0x64 build/nrf52840/dk/obj/frame802154.o
                0x000000000000414c                frame802154_create_fcf
 .text.frame802154_create
                0x00000000000041b0       0xa4 build/nrf52840/dk/obj/frame802154.o
                0x00000000000041b0                frame802154_create
 .text.frame802154_parse_fcf
                0x0000000000004254       0x64 build/nrf52840/dk/obj/frame802154.o
                0x0000000000004254                frame802154_parse_fcf
 .text.frame802154_parse
                0x00000000000042b8      0x13c build/nrf52840/dk/obj/frame802154.o
                0x00000000000042b8                frame802154_parse
 .text._sbrk    0x00000000000043f4       0x2c build/nrf52840/dk/obj/syscalls.o
                0x00000000000043f4                _sbrk
 .text.fill_space
                0x0000000000004420       0x40 build/nrf52840/dk/obj/strformat.o
 .text.format_str_v
                0x0000000000004460      0x918 build/nrf52840/dk/obj/strformat.o
                0x0000000000004460                format_str_v
 .text.write_str
                0x0000000000004d78       0x14 build/nrf52840/dk/obj/printf.o
 .text.printf   0x0000000000004d8c       0x24 build/nrf52840/dk/obj/printf.o
                0x0000000000004d8c                printf
 .text.buffer_str
                0x0000000000004db0       0x28 build/nrf52840/dk/obj/snprintf.o
 .text.snprintf
                0x0000000000004dd8       0x38 build/nrf52840/dk/obj/snprintf.o
                0x0000000000004dd8                snprintf
 .text.csma_security_create_frame
                0x0000000000004e10       0x18 build/nrf52840/dk/obj/csma-security.o
                0x0000000000004e10                csma_security_create_frame
 .text.csma_security_parse_frame
                0x0000000000004e28        0xc build/nrf52840/dk/obj/csma-security.o
                0x0000000000004e28                csma_security_parse_frame
 .text.on       0x0000000000004e34        0xc build/nrf52840/dk/obj/csma.o
 .text.off      0x0000000000004e40        0xc build/nrf52840/dk/obj/csma.o
 .text.max_payload
                0x0000000000004e4c       0x40 build/nrf52840/dk/obj/csma.o
 .text.send_packet
                0x0000000000004e8c        0x4 build/nrf52840/dk/obj/csma.o
 .text.init     0x0000000000004e90       0x38 build/nrf52840/dk/obj/csma.o
 .text.input_packet
                0x0000000000004ec8       0xa4 build/nrf52840/dk/obj/csma.o
 .text.schedule_transmission
                0x0000000000004f6c       0x38 build/nrf52840/dk/obj/csma-output.o
 .text.tx_done  0x0000000000004fa4       0x8c build/nrf52840/dk/obj/csma-output.o
 .text.transmit_from_queue
                0x0000000000005030      0x1b4 build/nrf52840/dk/obj/csma-output.o
 .text.csma_output_packet
                0x00000000000051e4      0x154 build/nrf52840/dk/obj/csma-output.o
                0x00000000000051e4                csma_output_packet
 .text.csma_output_init
                0x0000000000005338       0x24 build/nrf52840/dk/obj/csma-output.o
                0x0000000000005338                csma_output_init
 .text.uipbuf_clear
                0x000000000000535c       0x30 build/nrf52840/dk/obj/uipbuf.o
                0x000000000000535c                uipbuf_clear
 .text.uipbuf_add_ext_hdr
                0x000000000000538c       0x3c build/nrf52840/dk/obj/uipbuf.o
                0x000000000000538c                uipbuf_add_ext_hdr
 .text.uipbuf_set_len
                0x00000000000053c8       0x18 build/nrf52840/dk/obj/uipbuf.o
                0x00000000000053c8                uipbuf_set_len
 .text.uipbuf_set_len_field
                0x00000000000053e0        0x8 build/nrf52840/dk/obj/uipbuf.o
                0x00000000000053e0                uipbuf_set_len_field
 .text.uipbuf_get_len_field
                0x00000000000053e8        0xc build/nrf52840/dk/obj/uipbuf.o
                0x00000000000053e8                uipbuf_get_len_field
 .text.uipbuf_get_next_header
                0x00000000000053f4       0x60 build/nrf52840/dk/obj/uipbuf.o
                0x00000000000053f4                uipbuf_get_next_header
 .text.uipbuf_get_last_header
                0x0000000000005454       0x40 build/nrf52840/dk/obj/uipbuf.o
                0x0000000000005454                uipbuf_get_last_header
 .text.uipbuf_search_header
                0x0000000000005494       0x58 build/nrf52840/dk/obj/uipbuf.o
                0x0000000000005494                uipbuf_search_header
 .text.uipbuf_get_attr
                0x00000000000054ec       0x14 build/nrf52840/dk/obj/uipbuf.o
                0x00000000000054ec                uipbuf_get_attr
 .text.uipbuf_set_attr
                0x0000000000005500       0x18 build/nrf52840/dk/obj/uipbuf.o
                0x0000000000005500                uipbuf_set_attr
 .text.uipbuf_init
                0x0000000000005518       0x20 build/nrf52840/dk/obj/uipbuf.o
                0x0000000000005518                uipbuf_init
 .text.echo_reply_input
                0x0000000000005538       0x70 build/nrf52840/dk/obj/uip-icmp6.o
 .text.echo_request_input
                0x00000000000055a8       0x84 build/nrf52840/dk/obj/uip-icmp6.o
 .text.uip_icmp6_input
                0x000000000000562c       0x40 build/nrf52840/dk/obj/uip-icmp6.o
                0x000000000000562c                uip_icmp6_input
 .text.uip_icmp6_register_input_handler
                0x000000000000566c        0xc build/nrf52840/dk/obj/uip-icmp6.o
                0x000000000000566c                uip_icmp6_register_input_handler
 .text.uip_icmp6_error_output
                0x0000000000005678      0x15c build/nrf52840/dk/obj/uip-icmp6.o
                0x0000000000005678                uip_icmp6_error_output
 .text.uip_icmp6_send
                0x00000000000057d4       0x80 build/nrf52840/dk/obj/uip-icmp6.o
                0x00000000000057d4                uip_icmp6_send
 .text.uip_icmp6_init
                0x0000000000005854       0x24 build/nrf52840/dk/obj/uip-icmp6.o
                0x0000000000005854                uip_icmp6_init
 .text.node_matches_address.part.0
                0x0000000000005878       0x28 build/nrf52840/dk/obj/uip-sr.o
 .text.uip_sr_get_node
                0x00000000000058a0       0x40 build/nrf52840/dk/obj/uip-sr.o
                0x00000000000058a0                uip_sr_get_node
 .text.uip_sr_is_addr_reachable
                0x00000000000058e0       0x4c build/nrf52840/dk/obj/uip-sr.o
                0x00000000000058e0                uip_sr_is_addr_reachable
 .text.uip_sr_expire_parent
                0x000000000000592c       0x2c build/nrf52840/dk/obj/uip-sr.o
                0x000000000000592c                uip_sr_expire_parent
 .text.uip_sr_update_node
                0x0000000000005958       0xa4 build/nrf52840/dk/obj/uip-sr.o
                0x0000000000005958                uip_sr_update_node
 .text.uip_sr_init
                0x00000000000059fc       0x24 build/nrf52840/dk/obj/uip-sr.o
                0x00000000000059fc                uip_sr_init
 .text.uip_sr_periodic
                0x0000000000005a20       0x80 build/nrf52840/dk/obj/uip-sr.o
                0x0000000000005a20                uip_sr_periodic
 .text.uip_sr_free_all
                0x0000000000005aa0       0x4c build/nrf52840/dk/obj/uip-sr.o
                0x0000000000005aa0                uip_sr_free_all
 .text.uip_ds6_list_loop.part.0
                0x0000000000005aec       0x58 build/nrf52840/dk/obj/uip-ds6.o
 .text.uip_ds6_default_prefix
                0x0000000000005b44        0x8 build/nrf52840/dk/obj/uip-ds6.o
                0x0000000000005b44                uip_ds6_default_prefix
 .text.uip_ds6_prefix_add
                0x0000000000005b4c       0x74 build/nrf52840/dk/obj/uip-ds6.o
                0x0000000000005b4c                uip_ds6_prefix_add
 .text.uip_ds6_is_addr_onlink
                0x0000000000005bc0       0x44 build/nrf52840/dk/obj/uip-ds6.o
                0x0000000000005bc0                uip_ds6_is_addr_onlink
 .text.uip_ds6_addr_lookup
                0x0000000000005c04       0x34 build/nrf52840/dk/obj/uip-ds6.o
                0x0000000000005c04                uip_ds6_addr_lookup
 .text.uip_ds6_get_link_local
                0x0000000000005c38       0x50 build/nrf52840/dk/obj/uip-ds6.o
                0x0000000000005c38                uip_ds6_get_link_local
 .text.uip_ds6_maddr_add
                0x0000000000005c88       0x58 build/nrf52840/dk/obj/uip-ds6.o
                0x0000000000005c88                uip_ds6_maddr_add
 .text.uip_ds6_addr_add
                0x0000000000005ce0       0xa8 build/nrf52840/dk/obj/uip-ds6.o
                0x0000000000005ce0                uip_ds6_addr_add
 .text.uip_ds6_maddr_lookup
                0x0000000000005d88       0x34 build/nrf52840/dk/obj/uip-ds6.o
                0x0000000000005d88                uip_ds6_maddr_lookup
 .text.uip_ds6_addr_rm.part.1
                0x0000000000005dbc       0x40 build/nrf52840/dk/obj/uip-ds6.o
 .text.uip_ds6_addr_rm
                0x0000000000005dfc        0x8 build/nrf52840/dk/obj/uip-ds6.o
                0x0000000000005dfc                uip_ds6_addr_rm
 .text.uip_ds6_periodic
                0x0000000000005e04       0x58 build/nrf52840/dk/obj/uip-ds6.o
                0x0000000000005e04                uip_ds6_periodic
 .text.uip_ds6_select_src
                0x0000000000005e5c      0x110 build/nrf52840/dk/obj/uip-ds6.o
                0x0000000000005e5c                uip_ds6_select_src
 .text.uip_ds6_set_addr_iid
                0x0000000000005f6c       0x18 build/nrf52840/dk/obj/uip-ds6.o
                0x0000000000005f6c                uip_ds6_set_addr_iid
 .text.uip_ds6_set_lladdr_from_iid
                0x0000000000005f84       0x18 build/nrf52840/dk/obj/uip-ds6.o
                0x0000000000005f84                uip_ds6_set_lladdr_from_iid
 .text.uip_ds6_compute_reachable_time
                0x0000000000005f9c       0x2c build/nrf52840/dk/obj/uip-ds6.o
                0x0000000000005f9c                uip_ds6_compute_reachable_time
 .text.uip_ds6_init
                0x0000000000005fc8      0x10c build/nrf52840/dk/obj/uip-ds6.o
                0x0000000000005fc8                uip_ds6_init
 .text.uiplib_ipaddr_snprint
                0x00000000000060d4      0x114 build/nrf52840/dk/obj/uiplib.o
                0x00000000000060d4                uiplib_ipaddr_snprint
 .text.tcpip_output
                0x00000000000061e8       0x30 build/nrf52840/dk/obj/tcpip.o
                0x00000000000061e8                tcpip_output
 .text.tcpip_input
                0x0000000000006218       0x24 build/nrf52840/dk/obj/tcpip.o
                0x0000000000006218                tcpip_input
 .text.tcpip_ipv6_output
                0x000000000000623c      0x108 build/nrf52840/dk/obj/tcpip.o
                0x000000000000623c                tcpip_ipv6_output
 .text.packet_input.part.3
                0x0000000000006344       0x1c build/nrf52840/dk/obj/tcpip.o
 .text.process_thread_tcpip_process
                0x0000000000006360       0xc8 build/nrf52840/dk/obj/tcpip.o
 .text.tcpip_uipcall
                0x0000000000006428       0x2c build/nrf52840/dk/obj/tcpip.o
                0x0000000000006428                tcpip_uipcall
 .text.uip_ds6_route_init
                0x0000000000006454       0x1c build/nrf52840/dk/obj/uip-ds6-route.o
                0x0000000000006454                uip_ds6_route_init
 .text.uip_ds6_route_nexthop
                0x0000000000006470        0x4 build/nrf52840/dk/obj/uip-ds6-route.o
                0x0000000000006470                uip_ds6_route_nexthop
 .text.uip_ds6_route_lookup
                0x0000000000006474        0x4 build/nrf52840/dk/obj/uip-ds6-route.o
                0x0000000000006474                uip_ds6_route_lookup
 .text.uip_ds6_route_rm
                0x0000000000006478        0x4 build/nrf52840/dk/obj/uip-ds6-route.o
                0x0000000000006478                uip_ds6_route_rm
 .text.uip_ds6_defrt_rm
                0x000000000000647c       0x3c build/nrf52840/dk/obj/uip-ds6-route.o
                0x000000000000647c                uip_ds6_defrt_rm
 .text.uip_ds6_defrt_lookup
                0x00000000000064b8       0x38 build/nrf52840/dk/obj/uip-ds6-route.o
                0x00000000000064b8                uip_ds6_defrt_lookup
 .text.uip_ds6_defrt_add
                0x00000000000064f0       0x58 build/nrf52840/dk/obj/uip-ds6-route.o
                0x00000000000064f0                uip_ds6_defrt_add
 .text.uip_ds6_defrt_choose
                0x0000000000006548       0x34 build/nrf52840/dk/obj/uip-ds6-route.o
                0x0000000000006548                uip_ds6_defrt_choose
 .text.uip_ds6_defrt_periodic
                0x000000000000657c       0x44 build/nrf52840/dk/obj/uip-ds6-route.o
                0x000000000000657c                uip_ds6_defrt_periodic
 .text.chksum   0x00000000000065c0       0x5c build/nrf52840/dk/obj/uip6.o
 .text.upper_layer_chksum
                0x000000000000661c       0x54 build/nrf52840/dk/obj/uip6.o
 .text.unlikely.ext_hdr_options_process
                0x0000000000006670       0x7c build/nrf52840/dk/obj/uip6.o
 .text.uip_icmp6chksum
                0x00000000000066ec        0x8 build/nrf52840/dk/obj/uip6.o
                0x00000000000066ec                uip_icmp6chksum
 .text.uip_init
                0x00000000000066f4       0x44 build/nrf52840/dk/obj/uip6.o
                0x00000000000066f4                uip_init
 .text.uip_remove_ext_hdr
                0x0000000000006738       0x6c build/nrf52840/dk/obj/uip6.o
                0x0000000000006738                uip_remove_ext_hdr
 .text.uip_process
                0x00000000000067a4      0x524 build/nrf52840/dk/obj/uip6.o
                0x00000000000067a4                uip_process
 .text.uip_htonl
                0x0000000000006cc8       0x1c build/nrf52840/dk/obj/uip6.o
                0x0000000000006cc8                uip_htonl
 .text.uip_ds6_nbr_rm
                0x0000000000006ce4       0x24 build/nrf52840/dk/obj/uip-ds6-nbr.o
                0x0000000000006ce4                uip_ds6_nbr_rm
 .text.uip_ds6_neighbors_init
                0x0000000000006d08       0x1c build/nrf52840/dk/obj/uip-ds6-nbr.o
                0x0000000000006d08                uip_ds6_neighbors_init
 .text.uip_ds6_nbr_add
                0x0000000000006d24       0x40 build/nrf52840/dk/obj/uip-ds6-nbr.o
                0x0000000000006d24                uip_ds6_nbr_add
 .text.uip_ds6_nbr_update_ll
                0x0000000000006d64       0x64 build/nrf52840/dk/obj/uip-ds6-nbr.o
                0x0000000000006d64                uip_ds6_nbr_update_ll
 .text.uip_ds6_nbr_get_ll
                0x0000000000006dc8        0xc build/nrf52840/dk/obj/uip-ds6-nbr.o
                0x0000000000006dc8                uip_ds6_nbr_get_ll
 .text.uip_ds6_nbr_lookup
                0x0000000000006dd4       0x3c build/nrf52840/dk/obj/uip-ds6-nbr.o
                0x0000000000006dd4                uip_ds6_nbr_lookup
 .text.uip_ds6_nbr_ipaddr_from_lladdr
                0x0000000000006e10        0xc build/nrf52840/dk/obj/uip-ds6-nbr.o
                0x0000000000006e10                uip_ds6_nbr_ipaddr_from_lladdr
 .text.uip_ds6_nbr_lladdr_from_ipaddr
                0x0000000000006e1c       0x1c build/nrf52840/dk/obj/uip-ds6-nbr.o
                0x0000000000006e1c                uip_ds6_nbr_lladdr_from_ipaddr
 .text.uip_ds6_link_callback
                0x0000000000006e38        0x4 build/nrf52840/dk/obj/uip-ds6-nbr.o
                0x0000000000006e38                uip_ds6_link_callback
 .text.ns_input
                0x0000000000006e3c      0x26c build/nrf52840/dk/obj/uip-nd6.o
 .text.uip_nd6_init
                0x00000000000070a8        0xc build/nrf52840/dk/obj/uip-nd6.o
                0x00000000000070a8                uip_nd6_init
 .text.sicslowpan_init
                0x00000000000070b4       0x10 build/nrf52840/dk/obj/sicslowpan.o
                0x00000000000070b4                sicslowpan_init
 .text.set_packet_attrs
                0x00000000000070c4       0x74 build/nrf52840/dk/obj/sicslowpan.o
 .text.compress_addr_64
                0x0000000000007138       0x9c build/nrf52840/dk/obj/sicslowpan.o
 .text.addr_context_lookup_by_prefix
                0x00000000000071d4       0x24 build/nrf52840/dk/obj/sicslowpan.o
 .text.send_packet
                0x00000000000071f8       0x24 build/nrf52840/dk/obj/sicslowpan.o
 .text.fragment_copy_payload_and_send
                0x000000000000721c       0x6c build/nrf52840/dk/obj/sicslowpan.o
 .text.output   0x0000000000007288      0x7e8 build/nrf52840/dk/obj/sicslowpan.o
 .text.packet_sent
                0x0000000000007a70       0x5c build/nrf52840/dk/obj/sicslowpan.o
 .text.store_fragment
                0x0000000000007acc       0x60 build/nrf52840/dk/obj/sicslowpan.o
 .text.add_fragment
                0x0000000000007b2c      0x1b8 build/nrf52840/dk/obj/sicslowpan.o
 .text.uncompress_addr
                0x0000000000007ce4       0xac build/nrf52840/dk/obj/sicslowpan.o
 .text.input    0x0000000000007d90      0x9bc build/nrf52840/dk/obj/sicslowpan.o
 .text.get_rank
                0x000000000000874c       0x20 build/nrf52840/dk/obj/rpl-nbr-policy.o
 .text.rpl_nbr_gc_get_worst
                0x000000000000876c       0x20 build/nrf52840/dk/obj/rpl-nbr-policy.o
                0x000000000000876c                rpl_nbr_gc_get_worst
 .text.remove_neighbor
                0x000000000000878c       0x3c build/nrf52840/dk/obj/rpl-neighbor.o
 .text.rpl_neighbor_get_from_lladdr
                0x00000000000087c8       0x10 build/nrf52840/dk/obj/rpl-neighbor.o
                0x00000000000087c8                rpl_neighbor_get_from_lladdr
 .text.rpl_neighbor_rank_via_nbr
                0x00000000000087d8       0x18 build/nrf52840/dk/obj/rpl-neighbor.o
                0x00000000000087d8                rpl_neighbor_rank_via_nbr
 .text.rpl_neighbor_get_ipaddr
                0x00000000000087f0       0x18 build/nrf52840/dk/obj/rpl-neighbor.o
                0x00000000000087f0                rpl_neighbor_get_ipaddr
 .text.rpl_neighbor_get_link_stats
                0x0000000000008808       0x18 build/nrf52840/dk/obj/rpl-neighbor.o
                0x0000000000008808                rpl_neighbor_get_link_stats
 .text.best_parent
                0x0000000000008820       0xb0 build/nrf52840/dk/obj/rpl-neighbor.o
 .text.rpl_neighbor_is_fresh
                0x00000000000088d0       0x10 build/nrf52840/dk/obj/rpl-neighbor.o
                0x00000000000088d0                rpl_neighbor_is_fresh
 .text.rpl_neighbor_set_preferred_parent
                0x00000000000088e0       0x48 build/nrf52840/dk/obj/rpl-neighbor.o
                0x00000000000088e0                rpl_neighbor_set_preferred_parent
 .text.rpl_neighbor_remove_all
                0x0000000000008928       0x34 build/nrf52840/dk/obj/rpl-neighbor.o
                0x0000000000008928                rpl_neighbor_remove_all
 .text.rpl_neighbor_get_from_ipaddr
                0x000000000000895c       0x1c build/nrf52840/dk/obj/rpl-neighbor.o
                0x000000000000895c                rpl_neighbor_get_from_ipaddr
 .text.rpl_neighbor_select_best
                0x0000000000008978       0x5c build/nrf52840/dk/obj/rpl-neighbor.o
                0x0000000000008978                rpl_neighbor_select_best
 .text.rpl_neighbor_init
                0x00000000000089d4       0x14 build/nrf52840/dk/obj/rpl-neighbor.o
                0x00000000000089d4                rpl_neighbor_init
 .text.init_dag
                0x00000000000089e8       0x74 build/nrf52840/dk/obj/rpl-dag.o
 .text.process_dio_init_dag
                0x0000000000008a5c       0xb8 build/nrf52840/dk/obj/rpl-dag.o
 .text.rpl_local_repair.part.1
                0x0000000000008b14       0x30 build/nrf52840/dk/obj/rpl-dag.o
 .text.rpl_global_repair.part.2
                0x0000000000008b44       0x28 build/nrf52840/dk/obj/rpl-dag.o
 .text.rpl_dag_update_state.part.3
                0x0000000000008b6c      0x140 build/nrf52840/dk/obj/rpl-dag.o
 .text.rpl_dag_get_root_ipaddr
                0x0000000000008cac       0x28 build/nrf52840/dk/obj/rpl-dag.o
                0x0000000000008cac                rpl_dag_get_root_ipaddr
 .text.rpl_dag_leave
                0x0000000000008cd4       0x50 build/nrf52840/dk/obj/rpl-dag.o
                0x0000000000008cd4                rpl_dag_leave
 .text.rpl_dag_poison_and_leave
                0x0000000000008d24       0x10 build/nrf52840/dk/obj/rpl-dag.o
                0x0000000000008d24                rpl_dag_poison_and_leave
 .text.rpl_dag_periodic
                0x0000000000008d34       0x44 build/nrf52840/dk/obj/rpl-dag.o
                0x0000000000008d34                rpl_dag_periodic
 .text.rpl_is_addr_in_our_dag
                0x0000000000008d78       0x28 build/nrf52840/dk/obj/rpl-dag.o
                0x0000000000008d78                rpl_is_addr_in_our_dag
 .text.rpl_global_repair
                0x0000000000008da0       0x14 build/nrf52840/dk/obj/rpl-dag.o
                0x0000000000008da0                rpl_global_repair
 .text.rpl_local_repair
                0x0000000000008db4       0x10 build/nrf52840/dk/obj/rpl-dag.o
                0x0000000000008db4                rpl_local_repair
 .text.rpl_dag_ready_to_advertise
                0x0000000000008dc4       0x24 build/nrf52840/dk/obj/rpl-dag.o
                0x0000000000008dc4                rpl_dag_ready_to_advertise
 .text.rpl_dag_update_state
                0x0000000000008de8       0x10 build/nrf52840/dk/obj/rpl-dag.o
                0x0000000000008de8                rpl_dag_update_state
 .text.rpl_process_dio
                0x0000000000008df8      0x19c build/nrf52840/dk/obj/rpl-dag.o
                0x0000000000008df8                rpl_process_dio
 .text.rpl_process_dis
                0x0000000000008f94       0x28 build/nrf52840/dk/obj/rpl-dag.o
                0x0000000000008f94                rpl_process_dis
 .text.rpl_process_dao
                0x0000000000008fbc       0x54 build/nrf52840/dk/obj/rpl-dag.o
                0x0000000000008fbc                rpl_process_dao
 .text.rpl_process_dao_ack
                0x0000000000009010       0x60 build/nrf52840/dk/obj/rpl-dag.o
                0x0000000000009010                rpl_process_dao_ack
 .text.rpl_process_hbh
                0x0000000000009070       0x2c build/nrf52840/dk/obj/rpl-dag.o
                0x0000000000009070                rpl_process_hbh
 .text.rpl_dag_init_root
                0x000000000000909c       0xa4 build/nrf52840/dk/obj/rpl-dag.o
                0x000000000000909c                rpl_dag_init_root
 .text.rpl_dag_init
                0x0000000000009140       0x10 build/nrf52840/dk/obj/rpl-dag.o
                0x0000000000009140                rpl_dag_init
 .text.new_dio_interval
                0x0000000000009150       0x58 build/nrf52840/dk/obj/rpl-timers.o
 .text.schedule_dao_retransmission
                0x00000000000091a8       0x38 build/nrf52840/dk/obj/rpl-timers.o
 .text.handle_unicast_dio_timer
                0x00000000000091e0       0x1c build/nrf52840/dk/obj/rpl-timers.o
 .text.send_new_dao
                0x00000000000091fc       0x34 build/nrf52840/dk/obj/rpl-timers.o
 .text.resend_dao
                0x0000000000009230       0x38 build/nrf52840/dk/obj/rpl-timers.o
 .text.handle_dao_ack_timer
                0x0000000000009268       0x14 build/nrf52840/dk/obj/rpl-timers.o
 .text.handle_leaving_timer
                0x000000000000927c       0x10 build/nrf52840/dk/obj/rpl-timers.o
 .text.handle_state_update
                0x000000000000928c        0x4 build/nrf52840/dk/obj/rpl-timers.o
 .text.handle_dio_timer
                0x0000000000009290       0x70 build/nrf52840/dk/obj/rpl-timers.o
 .text.rpl_schedule_probing.part.3
                0x0000000000009300       0x38 build/nrf52840/dk/obj/rpl-timers.o
 .text.rpl_timers_schedule_periodic_dis
                0x0000000000009338       0x44 build/nrf52840/dk/obj/rpl-timers.o
                0x0000000000009338                rpl_timers_schedule_periodic_dis
 .text.handle_dis_timer
                0x000000000000937c       0x34 build/nrf52840/dk/obj/rpl-timers.o
 .text.handle_periodic_timer
                0x00000000000093b0       0x54 build/nrf52840/dk/obj/rpl-timers.o
 .text.rpl_timers_dio_reset
                0x0000000000009404       0x34 build/nrf52840/dk/obj/rpl-timers.o
                0x0000000000009404                rpl_timers_dio_reset
 .text.rpl_timers_schedule_unicast_dio
                0x0000000000009438       0x2c build/nrf52840/dk/obj/rpl-timers.o
                0x0000000000009438                rpl_timers_schedule_unicast_dio
 .text.rpl_timers_schedule_dao
                0x0000000000009464       0x34 build/nrf52840/dk/obj/rpl-timers.o
                0x0000000000009464                rpl_timers_schedule_dao
 .text.rpl_timers_schedule_dao_ack
                0x0000000000009498       0x38 build/nrf52840/dk/obj/rpl-timers.o
                0x0000000000009498                rpl_timers_schedule_dao_ack
 .text.rpl_timers_notify_dao_ack
                0x00000000000094d0       0x58 build/nrf52840/dk/obj/rpl-timers.o
                0x00000000000094d0                rpl_timers_notify_dao_ack
 .text.get_probing_target
                0x0000000000009528       0xdc build/nrf52840/dk/obj/rpl-timers.o
                0x0000000000009528                get_probing_target
 .text.handle_probing_timer
                0x0000000000009604       0x30 build/nrf52840/dk/obj/rpl-timers.o
 .text.rpl_schedule_probing
                0x0000000000009634       0x10 build/nrf52840/dk/obj/rpl-timers.o
                0x0000000000009634                rpl_schedule_probing
 .text.rpl_schedule_probing_now
                0x0000000000009644       0x2c build/nrf52840/dk/obj/rpl-timers.o
                0x0000000000009644                rpl_schedule_probing_now
 .text.rpl_timers_unschedule_leaving
                0x0000000000009670       0x28 build/nrf52840/dk/obj/rpl-timers.o
                0x0000000000009670                rpl_timers_unschedule_leaving
 .text.rpl_timers_schedule_leaving
                0x0000000000009698       0x34 build/nrf52840/dk/obj/rpl-timers.o
                0x0000000000009698                rpl_timers_schedule_leaving
 .text.rpl_timers_init
                0x00000000000096cc       0x20 build/nrf52840/dk/obj/rpl-timers.o
                0x00000000000096cc                rpl_timers_init
 .text.rpl_timers_stop_dag_timers
                0x00000000000096ec       0x44 build/nrf52840/dk/obj/rpl-timers.o
                0x00000000000096ec                rpl_timers_stop_dag_timers
 .text.rpl_timers_unschedule_state_update
                0x0000000000009730       0x14 build/nrf52840/dk/obj/rpl-timers.o
                0x0000000000009730                rpl_timers_unschedule_state_update
 .text.rpl_timers_schedule_state_update
                0x0000000000009744       0x1c build/nrf52840/dk/obj/rpl-timers.o
                0x0000000000009744                rpl_timers_schedule_state_update
 .text.update_hbh_header
                0x0000000000009760       0x5c build/nrf52840/dk/obj/rpl-ext-header.o
 .text.rpl_ext_header_srh_get_next_hop
                0x00000000000097bc       0x70 build/nrf52840/dk/obj/rpl-ext-header.o
                0x00000000000097bc                rpl_ext_header_srh_get_next_hop
 .text.rpl_ext_header_srh_update
                0x000000000000982c       0xbc build/nrf52840/dk/obj/rpl-ext-header.o
                0x000000000000982c                rpl_ext_header_srh_update
 .text.rpl_ext_header_hbh_update
                0x00000000000098e8       0x90 build/nrf52840/dk/obj/rpl-ext-header.o
                0x00000000000098e8                rpl_ext_header_hbh_update
 .text.rpl_ext_header_remove
                0x0000000000009978       0xb4 build/nrf52840/dk/obj/rpl-ext-header.o
                0x0000000000009978                rpl_ext_header_remove
 .text.rpl_ext_header_update
                0x0000000000009a2c      0x2bc build/nrf52840/dk/obj/rpl-ext-header.o
                0x0000000000009a2c                rpl_ext_header_update
 .text.rpl_has_joined
                0x0000000000009ce8       0x18 build/nrf52840/dk/obj/rpl.o
                0x0000000000009ce8                rpl_has_joined
 .text.rpl_is_reachable
                0x0000000000009d00       0x1c build/nrf52840/dk/obj/rpl.o
                0x0000000000009d00                rpl_is_reachable
 .text.neighbor_state_changed
                0x0000000000009d1c        0x4 build/nrf52840/dk/obj/rpl.o
 .text.rpl_get_leaf_only
                0x0000000000009d20        0xc build/nrf52840/dk/obj/rpl.o
                0x0000000000009d20                rpl_get_leaf_only
 .text.set_ip_from_prefix
                0x0000000000009d2c       0x2c build/nrf52840/dk/obj/rpl.o
 .text.init     0x0000000000009d58       0x40 build/nrf52840/dk/obj/rpl.o
 .text.rpl_link_callback
                0x0000000000009d98       0x30 build/nrf52840/dk/obj/rpl.o
                0x0000000000009d98                rpl_link_callback
 .text.get_sr_node_ipaddr
                0x0000000000009dc8       0x2c build/nrf52840/dk/obj/rpl.o
 .text.drop_route
                0x0000000000009df4        0x4 build/nrf52840/dk/obj/rpl.o
 .text.rpl_lollipop_greater_than
                0x0000000000009df8       0x3c build/nrf52840/dk/obj/rpl.o
                0x0000000000009df8                rpl_lollipop_greater_than
 .text.rpl_get_global_address
                0x0000000000009e34       0x70 build/nrf52840/dk/obj/rpl.o
                0x0000000000009e34                rpl_get_global_address
 .text.rpl_reset_prefix
                0x0000000000009ea4       0x2c build/nrf52840/dk/obj/rpl.o
                0x0000000000009ea4                rpl_reset_prefix
 .text.rpl_set_prefix_from_addr
                0x0000000000009ed0       0x70 build/nrf52840/dk/obj/rpl.o
                0x0000000000009ed0                rpl_set_prefix_from_addr
 .text.reset    0x0000000000009f40        0x4 build/nrf52840/dk/obj/rpl-mrhof.o
 .text.update_metric_container
                0x0000000000009f44        0xc build/nrf52840/dk/obj/rpl-mrhof.o
 .text.nbr_link_metric
                0x0000000000009f50       0x14 build/nrf52840/dk/obj/rpl-mrhof.o
 .text.nbr_path_cost
                0x0000000000009f64       0x44 build/nrf52840/dk/obj/rpl-mrhof.o
 .text.within_hysteresis
                0x0000000000009fa8       0x3c build/nrf52840/dk/obj/rpl-mrhof.o
 .text.rank_via_nbr
                0x0000000000009fe4       0x30 build/nrf52840/dk/obj/rpl-mrhof.o
 .text.nbr_has_usable_link
                0x000000000000a014       0x18 build/nrf52840/dk/obj/rpl-mrhof.o
 .text.nbr_is_acceptable_parent
                0x000000000000a02c       0x2c build/nrf52840/dk/obj/rpl-mrhof.o
 .text.best_parent
                0x000000000000a058       0x74 build/nrf52840/dk/obj/rpl-mrhof.o
 .text.dao_ack_input
                0x000000000000a0cc       0x40 build/nrf52840/dk/obj/rpl-icmp6.o
 .text.dao_input
                0x000000000000a10c      0x128 build/nrf52840/dk/obj/rpl-icmp6.o
 .text.dio_input
                0x000000000000a234      0x290 build/nrf52840/dk/obj/rpl-icmp6.o
 .text.dis_input
                0x000000000000a4c4       0x2c build/nrf52840/dk/obj/rpl-icmp6.o
 .text.rpl_icmp6_update_nbr_table
                0x000000000000a4f0       0x38 build/nrf52840/dk/obj/rpl-icmp6.o
                0x000000000000a4f0                rpl_icmp6_update_nbr_table
 .text.rpl_icmp6_dis_output
                0x000000000000a528       0x3c build/nrf52840/dk/obj/rpl-icmp6.o
                0x000000000000a528                rpl_icmp6_dis_output
 .text.rpl_icmp6_dio_output
                0x000000000000a564      0x27c build/nrf52840/dk/obj/rpl-icmp6.o
                0x000000000000a564                rpl_icmp6_dio_output
 .text.rpl_icmp6_dao_output
                0x000000000000a7e0       0xcc build/nrf52840/dk/obj/rpl-icmp6.o
                0x000000000000a7e0                rpl_icmp6_dao_output
 .text.rpl_icmp6_dao_ack_output
                0x000000000000a8ac       0x44 build/nrf52840/dk/obj/rpl-icmp6.o
                0x000000000000a8ac                rpl_icmp6_dao_ack_output
 .text.rpl_icmp6_init
                0x000000000000a8f0       0x30 build/nrf52840/dk/obj/rpl-icmp6.o
                0x000000000000a8f0                rpl_icmp6_init
 .text.set_global_address
                0x000000000000a920       0x5c build/nrf52840/dk/obj/rpl-dag-root.o
 .text.rpl_dag_root_set_prefix
                0x000000000000a97c       0x18 build/nrf52840/dk/obj/rpl-dag-root.o
                0x000000000000a97c                rpl_dag_root_set_prefix
 .text.rpl_dag_root_start
                0x000000000000a994       0x80 build/nrf52840/dk/obj/rpl-dag-root.o
                0x000000000000a994                rpl_dag_root_start
 .text.rpl_dag_root_is_root
                0x000000000000aa14       0x1c build/nrf52840/dk/obj/rpl-dag-root.o
                0x000000000000aa14                rpl_dag_root_is_root
 .text.process_thread_tx_process
                0x000000000000aa30      0x534 test-blueflood.o
 .text.RTC2_IRQHandler
                0x000000000000af64       0x40 test-blueflood.o
                0x000000000000af64                RTC2_IRQHandler
 .text.my_radio_init
                0x000000000000afa4      0x254 build/nrf52840/dk/obj/nrf-radio-driver.o
                0x000000000000afa4                my_radio_init
 .text.my_radio_off_completely
                0x000000000000b1f8       0xa8 build/nrf52840/dk/obj/nrf-radio-driver.o
                0x000000000000b1f8                my_radio_off_completely
 .text.my_radio_off_to_tx
                0x000000000000b2a0       0xb4 build/nrf52840/dk/obj/nrf-radio-driver.o
                0x000000000000b2a0                my_radio_off_to_tx
 .text.schedule_tx_abs
                0x000000000000b354       0x38 build/nrf52840/dk/obj/nrf-radio-driver.o
                0x000000000000b354                schedule_tx_abs
 .text.my_radio_off_to_rx
                0x000000000000b38c       0xac build/nrf52840/dk/obj/nrf-radio-driver.o
                0x000000000000b38c                my_radio_off_to_rx
 .text.schedule_rx_abs
                0x000000000000b438       0x38 build/nrf52840/dk/obj/nrf-radio-driver.o
                0x000000000000b438                schedule_rx_abs
 .text.my_radio_rx
                0x000000000000b470       0x74 build/nrf52840/dk/obj/nrf-radio-driver.o
                0x000000000000b470                my_radio_rx
 .text.testbed_cofigure_pins
                0x000000000000b4e4       0x44 build/nrf52840/dk/obj/nrf-radio-driver.o
                0x000000000000b4e4                testbed_cofigure_pins
 .text.testbed_clear_debug_pins
                0x000000000000b528       0x50 build/nrf52840/dk/obj/nrf-radio-driver.o
                0x000000000000b528                testbed_clear_debug_pins
 .text.transmit
                0x000000000000b578      0x16c build/nrf52840/dk/obj/blueflood.o
                0x000000000000b578                transmit
 .text.join     0x000000000000b6e4      0x100 build/nrf52840/dk/obj/blueflood.o
                0x000000000000b6e4                join
 .text.receive  0x000000000000b7e4      0x14c build/nrf52840/dk/obj/blueflood.o
                0x000000000000b7e4                receive
 .text.rx_evaluate
                0x000000000000b930       0x98 build/nrf52840/dk/obj/blueflood.o
                0x000000000000b930                rx_evaluate
 .text.rx_validate
                0x000000000000b9c8      0x118 build/nrf52840/dk/obj/blueflood.o
                0x000000000000b9c8                rx_validate
 .text.rx_logging
                0x000000000000bae0      0x14c build/nrf52840/dk/obj/blueflood.o
                0x000000000000bae0                rx_logging
 .text.blueflood_start
                0x000000000000bc2c      0x2a8 build/nrf52840/dk/obj/blueflood.o
                0x000000000000bc2c                blueflood_start
 .text.blueflood_stop
                0x000000000000bed4       0x1c build/nrf52840/dk/obj/blueflood.o
                0x000000000000bed4                blueflood_stop
 .text.blueflood_set_t_start_round
                0x000000000000bef0        0xc build/nrf52840/dk/obj/blueflood.o
                0x000000000000bef0                blueflood_set_t_start_round
 .text.blueflood_get_t_start_round
                0x000000000000befc        0xc build/nrf52840/dk/obj/blueflood.o
                0x000000000000befc                blueflood_get_t_start_round
 .text.blueflood_get_joined
                0x000000000000bf08        0xc build/nrf52840/dk/obj/blueflood.o
                0x000000000000bf08                blueflood_get_joined
 .text.blueflood_get_round
                0x000000000000bf14        0xc build/nrf52840/dk/obj/blueflood.o
                0x000000000000bf14                blueflood_get_round
 .text.blueflood_get_rx_ok
                0x000000000000bf20        0xc build/nrf52840/dk/obj/blueflood.o
                0x000000000000bf20                blueflood_get_rx_ok
 .text.blueflood_set_tx_status
                0x000000000000bf2c        0xc build/nrf52840/dk/obj/blueflood.o
                0x000000000000bf2c                blueflood_set_tx_status
 .text.blueflood_set_rx_ts_delta_status
                0x000000000000bf38        0xc build/nrf52840/dk/obj/blueflood.o
                0x000000000000bf38                blueflood_set_rx_ts_delta_status
 .text.blueflood_set_rx_rssi
                0x000000000000bf44        0xc build/nrf52840/dk/obj/blueflood.o
                0x000000000000bf44                blueflood_set_rx_rssi
 .text.blueflood_get_crc_failed
                0x000000000000bf50        0xc build/nrf52840/dk/obj/blueflood.o
                0x000000000000bf50                blueflood_get_crc_failed
 .text.blueflood_get_rx_none
                0x000000000000bf5c        0xc build/nrf52840/dk/obj/blueflood.o
                0x000000000000bf5c                blueflood_get_rx_none
 .text.blueflood_set_ts_radio
                0x000000000000bf68        0xc build/nrf52840/dk/obj/blueflood.o
                0x000000000000bf68                blueflood_set_ts_radio
 .text.blueflood_get_ts_radio_off
                0x000000000000bf74        0xc build/nrf52840/dk/obj/blueflood.o
                0x000000000000bf74                blueflood_get_ts_radio_off
 .text          0x000000000000bf80       0xa0 /home/svewi/opt/gnu-mcu-eclipse/arm-none-eabi-gcc/7.2.1-1.1-20180401-0515/bin/../lib/gcc/arm-none-eabi/7.2.1/thumb/v7e-m/fpv4-sp/hard/libgcc.a(_aeabi_ldivmod.o)
                0x000000000000bf80                __aeabi_ldivmod
 .text          0x000000000000c020       0x30 /home/svewi/opt/gnu-mcu-eclipse/arm-none-eabi-gcc/7.2.1-1.1-20180401-0515/bin/../lib/gcc/arm-none-eabi/7.2.1/thumb/v7e-m/fpv4-sp/hard/libgcc.a(_aeabi_uldivmod.o)
                0x000000000000c020                __aeabi_uldivmod
 .text.__udivmoddi4
                0x000000000000c050      0x2cc /home/svewi/opt/gnu-mcu-eclipse/arm-none-eabi-gcc/7.2.1-1.1-20180401-0515/bin/../lib/gcc/arm-none-eabi/7.2.1/thumb/v7e-m/fpv4-sp/hard/libgcc.a(_udivmoddi4.o)
                0x000000000000c050                __udivmoddi4
 .text          0x000000000000c31c        0x4 /home/svewi/opt/gnu-mcu-eclipse/arm-none-eabi-gcc/7.2.1-1.1-20180401-0515/bin/../lib/gcc/arm-none-eabi/7.2.1/thumb/v7e-m/fpv4-sp/hard/libgcc.a(_dvmd_tls.o)
                0x000000000000c31c                __aeabi_ldiv0
                0x000000000000c31c                __aeabi_idiv0
 .text.srand    0x000000000000c320       0x48 /home/svewi/opt/gnu-mcu-eclipse/arm-none-eabi-gcc/7.2.1-1.1-20180401-0515/bin/../lib/gcc/arm-none-eabi/7.2.1/../../../../arm-none-eabi/lib/thumb/v7e-m/fpv4-sp/hard/libc_nano.a(lib_a-rand.o)
                0x000000000000c320                srand
 .text.rand     0x000000000000c368       0x68 /home/svewi/opt/gnu-mcu-eclipse/arm-none-eabi-gcc/7.2.1-1.1-20180401-0515/bin/../lib/gcc/arm-none-eabi/7.2.1/../../../../arm-none-eabi/lib/thumb/v7e-m/fpv4-sp/hard/libc_nano.a(lib_a-rand.o)
                0x000000000000c368                rand
 .text.malloc   0x000000000000c3d0       0x10 /home/svewi/opt/gnu-mcu-eclipse/arm-none-eabi-gcc/7.2.1-1.1-20180401-0515/bin/../lib/gcc/arm-none-eabi/7.2.1/../../../../arm-none-eabi/lib/thumb/v7e-m/fpv4-sp/hard/libc_nano.a(lib_a-malloc.o)
                0x000000000000c3d0                malloc
 .text._malloc_r
                0x000000000000c3e0       0xb4 /home/svewi/opt/gnu-mcu-eclipse/arm-none-eabi-gcc/7.2.1-1.1-20180401-0515/bin/../lib/gcc/arm-none-eabi/7.2.1/../../../../arm-none-eabi/lib/thumb/v7e-m/fpv4-sp/hard/libc_nano.a(lib_a-nano-mallocr.o)
                0x000000000000c3e0                _malloc_r
 .text._sbrk_r  0x000000000000c494       0x20 /home/svewi/opt/gnu-mcu-eclipse/arm-none-eabi-gcc/7.2.1-1.1-20180401-0515/bin/../lib/gcc/arm-none-eabi/7.2.1/../../../../arm-none-eabi/lib/thumb/v7e-m/fpv4-sp/hard/libc_nano.a(lib_a-sbrkr.o)
                0x000000000000c494                _sbrk_r
 .text.memset   0x000000000000c4b4       0x10 /home/svewi/opt/gnu-mcu-eclipse/arm-none-eabi-gcc/7.2.1-1.1-20180401-0515/bin/../lib/gcc/arm-none-eabi/7.2.1/../../../../arm-none-eabi/lib/thumb/v7e-m/fpv4-sp/hard/libc_nano.a(lib_a-memset.o)
                0x000000000000c4b4                memset
 .text.memcmp   0x000000000000c4c4       0x1e /home/svewi/opt/gnu-mcu-eclipse/arm-none-eabi-gcc/7.2.1-1.1-20180401-0515/bin/../lib/gcc/arm-none-eabi/7.2.1/../../../../arm-none-eabi/lib/thumb/v7e-m/fpv4-sp/hard/libc_nano.a(lib_a-memcmp.o)
                0x000000000000c4c4                memcmp
 .text.memcpy   0x000000000000c4e2       0x16 /home/svewi/opt/gnu-mcu-eclipse/arm-none-eabi-gcc/7.2.1-1.1-20180401-0515/bin/../lib/gcc/arm-none-eabi/7.2.1/../../../../arm-none-eabi/lib/thumb/v7e-m/fpv4-sp/hard/libc_nano.a(lib_a-memcpy-stub.o)
                0x000000000000c4e2                memcpy
 .text.memmove  0x000000000000c4f8       0x32 /home/svewi/opt/gnu-mcu-eclipse/arm-none-eabi-gcc/7.2.1-1.1-20180401-0515/bin/../lib/gcc/arm-none-eabi/7.2.1/../../../../arm-none-eabi/lib/thumb/v7e-m/fpv4-sp/hard/libc_nano.a(lib_a-memmove.o)
                0x000000000000c4f8                memmove
 .text.__malloc_lock
                0x000000000000c52a        0x2 /home/svewi/opt/gnu-mcu-eclipse/arm-none-eabi-gcc/7.2.1-1.1-20180401-0515/bin/../lib/gcc/arm-none-eabi/7.2.1/../../../../arm-none-eabi/lib/thumb/v7e-m/fpv4-sp/hard/libc_nano.a(lib_a-mlock.o)
                0x000000000000c52a                __malloc_lock
 .text.__malloc_unlock
                0x000000000000c52c        0x2 /home/svewi/opt/gnu-mcu-eclipse/arm-none-eabi-gcc/7.2.1-1.1-20180401-0515/bin/../lib/gcc/arm-none-eabi/7.2.1/../../../../arm-none-eabi/lib/thumb/v7e-m/fpv4-sp/hard/libc_nano.a(lib_a-mlock.o)
                0x000000000000c52c                __malloc_unlock
 *(SORT_BY_ALIGNMENT(.init))
 *fill*         0x000000000000c52e        0x2 
 .init          0x000000000000c530        0x4 /home/svewi/opt/gnu-mcu-eclipse/arm-none-eabi-gcc/7.2.1-1.1-20180401-0515/bin/../lib/gcc/arm-none-eabi/7.2.1/thumb/v7e-m/fpv4-sp/hard/crti.o
                0x000000000000c530                _init
 .init          0x000000000000c534        0x8 /home/svewi/opt/gnu-mcu-eclipse/arm-none-eabi-gcc/7.2.1-1.1-20180401-0515/bin/../lib/gcc/arm-none-eabi/7.2.1/thumb/v7e-m/fpv4-sp/hard/crtn.o
 *(SORT_BY_ALIGNMENT(.fini))
 .fini          0x000000000000c53c        0x4 /home/svewi/opt/gnu-mcu-eclipse/arm-none-eabi-gcc/7.2.1-1.1-20180401-0515/bin/../lib/gcc/arm-none-eabi/7.2.1/thumb/v7e-m/fpv4-sp/hard/crti.o
                0x000000000000c53c                _fini
 .fini          0x000000000000c540        0x8 /home/svewi/opt/gnu-mcu-eclipse/arm-none-eabi-gcc/7.2.1-1.1-20180401-0515/bin/../lib/gcc/arm-none-eabi/7.2.1/thumb/v7e-m/fpv4-sp/hard/crtn.o
 *crtbegin.o(SORT_BY_ALIGNMENT(.ctors))
 *crtbegin?.o(SORT_BY_ALIGNMENT(.ctors))
 *(SORT_BY_ALIGNMENT(EXCLUDE_FILE(*crtend.o *crtend?.o) .ctors))
 *(SORT_BY_NAME(SORT_BY_ALIGNMENT(.ctors.*)))
 *(SORT_BY_ALIGNMENT(.ctors))
 *crtbegin.o(SORT_BY_ALIGNMENT(.dtors))
 *crtbegin?.o(SORT_BY_ALIGNMENT(.dtors))
 *(SORT_BY_ALIGNMENT(EXCLUDE_FILE(*crtend.o *crtend?.o) .dtors))
 *(SORT_BY_NAME(SORT_BY_ALIGNMENT(.dtors.*)))
 *(SORT_BY_ALIGNMENT(.dtors))
 *(SORT_BY_ALIGNMENT(.rodata*))
 *fill*         0x000000000000c548        0x8 
 .rodata.delay_machine_code.8265
                0x000000000000c550        0x6 build/nrf52840/dk/obj/nrf_delay.o
 *fill*         0x000000000000c556        0x2 
 .rodata._global_impure_ptr
                0x000000000000c558        0x4 /home/svewi/opt/gnu-mcu-eclipse/arm-none-eabi-gcc/7.2.1-1.1-20180401-0515/bin/../lib/gcc/arm-none-eabi/7.2.1/../../../../arm-none-eabi/lib/thumb/v7e-m/fpv4-sp/hard/libc_nano.a(lib_a-impure.o)
                0x000000000000c558                _global_impure_ptr
 .rodata.leds_arch_leds
                0x000000000000c55c        0xc build/nrf52840/dk/obj/board-leds.o
                0x000000000000c55c                leds_arch_leds
 .rodata.str1.4
                0x000000000000c568       0x2d build/nrf52840/dk/obj/board-buttons.o
 *fill*         0x000000000000c595        0x3 
 .rodata.str1.4
                0x000000000000c598        0xc build/nrf52840/dk/obj/temperature-sensor.o
 .rodata.temperature_sensor
                0x000000000000c5a4       0x10 build/nrf52840/dk/obj/temperature-sensor.o
                0x000000000000c5a4                temperature_sensor
 .rodata        0x000000000000c5b4        0x6 build/nrf52840/dk/obj/clock.o
 *fill*         0x000000000000c5ba        0x2 
 .rodata.rtc    0x000000000000c5bc        0x8 build/nrf52840/dk/obj/clock.o
                0x000000000000c5bc                rtc
 .rodata        0x000000000000c5c4        0xc build/nrf52840/dk/obj/watchdog.o
 .rodata.nrf52840_ieee_driver
                0x000000000000c5d0       0x38 build/nrf52840/dk/obj/nrf52840-ieee.o
                0x000000000000c5d0                nrf52840_ieee_driver
 .rodata.prepare.str1.4
                0x000000000000c608       0x40 build/nrf52840/dk/obj/nrf52840-ieee.o
 .rodata.str1.4
                0x000000000000c648       0x18 build/nrf52840/dk/obj/nrf52840-ieee.o
 .rodata.transmit.str1.4
                0x000000000000c660       0x19 build/nrf52840/dk/obj/nrf52840-ieee.o
 *fill*         0x000000000000c679        0x3 
 .rodata.main.str1.4
                0x000000000000c67c       0xe4 build/nrf52840/dk/obj/contiki-main.o
                                         0xf8 (size before relaxing)
 .rodata.str1.4
                0x000000000000c760        0xf build/nrf52840/dk/obj/ctimer.o
 *fill*         0x000000000000c76f        0x1 
 .rodata.log_6addr.str1.4
                0x000000000000c770        0x3 build/nrf52840/dk/obj/log.o
 *fill*         0x000000000000c773        0x1 
 .rodata.log_lladdr.str1.4
                0x000000000000c774       0x19 build/nrf52840/dk/obj/log.o
 *fill*         0x000000000000c78d        0x3 
 .rodata.str1.4
                0x000000000000c790        0xc build/nrf52840/dk/obj/etimer.o
 .rodata.process_thread_stack_check_process.str1.4
                0x000000000000c79c       0x4f build/nrf52840/dk/obj/stack-check.o
                                         0x63 (size before relaxing)
 *fill*         0x000000000000c7eb        0x1 
 .rodata.str1.4
                0x000000000000c7ec        0xc build/nrf52840/dk/obj/stack-check.o
 .rodata.str1.4
                0x000000000000c7f8        0x8 build/nrf52840/dk/obj/sensors.o
 .rodata.str1.4
                0x000000000000c800       0x13 build/nrf52840/dk/obj/button-hal.o
 *fill*         0x000000000000c813        0x1 
 .rodata.str1.4
                0x000000000000c814        0xe build/nrf52840/dk/obj/serial-line.o
 *fill*         0x000000000000c822        0x2 
 .rodata.linkaddr_null
                0x000000000000c824        0x8 build/nrf52840/dk/obj/linkaddr.o
                0x000000000000c824                linkaddr_null
 .rodata.framer_802154
                0x000000000000c82c        0xc build/nrf52840/dk/obj/framer-802154.o