Archive member included to satisfy reference by file (symbol)

/home/svewi/opt/gnu-mcu-eclipse/arm-none-eabi-gcc/7.2.1-1.1-20180401-0515/bin/../lib/gcc/arm-none-eabi/7.2.1/../../../../arm-none-eabi/lib/thumb/v7e-m/fpv4-sp/hard/libc_nano.a(lib_a-exit.o)
                              /home/svewi/opt/gnu-mcu-eclipse/arm-none-eabi-gcc/7.2.1-1.1-20180401-0515/bin/../lib/gcc/arm-none-eabi/7.2.1/../../../../arm-none-eabi/lib/thumb/v7e-m/fpv4-sp/hard/crt0.o (exit)
/home/svewi/opt/gnu-mcu-eclipse/arm-none-eabi-gcc/7.2.1-1.1-20180401-0515/bin/../lib/gcc/arm-none-eabi/7.2.1/../../../../arm-none-eabi/lib/thumb/v7e-m/fpv4-sp/hard/libc_nano.a(lib_a-impure.o)
                              /home/svewi/opt/gnu-mcu-eclipse/arm-none-eabi-gcc/7.2.1-1.1-20180401-0515/bin/../lib/gcc/arm-none-eabi/7.2.1/../../../../arm-none-eabi/lib/thumb/v7e-m/fpv4-sp/hard/libc_nano.a(lib_a-exit.o) (_global_impure_ptr)
/home/svewi/opt/gnu-mcu-eclipse/arm-none-eabi-gcc/7.2.1-1.1-20180401-0515/bin/../lib/gcc/arm-none-eabi/7.2.1/../../../../arm-none-eabi/lib/thumb/v7e-m/fpv4-sp/hard/libc_nano.a(lib_a-init.o)
                              /home/svewi/opt/gnu-mcu-eclipse/arm-none-eabi-gcc/7.2.1-1.1-20180401-0515/bin/../lib/gcc/arm-none-eabi/7.2.1/../../../../arm-none-eabi/lib/thumb/v7e-m/fpv4-sp/hard/crt0.o (__libc_init_array)
/home/svewi/opt/gnu-mcu-eclipse/arm-none-eabi-gcc/7.2.1-1.1-20180401-0515/bin/../lib/gcc/arm-none-eabi/7.2.1/../../../../arm-none-eabi/lib/thumb/v7e-m/fpv4-sp/hard/libc_nano.a(lib_a-memset.o)
                              /home/svewi/opt/gnu-mcu-eclipse/arm-none-eabi-gcc/7.2.1-1.1-20180401-0515/bin/../lib/gcc/arm-none-eabi/7.2.1/../../../../arm-none-eabi/lib/thumb/v7e-m/fpv4-sp/hard/crt0.o (memset)
/home/svewi/opt/gnu-mcu-eclipse/arm-none-eabi-gcc/7.2.1-1.1-20180401-0515/bin/../lib/gcc/arm-none-eabi/7.2.1/../../../../arm-none-eabi/lib/thumb/v7e-m/fpv4-sp/hard/libc_nano.a(lib_a-nano-vfprintf_float.o)
                              (_printf_float)
/home/svewi/opt/gnu-mcu-eclipse/arm-none-eabi-gcc/7.2.1-1.1-20180401-0515/bin/../lib/gcc/arm-none-eabi/7.2.1/../../../../arm-none-eabi/lib/thumb/v7e-m/fpv4-sp/hard/libc_nano.a(lib_a-nano-vfprintf_i.o)
                              /home/svewi/opt/gnu-mcu-eclipse/arm-none-eabi-gcc/7.2.1-1.1-20180401-0515/bin/../lib/gcc/arm-none-eabi/7.2.1/../../../../arm-none-eabi/lib/thumb/v7e-m/fpv4-sp/hard/libc_nano.a(lib_a-nano-vfprintf_float.o) (_printf_common)
/home/svewi/opt/gnu-mcu-eclipse/arm-none-eabi-gcc/7.2.1-1.1-20180401-0515/bin/../lib/gcc/arm-none-eabi/7.2.1/../../../../arm-none-eabi/lib/thumb/v7e-m/fpv4-sp/hard/libc_nano.a(lib_a-strlen.o)
                              /home/svewi/opt/gnu-mcu-eclipse/arm-none-eabi-gcc/7.2.1-1.1-20180401-0515/bin/../lib/gcc/arm-none-eabi/7.2.1/../../../../arm-none-eabi/lib/thumb/v7e-m/fpv4-sp/hard/libc_nano.a(lib_a-nano-vfprintf_float.o) (strlen)
/home/svewi/opt/gnu-mcu-eclipse/arm-none-eabi-gcc/7.2.1-1.1-20180401-0515/bin/../lib/gcc/arm-none-eabi/7.2.1/../../../../arm-none-eabi/lib/thumb/v7e-m/fpv4-sp/hard/libc_nano.a(lib_a-dtoa.o)
                              /home/svewi/opt/gnu-mcu-eclipse/arm-none-eabi-gcc/7.2.1-1.1-20180401-0515/bin/../lib/gcc/arm-none-eabi/7.2.1/../../../../arm-none-eabi/lib/thumb/v7e-m/fpv4-sp/hard/libc_nano.a(lib_a-nano-vfprintf_float.o) (_dtoa_r)
/home/svewi/opt/gnu-mcu-eclipse/arm-none-eabi-gcc/7.2.1-1.1-20180401-0515/bin/../lib/gcc/arm-none-eabi/7.2.1/../../../../arm-none-eabi/lib/thumb/v7e-m/fpv4-sp/hard/libc_nano.a(lib_a-localeconv.o)
                              /home/svewi/opt/gnu-mcu-eclipse/arm-none-eabi-gcc/7.2.1-1.1-20180401-0515/bin/../lib/gcc/arm-none-eabi/7.2.1/../../../../arm-none-eabi/lib/thumb/v7e-m/fpv4-sp/hard/libc_nano.a(lib_a-nano-vfprintf_float.o) (_localeconv_r)
/home/svewi/opt/gnu-mcu-eclipse/arm-none-eabi-gcc/7.2.1-1.1-20180401-0515/bin/../lib/gcc/arm-none-eabi/7.2.1/../../../../arm-none-eabi/lib/thumb/v7e-m/fpv4-sp/hard/libc_nano.a(lib_a-malloc.o)
                              /home/svewi/opt/gnu-mcu-eclipse/arm-none-eabi-gcc/7.2.1-1.1-20180401-0515/bin/../lib/gcc/arm-none-eabi/7.2.1/../../../../arm-none-eabi/lib/thumb/v7e-m/fpv4-sp/hard/libc_nano.a(lib_a-dtoa.o) (malloc)
/home/svewi/opt/gnu-mcu-eclipse/arm-none-eabi-gcc/7.2.1-1.1-20180401-0515/bin/../lib/gcc/arm-none-eabi/7.2.1/../../../../arm-none-eabi/lib/thumb/v7e-m/fpv4-sp/hard/libc_nano.a(lib_a-memchr.o)
                              /home/svewi/opt/gnu-mcu-eclipse/arm-none-eabi-gcc/7.2.1-1.1-20180401-0515/bin/../lib/gcc/arm-none-eabi/7.2.1/../../../../arm-none-eabi/lib/thumb/v7e-m/fpv4-sp/hard/libc_nano.a(lib_a-nano-vfprintf_i.o) (memchr)
/home/svewi/opt/gnu-mcu-eclipse/arm-none-eabi-gcc/7.2.1-1.1-20180401-0515/bin/../lib/gcc/arm-none-eabi/7.2.1/../../../../arm-none-eabi/lib/thumb/v7e-m/fpv4-sp/hard/libc_nano.a(lib_a-memcpy-stub.o)
[...]
Memory Configuration

Name             Origin             Length             Attributes
FLASH            0x0000000000000000 0x0000000000100000 xr
RAM              0x0000000020000000 0x0000000000040000 xrw
*default*        0x0000000000000000 0xffffffffffffffff

Linker script and memory map

LOAD /home/svewi/opt/gnu-mcu-eclipse/arm-none-eabi-gcc/7.2.1-1.1-20180401-0515/bin/../lib/gcc/arm-none-eabi/7.2.1/thumb/v7e-m/fpv4-sp/hard/crti.o
LOAD /home/svewi/opt/gnu-mcu-eclipse/arm-none-eabi-gcc/7.2.1-1.1-20180401-0515/bin/../lib/gcc/arm-none-eabi/7.2.1/thumb/v7e-m/fpv4-sp/hard/crtbegin.o
LOAD /home/svewi/opt/gnu-mcu-eclipse/arm-none-eabi-gcc/7.2.1-1.1-20180401-0515/bin/../lib/gcc/arm-none-eabi/7.2.1/../../../../arm-none-eabi/lib/thumb/v7e-m/fpv4-sp/hard/crt0.o
LOAD /home/svewi/opt/gnu-mcu-eclipse/arm-none-eabi-gcc/7.2.1-1.1-20180401-0515/bin/../lib/gcc/arm-none-eabi/7.2.1/../../../../arm-none-eabi/lib/thumb/v7e-m/fpv4-sp/hard/libc_nano.a
LOAD dirty-channel.co
LOAD obj_nrf52840dk/crc24.o
LOAD obj_nrf52840dk/hamming-encoder-decoder.o
LOAD obj_nrf52840dk/nrf-radio-driver.o
LOAD contiki-nrf52840dk.a
START GROUP
LOAD /home/svewi/opt/gnu-mcu-eclipse/arm-none-eabi-gcc/7.2.1-1.1-20180401-0515/bin/../lib/gcc/arm-none-eabi/7.2.1/thumb/v7e-m/fpv4-sp/hard/libgcc.a
LOAD /home/svewi/opt/gnu-mcu-eclipse/arm-none-eabi-gcc/7.2.1-1.1-20180401-0515/bin/../lib/gcc/arm-none-eabi/7.2.1/../../../../arm-none-eabi/lib/thumb/v7e-m/fpv4-sp/hard/libc_nano.a
END GROUP
START GROUP
LOAD /home/svewi/opt/gnu-mcu-eclipse/arm-none-eabi-gcc/7.2.1-1.1-20180401-0515/bin/../lib/gcc/arm-none-eabi/7.2.1/thumb/v7e-m/fpv4-sp/hard/libgcc.a
LOAD /home/svewi/opt/gnu-mcu-eclipse/arm-none-eabi-gcc/7.2.1-1.1-20180401-0515/bin/../lib/gcc/arm-none-eabi/7.2.1/../../../../arm-none-eabi/lib/thumb/v7e-m/fpv4-sp/hard/libc_nano.a
LOAD /home/svewi/opt/gnu-mcu-eclipse/arm-none-eabi-gcc/7.2.1-1.1-20180401-0515/bin/../lib/gcc/arm-none-eabi/7.2.1/../../../../arm-none-eabi/lib/thumb/v7e-m/fpv4-sp/hard/libnosys.a
END GROUP
START GROUP
LOAD /home/svewi/opt/gnu-mcu-eclipse/arm-none-eabi-gcc/7.2.1-1.1-20180401-0515/bin/../lib/gcc/arm-none-eabi/7.2.1/thumb/v7e-m/fpv4-sp/hard/libgcc.a
LOAD /home/svewi/opt/gnu-mcu-eclipse/arm-none-eabi-gcc/7.2.1-1.1-20180401-0515/bin/../lib/gcc/arm-none-eabi/7.2.1/../../../../arm-none-eabi/lib/thumb/v7e-m/fpv4-sp/hard/libc_nano.a
LOAD /home/svewi/opt/gnu-mcu-eclipse/arm-none-eabi-gcc/7.2.1-1.1-20180401-0515/bin/../lib/gcc/arm-none-eabi/7.2.1/../../../../arm-none-eabi/lib/thumb/v7e-m/fpv4-sp/hard/libnosys.a
END GROUP
LOAD /home/svewi/opt/gnu-mcu-eclipse/arm-none-eabi-gcc/7.2.1-1.1-20180401-0515/bin/../lib/gcc/arm-none-eabi/7.2.1/thumb/v7e-m/fpv4-sp/hard/crtend.o
LOAD /home/svewi/opt/gnu-mcu-eclipse/arm-none-eabi-gcc/7.2.1-1.1-20180401-0515/bin/../lib/gcc/arm-none-eabi/7.2.1/thumb/v7e-m/fpv4-sp/hard/crtn.o

.text           0x0000000000000000     0x6494
                0x0000000000000000                __isr_vector_start = .
 *(.isr_vector)
 .isr_vector    0x0000000000000000       0xf8 contiki-nrf52840dk.a(gcc_startup_nrf)
                0x0000000000000000                __isr_vector
                0x00000000000000f8                __isr_vector_end = .
 *(.text*)
 .text          0x00000000000000f8       0x74 /home/svewi/opt/gnu-mcu-eclipse/arm-none-eabi-gcc/7.2.1-1.1-20180401-0515/bin/../lib/gcc/arm-none-eabi/7.2.1/../../../../arm-none-eabi/lib/thumb/v7e-m/fpv4-sp/hard/crt0.o
                0x00000000000000f8                _mainCRTStartup
                0x00000000000000f8                _start
 .text.exit     0x000000000000016c       0x28 /home/svewi/opt/gnu-mcu-eclipse/arm-none-eabi-gcc/7.2.1-1.1-20180401-0515/bin/../lib/gcc/arm-none-eabi/7.2.1/../../../../arm-none-eabi/lib/thumb/v7e-m/fpv4-sp/hard/libc_nano.a(lib_a-exit.o)
                0x000000000000016c                exit
 .text.__libc_init_array
                0x0000000000000194       0x48 /home/svewi/opt/gnu-mcu-eclipse/arm-none-eabi-gcc/7.2.1-1.1-20180401-0515/bin/../lib/gcc/arm-none-eabi/7.2.1/../../../../arm-none-eabi/lib/thumb/v7e-m/fpv4-sp/hard/libc_nano.a(lib_a-init.o)
                0x0000000000000194                __libc_init_array
 .text.memset   0x00000000000001dc       0x10 /home/svewi/opt/gnu-mcu-eclipse/arm-none-eabi-gcc/7.2.1-1.1-20180401-0515/bin/../lib/gcc/arm-none-eabi/7.2.1/../../../../arm-none-eabi/lib/thumb/v7e-m/fpv4-sp/hard/libc_nano.a(lib_a-memset.o)
                0x00000000000001dc                memset
 .text.__cvt    0x00000000000001ec       0xc2 /home/svewi/opt/gnu-mcu-eclipse/arm-none-eabi-gcc/7.2.1-1.1-20180401-0515/bin/../lib/gcc/arm-none-eabi/7.2.1/../../../../arm-none-eabi/lib/thumb/v7e-m/fpv4-sp/hard/libc_nano.a(lib_a-nano-vfprintf_float.o)
                0x00000000000001ec                __cvt
 .text.__exponent
                0x00000000000002ae       0x66 /home/svewi/opt/gnu-mcu-eclipse/arm-none-eabi-gcc/7.2.1-1.1-20180401-0515/bin/../lib/gcc/arm-none-eabi/7.2.1/../../../../arm-none-eabi/lib/thumb/v7e-m/fpv4-sp/hard/libc_nano.a(lib_a-nano-vfprintf_float.o)
                0x00000000000002ae                __exponent
 .text._printf_float
                0x0000000000000314      0x480 /home/svewi/opt/gnu-mcu-eclipse/arm-none-eabi-gcc/7.2.1-1.1-20180401-0515/bin/../lib/gcc/arm-none-eabi/7.2.1/../../../../arm-none-eabi/lib/thumb/v7e-m/fpv4-sp/hard/libc_nano.a(lib_a-nano-vfprintf_float.o)
                0x0000000000000314                _printf_float
 .text._printf_common
                0x0000000000000794       0xea /home/svewi/opt/gnu-mcu-eclipse/arm-none-eabi-gcc/7.2.1-1.1-20180401-0515/bin/../lib/gcc/arm-none-eabi/7.2.1/../../../../arm-none-eabi/lib/thumb/v7e-m/fpv4-sp/hard/libc_nano.a(lib_a-nano-vfprintf_i.o)
                0x0000000000000794                _printf_common
 *fill*         0x000000000000087e        0x2 
 .text._printf_i
                0x0000000000000880      0x224 /home/svewi/opt/gnu-mcu-eclipse/arm-none-eabi-gcc/7.2.1-1.1-20180401-0515/bin/../lib/gcc/arm-none-eabi/7.2.1/../../../../arm-none-eabi/lib/thumb/v7e-m/fpv4-sp/hard/libc_nano.a(lib_a-nano-vfprintf_i.o)
                0x0000000000000880                _printf_i
 .text          0x0000000000000aa4       0x10 /home/svewi/opt/gnu-mcu-eclipse/arm-none-eabi-gcc/7.2.1-1.1-20180401-0515/bin/../lib/gcc/arm-none-eabi/7.2.1/../../../../arm-none-eabi/lib/thumb/v7e-m/fpv4-sp/hard/libc_nano.a(lib_a-strlen.o)
                0x0000000000000aa4                strlen
 .text.quorem   0x0000000000000ab4      0x118 /home/svewi/opt/gnu-mcu-eclipse/arm-none-eabi-gcc/7.2.1-1.1-20180401-0515/bin/../lib/gcc/arm-none-eabi/7.2.1/../../../../arm-none-eabi/lib/thumb/v7e-m/fpv4-sp/hard/libc_nano.a(lib_a-dtoa.o)
 *fill*         0x0000000000000bcc        0x4 
 .text._dtoa_r  0x0000000000000bd0      0xb70 /home/svewi/opt/gnu-mcu-eclipse/arm-none-eabi-gcc/7.2.1-1.1-20180401-0515/bin/../lib/gcc/arm-none-eabi/7.2.1/../../../../arm-none-eabi/lib/thumb/v7e-m/fpv4-sp/hard/libc_nano.a(lib_a-dtoa.o)
                0x0000000000000bd0                _dtoa_r
 .text._localeconv_r
                0x0000000000001740       0x1c /home/svewi/opt/gnu-mcu-eclipse/arm-none-eabi-gcc/7.2.1-1.1-20180401-0515/bin/../lib/gcc/arm-none-eabi/7.2.1/../../../../arm-none-eabi/lib/thumb/v7e-m/fpv4-sp/hard/libc_nano.a(lib_a-localeconv.o)
                0x0000000000001740                _localeconv_r
 .text.malloc   0x000000000000175c       0x10 /home/svewi/opt/gnu-mcu-eclipse/arm-none-eabi-gcc/7.2.1-1.1-20180401-0515/bin/../lib/gcc/arm-none-eabi/7.2.1/../../../../arm-none-eabi/lib/thumb/v7e-m/fpv4-sp/hard/libc_nano.a(lib_a-malloc.o)
                0x000000000000175c                malloc
 *fill*         0x000000000000176c        0x4 
 .text          0x0000000000001770       0xa0 /home/svewi/opt/gnu-mcu-eclipse/arm-none-eabi-gcc/7.2.1-1.1-20180401-0515/bin/../lib/gcc/arm-none-eabi/7.2.1/../../../../arm-none-eabi/lib/thumb/v7e-m/fpv4-sp/hard/libc_nano.a(lib_a-memchr.o)
                0x0000000000001770                memchr
 .text.memcpy   0x0000000000001810       0x16 /home/svewi/opt/gnu-mcu-eclipse/arm-none-eabi-gcc/7.2.1-1.1-20180401-0515/bin/../lib/gcc/arm-none-eabi/7.2.1/../../../../arm-none-eabi/lib/thumb/v7e-m/fpv4-sp/hard/libc_nano.a(lib_a-memcpy-stub.o)
                0x0000000000001810                memcpy
 .text._Balloc  0x0000000000001826       0x68 /home/svewi/opt/gnu-mcu-eclipse/arm-none-eabi-gcc/7.2.1-1.1-20180401-0515/bin/../lib/gcc/arm-none-eabi/7.2.1/../../../../arm-none-eabi/lib/thumb/v7e-m/fpv4-sp/hard/libc_nano.a(lib_a-mprec.o)
                0x0000000000001826                _Balloc
 .text._Bfree   0x000000000000188e       0x2e /home/svewi/opt/gnu-mcu-eclipse/arm-none-eabi-gcc/7.2.1-1.1-20180401-0515/bin/../lib/gcc/arm-none-eabi/7.2.1/../../../../arm-none-eabi/lib/thumb/v7e-m/fpv4-sp/hard/libc_nano.a(lib_a-mprec.o)
                0x000000000000188e                _Bfree
 .text.__multadd
                0x00000000000018bc       0x76 /home/svewi/opt/gnu-mcu-eclipse/arm-none-eabi-gcc/7.2.1-1.1-20180401-0515/bin/../lib/gcc/arm-none-eabi/7.2.1/../../../../arm-none-eabi/lib/thumb/v7e-m/fpv4-sp/hard/libc_nano.a(lib_a-mprec.o)
                0x00000000000018bc                __multadd
 .text.__hi0bits
                0x0000000000001932       0x3e /home/svewi/opt/gnu-mcu-eclipse/arm-none-eabi-gcc/7.2.1-1.1-20180401-0515/bin/../lib/gcc/arm-none-eabi/7.2.1/../../../../arm-none-eabi/lib/thumb/v7e-m/fpv4-sp/hard/libc_nano.a(lib_a-mprec.o)
                0x0000000000001932                __hi0bits
 .text.__lo0bits
                0x0000000000001970       0x5e /home/svewi/opt/gnu-mcu-eclipse/arm-none-eabi-gcc/7.2.1-1.1-20180401-0515/bin/../lib/gcc/arm-none-eabi/7.2.1/../../../../arm-none-eabi/lib/thumb/v7e-m/fpv4-sp/hard/libc_nano.a(lib_a-mprec.o)
                0x0000000000001970                __lo0bits
 .text.__i2b    0x00000000000019ce       0x12 /home/svewi/opt/gnu-mcu-eclipse/arm-none-eabi-gcc/7.2.1-1.1-20180401-0515/bin/../lib/gcc/arm-none-eabi/7.2.1/../../../../arm-none-eabi/lib/thumb/v7e-m/fpv4-sp/hard/libc_nano.a(lib_a-mprec.o)
                0x00000000000019ce                __i2b
 .text.__multiply
                0x00000000000019e0      0x12c /home/svewi/opt/gnu-mcu-eclipse/arm-none-eabi-gcc/7.2.1-1.1-20180401-0515/bin/../lib/gcc/arm-none-eabi/7.2.1/../../../../arm-none-eabi/lib/thumb/v7e-m/fpv4-sp/hard/libc_nano.a(lib_a-mprec.o)
                0x00000000000019e0                __multiply
 .text.__pow5mult
                0x0000000000001b0c       0x9c /home/svewi/opt/gnu-mcu-eclipse/arm-none-eabi-gcc/7.2.1-1.1-20180401-0515/bin/../lib/gcc/arm-none-eabi/7.2.1/../../../../arm-none-eabi/lib/thumb/v7e-m/fpv4-sp/hard/libc_nano.a(lib_a-mprec.o)
                0x0000000000001b0c                __pow5mult
 .text.__lshift
                0x0000000000001ba8       0xa8 /home/svewi/opt/gnu-mcu-eclipse/arm-none-eabi-gcc/7.2.1-1.1-20180401-0515/bin/../lib/gcc/arm-none-eabi/7.2.1/../../../../arm-none-eabi/lib/thumb/v7e-m/fpv4-sp/hard/libc_nano.a(lib_a-mprec.o)
                0x0000000000001ba8                __lshift
 .text.__mcmp   0x0000000000001c50       0x34 /home/svewi/opt/gnu-mcu-eclipse/arm-none-eabi-gcc/7.2.1-1.1-20180401-0515/bin/../lib/gcc/arm-none-eabi/7.2.1/../../../../arm-none-eabi/lib/thumb/v7e-m/fpv4-sp/hard/libc_nano.a(lib_a-mprec.o)
                0x0000000000001c50                __mcmp
 .text.__mdiff  0x0000000000001c84       0xba /home/svewi/opt/gnu-mcu-eclipse/arm-none-eabi-gcc/7.2.1-1.1-20180401-0515/bin/../lib/gcc/arm-none-eabi/7.2.1/../../../../arm-none-eabi/lib/thumb/v7e-m/fpv4-sp/hard/libc_nano.a(lib_a-mprec.o)
                0x0000000000001c84                __mdiff
 .text.__d2b    0x0000000000001d3e       0x9e /home/svewi/opt/gnu-mcu-eclipse/arm-none-eabi-gcc/7.2.1-1.1-20180401-0515/bin/../lib/gcc/arm-none-eabi/7.2.1/../../../../arm-none-eabi/lib/thumb/v7e-m/fpv4-sp/hard/libc_nano.a(lib_a-mprec.o)
                0x0000000000001d3e                __d2b
 .text._calloc_r
                0x0000000000001ddc       0x1c /home/svewi/opt/gnu-mcu-eclipse/arm-none-eabi-gcc/7.2.1-1.1-20180401-0515/bin/../lib/gcc/arm-none-eabi/7.2.1/../../../../arm-none-eabi/lib/thumb/v7e-m/fpv4-sp/hard/libc_nano.a(lib_a-nano-callocr.o)
                0x0000000000001ddc                _calloc_r
 .text._free_r  0x0000000000001df8       0x9c /home/svewi/opt/gnu-mcu-eclipse/arm-none-eabi-gcc/7.2.1-1.1-20180401-0515/bin/../lib/gcc/arm-none-eabi/7.2.1/../../../../arm-none-eabi/lib/thumb/v7e-m/fpv4-sp/hard/libc_nano.a(lib_a-nano-freer.o)
                0x0000000000001df8                _free_r
 .text._malloc_r
                0x0000000000001e94       0xb4 /home/svewi/opt/gnu-mcu-eclipse/arm-none-eabi-gcc/7.2.1-1.1-20180401-0515/bin/../lib/gcc/arm-none-eabi/7.2.1/../../../../arm-none-eabi/lib/thumb/v7e-m/fpv4-sp/hard/libc_nano.a(lib_a-nano-mallocr.o)
                0x0000000000001e94                _malloc_r
 .text._sbrk_r  0x0000000000001f48       0x20 /home/svewi/opt/gnu-mcu-eclipse/arm-none-eabi-gcc/7.2.1-1.1-20180401-0515/bin/../lib/gcc/arm-none-eabi/7.2.1/../../../../arm-none-eabi/lib/thumb/v7e-m/fpv4-sp/hard/libc_nano.a(lib_a-sbrkr.o)
                0x0000000000001f48                _sbrk_r
 .text.__ascii_mbtowc
                0x0000000000001f68       0x24 /home/svewi/opt/gnu-mcu-eclipse/arm-none-eabi-gcc/7.2.1-1.1-20180401-0515/bin/../lib/gcc/arm-none-eabi/7.2.1/../../../../arm-none-eabi/lib/thumb/v7e-m/fpv4-sp/hard/libc_nano.a(lib_a-mbtowc_r.o)
                0x0000000000001f68                __ascii_mbtowc
 .text.__malloc_lock
                0x0000000000001f8c        0x2 /home/svewi/opt/gnu-mcu-eclipse/arm-none-eabi-gcc/7.2.1-1.1-20180401-0515/bin/../lib/gcc/arm-none-eabi/7.2.1/../../../../arm-none-eabi/lib/thumb/v7e-m/fpv4-sp/hard/libc_nano.a(lib_a-mlock.o)
                0x0000000000001f8c                __malloc_lock
 .text.__malloc_unlock
                0x0000000000001f8e        0x2 /home/svewi/opt/gnu-mcu-eclipse/arm-none-eabi-gcc/7.2.1-1.1-20180401-0515/bin/../lib/gcc/arm-none-eabi/7.2.1/../../../../arm-none-eabi/lib/thumb/v7e-m/fpv4-sp/hard/libc_nano.a(lib_a-mlock.o)
                0x0000000000001f8e                __malloc_unlock
 .text.__ascii_wctomb
                0x0000000000001f90       0x1a /home/svewi/opt/gnu-mcu-eclipse/arm-none-eabi-gcc/7.2.1-1.1-20180401-0515/bin/../lib/gcc/arm-none-eabi/7.2.1/../../../../arm-none-eabi/lib/thumb/v7e-m/fpv4-sp/hard/libc_nano.a(lib_a-wctomb_r.o)
                0x0000000000001f90                __ascii_wctomb
 *fill*         0x0000000000001faa        0x2 
 .text          0x0000000000001fac      0xb58 dirty-channel.co
                0x0000000000001fac                rtc_schedule
                0x0000000000002ad4                RTC1_IRQHandler
 .text          0x0000000000002b04      0x6b8 obj_nrf52840dk/nrf-radio-driver.o
                0x0000000000002b04                my_radio_set_tx_power
                0x0000000000002b10                my_radio_get_id
                0x0000000000002b1c                my_radio_init
                0x0000000000002d74                my_radio_off_completely
                0x0000000000002e18                my_radio_off_to_tx
                0x0000000000002ec8                schedule_tx
                0x0000000000002f04                schedule_tx_abs
                0x0000000000002f3c                schedule_tx_t_from_rx
                0x0000000000002f74                my_radio_off_to_rx
                0x000000000000301c                schedule_rx_abs
                0x0000000000003054                my_radio_send
                0x00000000000030cc                my_radio_rx
                0x000000000000313c                testbed_cofigure_pins
                0x000000000000317a                testbed_clear_debug_pins
 .text.startup  0x00000000000031bc       0x58 contiki-nrf52840dk.a(contiki-main.o)
                0x00000000000031bc                main
 .text          0x0000000000003214       0x3c contiki-nrf52840dk.a(sbrk.o)
                0x0000000000003214                _sbrkInit
                0x0000000000003224                _sbrk
 .text          0x0000000000003250       0x5a contiki-nrf52840dk.a(clock.o)
                0x0000000000003250                clock_init
                0x000000000000325e                clock_time
                0x0000000000003262                clock_seconds
                0x0000000000003266                clock_set_seconds
                0x000000000000326a                clock_wait
                0x0000000000003280                clock_delay
                0x0000000000003284                clock_delay_usec
                0x00000000000032a6                clock_update_expiration_time
 *fill*         0x00000000000032aa        0x2 
 .text          0x00000000000032ac       0xc0 contiki-nrf52840dk.a(clock-nrf.o)
                0x00000000000032ac                lfclk_init
                0x00000000000032ce                lfclk_deinit
                0x00000000000032d8                hfclk_xtal_init
                0x00000000000032f0                hfclk_xtal_deinit
                0x00000000000032fa                nrf_clock_time
                0x0000000000003308                nrf_clock_seconds
                0x000000000000332c                nrf_clock_set_seconds
                0x000000000000334c                nrf_clock_update_expiration_time
 .text          0x000000000000336c      0x190 contiki-nrf52840dk.a(simple-uart.o)
                0x000000000000336c                UARTE0_UART0_IRQHandler
                0x0000000000003384                simple_uart_get
                0x00000000000033a0                simple_uart_get_with_timeout
                0x00000000000033fc                simple_uart_put
                0x0000000000003418                _write
                0x0000000000003432                simple_uart_putstring
                0x0000000000003446                simple_uart_config
                0x00000000000034d4                simple_uart_init
 .text          0x00000000000034fc       0x38 contiki-nrf52840dk.a(nrf-delay.o)
                0x00000000000034fc                nrf_delay_ms
 .text          0x0000000000003534      0x43c contiki-nrf52840dk.a(nrf-radio.o)
                0x0000000000003564                nrf_radio_receiving_packet
                0x0000000000003578                nrf_radio_pending_packet
                0x000000000000358c                nrf_radio_prepare
                0x00000000000035c8                nrf_radio_transmit
                0x000000000000361c                nrf_radio_send
                0x000000000000362e                nrf_radio_on
                0x0000000000003678                nrf_radio_off
                0x00000000000036b0                nrf_radio_read
                0x000000000000372c                nrf_radio_flushrx
                0x0000000000003738                nrf_radio_set_radio_mode
                0x0000000000003760                nrf_radio_set_channel
                0x0000000000003778                nrf_radio_get_channel
                0x0000000000003784                nrf_radio_set_txpower
                0x0000000000003794                nrf_radio_get_txpower
                0x00000000000037a0                nrf_radio_get_rssi
                0x00000000000037ac                nrf_radio_read_timestamp
                0x00000000000037c4                nrf_radio_sfd_sync
                0x00000000000037f8                nrf_radio_set_interrupt_enable
                0x0000000000003878                nrf_radio_init
                0x000000000000396c                RADIO_IRQHandler
 .text          0x0000000000003970        0x6 contiki-nrf52840dk.a(nrf-init.o)
                0x0000000000003970                nrf_init
                0x0000000000003972                ppi_init
                0x0000000000003974                gpiote_init
 *fill*         0x0000000000003976        0x2 
 .text          0x0000000000003978       0x94 contiki-nrf52840dk.a(watchdog.o)
                0x0000000000003978                watchdog_init
                0x000000000000399c                watchdog_start
                0x00000000000039b4                watchdog_periodic
                0x00000000000039d8                watchdog_stop
                0x00000000000039e8                watchdog_reboot
 .text          0x0000000000003a0c       0x68 contiki-nrf52840dk.a(gcc_startup_nrf)
                0x0000000000003a0c                Reset_Handler
                0x0000000000003a60                NMI_Handler
                0x0000000000003a62                HardFault_Handler
                0x0000000000003a64                MemoryManagement_Handler
                0x0000000000003a66                BusFault_Handler
                0x0000000000003a68                UsageFault_Handler
                0x0000000000003a6a                SVC_Handler
                0x0000000000003a6c                DebugMon_Handler
                0x0000000000003a6e                PendSV_Handler
                0x0000000000003a70                SysTick_Handler
                0x0000000000003a72                TIMER2_IRQHandler
                0x0000000000003a72                RTC0_IRQHandler
                0x0000000000003a72                SWI0_EGU0_IRQHandler
                0x0000000000003a72                SWI2_EGU2_IRQHandler
                0x0000000000003a72                GPIOTE_IRQHandler
                0x0000000000003a72                PWM1_IRQHandler
                0x0000000000003a72                POWER_CLOCK_IRQHandler
                0x0000000000003a72                PDM_IRQHandler
                0x0000000000003a72                TEMP_IRQHandler
                0x0000000000003a72                QDEC_IRQHandler
                0x0000000000003a72                TIMER3_IRQHandler
                0x0000000000003a72                PWM3_IRQHandler
                0x0000000000003a72                FPU_IRQHandler
                0x0000000000003a72                USBD_IRQHandler
                0x0000000000003a72                SPIM0_SPIS0_TWIM0_TWIS0_SPI0_TWI0_IRQHandler
                0x0000000000003a72                TIMER4_IRQHandler
                0x0000000000003a72                CRYPTOCELL_IRQHandler
                0x0000000000003a72                I2S_IRQHandler
                0x0000000000003a72                SWI4_EGU4_IRQHandler
                0x0000000000003a72                TIMER0_IRQHandler
                0x0000000000003a72                UARTE1_IRQHandler
                0x0000000000003a72                TIMER1_IRQHandler
                0x0000000000003a72                SPIM3_IRQHandler
                0x0000000000003a72                PWM2_IRQHandler
                0x0000000000003a72                ECB_IRQHandler
                0x0000000000003a72                SPIM1_SPIS1_TWIM1_TWIS1_SPI1_TWI1_IRQHandler
                0x0000000000003a72                Default_Handler
                0x0000000000003a72                SAADC_IRQHandler
                0x0000000000003a72                CCM_AAR_IRQHandler
                0x0000000000003a72                WDT_IRQHandler
                0x0000000000003a72                SWI5_EGU5_IRQHandler
                0x0000000000003a72                RNG_IRQHandler
                0x0000000000003a72                RTC2_IRQHandler
                0x0000000000003a72                PWM0_IRQHandler
                0x0000000000003a72                SWI3_EGU3_IRQHandler
                0x0000000000003a72                SWI1_EGU1_IRQHandler
                0x0000000000003a72                SPIM2_SPIS2_SPI2_IRQHandler
                0x0000000000003a72                NFCT_IRQHandler
                0x0000000000003a72                MWU_IRQHandler
                0x0000000000003a72                QSPI_IRQHandler
                0x0000000000003a72                COMP_LPCOMP_IRQHandler
 .text          0x0000000000003a74       0x26 contiki-nrf52840dk.a(autostart.o)
                0x0000000000003a74                autostart_start
                0x0000000000003a88                autostart_exit
 *fill*         0x0000000000003a9a        0x2 
 .text          0x0000000000003a9c      0x1d4 contiki-nrf52840dk.a(ctimer.o)
                0x0000000000003b14                ctimer_init
                0x0000000000003b34                ctimer_set_with_process
                0x0000000000003b74                ctimer_set
                0x0000000000003b88                ctimer_set_absolute
                0x0000000000003bb0                ctimer_reset
                0x0000000000003be4                ctimer_restart
                0x0000000000003c18                ctimer_stop
                0x0000000000003c40                ctimer_expired
 .text          0x0000000000003c70      0x1ec contiki-nrf52840dk.a(etimer.o)
                0x0000000000003cac                etimer_request_poll
                0x0000000000003da0                etimer_set
                0x0000000000003db0                etimer_reset_with_new_interval
                0x0000000000003dc4                etimer_reset
                0x0000000000003dd4                etimer_restart
                0x0000000000003de4                etimer_adjust
                0x0000000000003dec                etimer_adjust_absolute
                0x0000000000003df0                etimer_expired
                0x0000000000003dfa                etimer_expiration_time
                0x0000000000003e02                etimer_start_time
                0x0000000000003e06                etimer_pending
                0x0000000000003e18                etimer_next_expiration_time
                0x0000000000003e28                etimer_stop
 .text          0x0000000000003e5c      0x238 contiki-nrf52840dk.a(process.o)
                0x0000000000003f3c                process_alloc_event
                0x0000000000003f4c                process_exit
                0x0000000000003f58                process_init
                0x0000000000003f70                process_run
                0x0000000000003fec                process_nevents
                0x0000000000003ffc                process_post
                0x000000000000402c                process_post_synch
                0x0000000000004040                process_start
                0x0000000000004070                process_poll
                0x0000000000004088                process_is_running
 .text          0x0000000000004094       0x6c contiki-nrf52840dk.a(rtimer.o)
                0x0000000000004094                rtimer_init
                0x0000000000004098                rtimer_set
                0x00000000000040bc                rtimer_set_override
                0x00000000000040d8                rtimer_run_next
 .text          0x0000000000004100       0x50 contiki-nrf52840dk.a(timer.o)
                0x0000000000004100                timer_set
                0x000000000000410e                timer_reset
                0x0000000000004118                timer_restart
                0x0000000000004124                timer_expired
                0x0000000000004140                timer_remaining
 .text          0x0000000000004150      0x100 contiki-nrf52840dk.a(serial-line.o)
                0x00000000000041e4                serial_line_input_byte
                0x000000000000422c                serial_line_init
 .text          0x0000000000004250       0x80 contiki-nrf52840dk.a(leds.o)
                0x0000000000004250                leds_init
                0x0000000000004264                leds_get
                0x0000000000004268                leds_set
                0x0000000000004274                leds_on
                0x0000000000004284                leds_off
                0x0000000000004298                leds_toggle
                0x00000000000042a8                leds_blink
 .text          0x00000000000042d0       0x66 contiki-nrf52840dk.a(ringbuf.o)
                0x00000000000042d0                ringbuf_init
                0x00000000000042de                ringbuf_put
                0x0000000000004304                ringbuf_get
                0x0000000000004324                ringbuf_size
                0x000000000000432a                ringbuf_elements
 .text          0x0000000000004336       0xbe contiki-nrf52840dk.a(list.o)
                0x0000000000004336                list_init
                0x000000000000433c                list_head
                0x0000000000004340                list_copy
                0x0000000000004346                list_tail
                0x0000000000004356                list_chop
                0x0000000000004374                list_pop
                0x0000000000004380                list_remove
                0x00000000000043a6                list_add
                0x00000000000043c0                list_push
                0x00000000000043d0                list_length
                0x00000000000043de                list_insert
                0x00000000000043ee                list_item_next
 .text          0x00000000000043f4        0xe contiki-nrf52840dk.a(random.o)
                0x00000000000043f4                random_init
                0x00000000000043f8                random_rand
 *fill*         0x0000000000004402        0x2 
 .text          0x0000000000004404      0x28c contiki-nrf52840dk.a(packetbuf.o)
                0x0000000000004404                packetbuf_clear_hdr
                0x0000000000004410                packetbuf_compact
                0x000000000000443c                packetbuf_copyto_hdr
                0x0000000000004458                packetbuf_copyto
                0x000000000000449c                packetbuf_hdr_remove
                0x00000000000044ac                packetbuf_hdrreduce
                0x00000000000044cc                packetbuf_set_datalen
                0x00000000000044d8                packetbuf_dataptr
                0x00000000000044e8                packetbuf_hdrptr
                0x00000000000044f8                packetbuf_datalen
                0x0000000000004504                packetbuf_hdrlen
                0x000000000000451c                packetbuf_totlen
                0x0000000000004530                packetbuf_hdralloc
                0x0000000000004558                packetbuf_attr_clear
                0x00000000000045a8                packetbuf_clear
                0x00000000000045c4                packetbuf_copyfrom
                0x00000000000045ec                packetbuf_attr_copyto
                0x0000000000004614                packetbuf_attr_copyfrom
                0x000000000000463c                packetbuf_set_attr
                0x000000000000464c                packetbuf_attr
                0x0000000000004658                packetbuf_set_addr
                0x0000000000004670                packetbuf_addr
                0x0000000000004680                packetbuf_holds_broadcast
 .text          0x0000000000004690       0x24 contiki-nrf52840dk.a(linkaddr.o)
                0x0000000000004690                linkaddr_copy
                0x0000000000004696                linkaddr_cmp
                0x00000000000046a6                linkaddr_set_node_addr
 .text          0x00000000000046b4       0xda contiki-nrf52840dk.a(leds-arch.o)
                0x00000000000046b4                leds_arch_init
                0x00000000000046f4                leds_arch_get
                0x000000000000471e                leds_arch_set
 *fill*         0x000000000000478e        0x2 
 .text          0x0000000000004790      0x164 contiki-nrf52840dk.a(system_nrf52.o)
                0x00000000000047b0                SystemCoreClockUpdate
                0x00000000000047c0                SystemInit
 .text          0x00000000000048f4       0x60 contiki-nrf52840dk.a(rtimer-arch.o)
                0x00000000000048f4                rtimer_arch_init
                0x000000000000493c                rtimer_arch_schedule
 .text          0x0000000000004954       0x4c contiki-nrf52840dk.a(cmsis_nvic.o)
                0x0000000000004954                NVIC_Relocate
                0x000000000000497c                NVIC_SetVector
                0x0000000000004990                NVIC_GetVector
 .text          0x00000000000049a0      0x378 /home/svewi/opt/gnu-mcu-eclipse/arm-none-eabi-gcc/7.2.1-1.1-20180401-0515/bin/../lib/gcc/arm-none-eabi/7.2.1/thumb/v7e-m/fpv4-sp/hard/libgcc.a(_arm_addsubdf3.o)
                0x00000000000049a0                __aeabi_drsub
                0x00000000000049a8                __aeabi_dsub
                0x00000000000049a8                __subdf3
                0x00000000000049ac                __adddf3
                0x00000000000049ac                __aeabi_dadd
                0x0000000000004c24                __aeabi_ui2d
                0x0000000000004c24                __floatunsidf
                0x0000000000004c44                __floatsidf
                0x0000000000004c44                __aeabi_i2d
                0x0000000000004c68                __extendsfdf2
                0x0000000000004c68                __aeabi_f2d
                0x0000000000004cac                __aeabi_ul2d
                0x0000000000004cac                __floatundidf
                0x0000000000004cbc                __floatdidf
                0x0000000000004cbc                __aeabi_l2d
 .text          0x0000000000004d18      0x424 /home/svewi/opt/gnu-mcu-eclipse/arm-none-eabi-gcc/7.2.1-1.1-20180401-0515/bin/../lib/gcc/arm-none-eabi/7.2.1/thumb/v7e-m/fpv4-sp/hard/libgcc.a(_arm_muldivdf3.o)
                0x0000000000004d18                __aeabi_dmul
                0x0000000000004d18                __muldf3
                0x0000000000004f6c                __aeabi_ddiv
                0x0000000000004f6c                __divdf3
 .text          0x000000000000513c      0x110 /home/svewi/opt/gnu-mcu-eclipse/arm-none-eabi-gcc/7.2.1-1.1-20180401-0515/bin/../lib/gcc/arm-none-eabi/7.2.1/thumb/v7e-m/fpv4-sp/hard/libgcc.a(_arm_cmpdf2.o)
                0x000000000000513c                __gtdf2
                0x000000000000513c                __gedf2
                0x0000000000005144                __ltdf2
                0x0000000000005144                __ledf2
                0x000000000000514c                __cmpdf2
                0x000000000000514c                __eqdf2
                0x000000000000514c                __nedf2
                0x00000000000051c8                __aeabi_cdrcmple
                0x00000000000051d8                __aeabi_cdcmple
                0x00000000000051d8                __aeabi_cdcmpeq
                0x00000000000051e8                __aeabi_dcmpeq
                0x00000000000051fc                __aeabi_dcmplt
                0x0000000000005210                __aeabi_dcmple
                0x0000000000005224                __aeabi_dcmpge
                0x0000000000005238                __aeabi_dcmpgt
 .text          0x000000000000524c       0x2c /home/svewi/opt/gnu-mcu-eclipse/arm-none-eabi-gcc/7.2.1-1.1-20180401-0515/bin/../lib/gcc/arm-none-eabi/7.2.1/thumb/v7e-m/fpv4-sp/hard/libgcc.a(_arm_unorddf2.o)
                0x000000000000524c                __aeabi_dcmpun
                0x000000000000524c                __unorddf2
 .text          0x0000000000005278       0x50 /home/svewi/opt/gnu-mcu-eclipse/arm-none-eabi-gcc/7.2.1-1.1-20180401-0515/bin/../lib/gcc/arm-none-eabi/7.2.1/thumb/v7e-m/fpv4-sp/hard/libgcc.a(_arm_fixdfsi.o)
                0x0000000000005278                __fixdfsi
                0x0000000000005278                __aeabi_d2iz
 .text.memcmp   0x00000000000052c8       0x1e /home/svewi/opt/gnu-mcu-eclipse/arm-none-eabi-gcc/7.2.1-1.1-20180401-0515/bin/../lib/gcc/arm-none-eabi/7.2.1/../../../../arm-none-eabi/lib/thumb/v7e-m/fpv4-sp/hard/libc_nano.a(lib_a-memcmp.o)
                0x00000000000052c8                memcmp
 *fill*         0x00000000000052e6        0x2 
 .text.printf   0x00000000000052e8       0x30 /home/svewi/opt/gnu-mcu-eclipse/arm-none-eabi-gcc/7.2.1-1.1-20180401-0515/bin/../lib/gcc/arm-none-eabi/7.2.1/../../../../arm-none-eabi/lib/thumb/v7e-m/fpv4-sp/hard/libc_nano.a(lib_a-printf.o)
                0x00000000000052e8                printf
                0x00000000000052e8                iprintf
 .text.putchar  0x0000000000005318       0x28 /home/svewi/opt/gnu-mcu-eclipse/arm-none-eabi-gcc/7.2.1-1.1-20180401-0515/bin/../lib/gcc/arm-none-eabi/7.2.1/../../../../arm-none-eabi/lib/thumb/v7e-m/fpv4-sp/hard/libc_nano.a(lib_a-putchar.o)
                0x0000000000005318                putchar
 .text._puts_r  0x0000000000005340       0xb8 /home/svewi/opt/gnu-mcu-eclipse/arm-none-eabi-gcc/7.2.1-1.1-20180401-0515/bin/../lib/gcc/arm-none-eabi/7.2.1/../../../../arm-none-eabi/lib/thumb/v7e-m/fpv4-sp/hard/libc_nano.a(lib_a-puts.o)
                0x0000000000005340                _puts_r
 .text.puts     0x00000000000053f8       0x10 /home/svewi/opt/gnu-mcu-eclipse/arm-none-eabi-gcc/7.2.1-1.1-20180401-0515/bin/../lib/gcc/arm-none-eabi/7.2.1/../../../../arm-none-eabi/lib/thumb/v7e-m/fpv4-sp/hard/libc_nano.a(lib_a-puts.o)
                0x00000000000053f8                puts
 .text.srand    0x0000000000005408       0x48 /home/svewi/opt/gnu-mcu-eclipse/arm-none-eabi-gcc/7.2.1-1.1-20180401-0515/bin/../lib/gcc/arm-none-eabi/7.2.1/../../../../arm-none-eabi/lib/thumb/v7e-m/fpv4-sp/hard/libc_nano.a(lib_a-rand.o)
                0x0000000000005408                srand
 .text.rand     0x0000000000005450       0x68 /home/svewi/opt/gnu-mcu-eclipse/arm-none-eabi-gcc/7.2.1-1.1-20180401-0515/bin/../lib/gcc/arm-none-eabi/7.2.1/../../../../arm-none-eabi/lib/thumb/v7e-m/fpv4-sp/hard/libc_nano.a(lib_a-rand.o)
                0x0000000000005450                rand
 .text.__swbuf_r
                0x00000000000054b8       0xa4 /home/svewi/opt/gnu-mcu-eclipse/arm-none-eabi-gcc/7.2.1-1.1-20180401-0515/bin/../lib/gcc/arm-none-eabi/7.2.1/../../../../arm-none-eabi/lib/thumb/v7e-m/fpv4-sp/hard/libc_nano.a(lib_a-wbuf.o)
                0x00000000000054b8                __swbuf_r
 .text.__swsetup_r
                0x000000000000555c       0xdc /home/svewi/opt/gnu-mcu-eclipse/arm-none-eabi-gcc/7.2.1-1.1-20180401-0515/bin/../lib/gcc/arm-none-eabi/7.2.1/../../../../arm-none-eabi/lib/thumb/v7e-m/fpv4-sp/hard/libc_nano.a(lib_a-wsetup.o)
                0x000000000000555c                __swsetup_r
 .text.__sflush_r
                0x0000000000005638      0x10c /home/svewi/opt/gnu-mcu-eclipse/arm-none-eabi-gcc/7.2.1-1.1-20180401-0515/bin/../lib/gcc/arm-none-eabi/7.2.1/../../../../arm-none-eabi/lib/thumb/v7e-m/fpv4-sp/hard/libc_nano.a(lib_a-fflush.o)
                0x0000000000005638                __sflush_r
 .text._fflush_r
                0x0000000000005744       0x54 /home/svewi/opt/gnu-mcu-eclipse/arm-none-eabi-gcc/7.2.1-1.1-20180401-0515/bin/../lib/gcc/arm-none-eabi/7.2.1/../../../../arm-none-eabi/lib/thumb/v7e-m/fpv4-sp/hard/libc_nano.a(lib_a-fflush.o)
                0x0000000000005744                _fflush_r
 .text.std      0x0000000000005798       0x48 /home/svewi/opt/gnu-mcu-eclipse/arm-none-eabi-gcc/7.2.1-1.1-20180401-0515/bin/../lib/gcc/arm-none-eabi/7.2.1/../../../../arm-none-eabi/lib/thumb/v7e-m/fpv4-sp/hard/libc_nano.a(lib_a-findfp.o)
 .text._cleanup_r
                0x00000000000057e0        0xc /home/svewi/opt/gnu-mcu-eclipse/arm-none-eabi-gcc/7.2.1-1.1-20180401-0515/bin/../lib/gcc/arm-none-eabi/7.2.1/../../../../arm-none-eabi/lib/thumb/v7e-m/fpv4-sp/hard/libc_nano.a(lib_a-findfp.o)
                0x00000000000057e0                _cleanup_r
 .text.__sfmoreglue
                0x00000000000057ec       0x2c /home/svewi/opt/gnu-mcu-eclipse/arm-none-eabi-gcc/7.2.1-1.1-20180401-0515/bin/../lib/gcc/arm-none-eabi/7.2.1/../../../../arm-none-eabi/lib/thumb/v7e-m/fpv4-sp/hard/libc_nano.a(lib_a-findfp.o)
                0x00000000000057ec                __sfmoreglue
 .text.__sinit  0x0000000000005818       0x60 /home/svewi/opt/gnu-mcu-eclipse/arm-none-eabi-gcc/7.2.1-1.1-20180401-0515/bin/../lib/gcc/arm-none-eabi/7.2.1/../../../../arm-none-eabi/lib/thumb/v7e-m/fpv4-sp/hard/libc_nano.a(lib_a-findfp.o)
                0x0000000000005818                __sinit
 .text.__sfp    0x0000000000005878       0x78 /home/svewi/opt/gnu-mcu-eclipse/arm-none-eabi-gcc/7.2.1-1.1-20180401-0515/bin/../lib/gcc/arm-none-eabi/7.2.1/../../../../arm-none-eabi/lib/thumb/v7e-m/fpv4-sp/hard/libc_nano.a(lib_a-findfp.o)
                0x0000000000005878                __sfp
 .text._fwalk_reent
                0x00000000000058f0       0x3c /home/svewi/opt/gnu-mcu-eclipse/arm-none-eabi-gcc/7.2.1-1.1-20180401-0515/bin/../lib/gcc/arm-none-eabi/7.2.1/../../../../arm-none-eabi/lib/thumb/v7e-m/fpv4-sp/hard/libc_nano.a(lib_a-fwalk.o)
                0x00000000000058f0                _fwalk_reent
 .text.__swhatbuf_r
                0x000000000000592c       0x48 /home/svewi/opt/gnu-mcu-eclipse/arm-none-eabi-gcc/7.2.1-1.1-20180401-0515/bin/../lib/gcc/arm-none-eabi/7.2.1/../../../../arm-none-eabi/lib/thumb/v7e-m/fpv4-sp/hard/libc_nano.a(lib_a-makebuf.o)
                0x000000000000592c                __swhatbuf_r
 .text.__smakebuf_r
                0x0000000000005974       0x80 /home/svewi/opt/gnu-mcu-eclipse/arm-none-eabi-gcc/7.2.1-1.1-20180401-0515/bin/../lib/gcc/arm-none-eabi/7.2.1/../../../../arm-none-eabi/lib/thumb/v7e-m/fpv4-sp/hard/libc_nano.a(lib_a-makebuf.o)
                0x0000000000005974                __smakebuf_r
 .text.__sfputc_r
                0x00000000000059f4       0x2e /home/svewi/opt/gnu-mcu-eclipse/arm-none-eabi-gcc/7.2.1-1.1-20180401-0515/bin/../lib/gcc/arm-none-eabi/7.2.1/../../../../arm-none-eabi/lib/thumb/v7e-m/fpv4-sp/hard/libc_nano.a(lib_a-nano-vfprintf.o)
 .text.__sfputs_r
                0x0000000000005a22       0x24 /home/svewi/opt/gnu-mcu-eclipse/arm-none-eabi-gcc/7.2.1-1.1-20180401-0515/bin/../lib/gcc/arm-none-eabi/7.2.1/../../../../arm-none-eabi/lib/thumb/v7e-m/fpv4-sp/hard/libc_nano.a(lib_a-nano-vfprintf.o)
                0x0000000000005a22                __sfputs_r
 *fill*         0x0000000000005a46        0x2 
 .text._vfprintf_r
                0x0000000000005a48      0x228 /home/svewi/opt/gnu-mcu-eclipse/arm-none-eabi-gcc/7.2.1-1.1-20180401-0515/bin/../lib/gcc/arm-none-eabi/7.2.1/../../../../arm-none-eabi/lib/thumb/v7e-m/fpv4-sp/hard/libc_nano.a(lib_a-nano-vfprintf.o)
                0x0000000000005a48                _vfiprintf_r
                0x0000000000005a48                _vfprintf_r
 .text._putc_r  0x0000000000005c70       0x6c /home/svewi/opt/gnu-mcu-eclipse/arm-none-eabi-gcc/7.2.1-1.1-20180401-0515/bin/../lib/gcc/arm-none-eabi/7.2.1/../../../../arm-none-eabi/lib/thumb/v7e-m/fpv4-sp/hard/libc_nano.a(lib_a-putc.o)
                0x0000000000005c70                _putc_r
 .text.__sread  0x0000000000005cdc       0x22 /home/svewi/opt/gnu-mcu-eclipse/arm-none-eabi-gcc/7.2.1-1.1-20180401-0515/bin/../lib/gcc/arm-none-eabi/7.2.1/../../../../arm-none-eabi/lib/thumb/v7e-m/fpv4-sp/hard/libc_nano.a(lib_a-stdio.o)
                0x0000000000005cdc                __sread
 .text.__swrite
                0x0000000000005cfe       0x38 /home/svewi/opt/gnu-mcu-eclipse/arm-none-eabi-gcc/7.2.1-1.1-20180401-0515/bin/../lib/gcc/arm-none-eabi/7.2.1/../../../../arm-none-eabi/lib/thumb/v7e-m/fpv4-sp/hard/libc_nano.a(lib_a-stdio.o)
                0x0000000000005cfe                __swrite
 .text.__sseek  0x0000000000005d36       0x24 /home/svewi/opt/gnu-mcu-eclipse/arm-none-eabi-gcc/7.2.1-1.1-20180401-0515/bin/../lib/gcc/arm-none-eabi/7.2.1/../../../../arm-none-eabi/lib/thumb/v7e-m/fpv4-sp/hard/libc_nano.a(lib_a-stdio.o)
                0x0000000000005d36                __sseek
 .text.__sclose
                0x0000000000005d5a        0x8 /home/svewi/opt/gnu-mcu-eclipse/arm-none-eabi-gcc/7.2.1-1.1-20180401-0515/bin/../lib/gcc/arm-none-eabi/7.2.1/../../../../arm-none-eabi/lib/thumb/v7e-m/fpv4-sp/hard/libc_nano.a(lib_a-stdio.o)
                0x0000000000005d5a                __sclose
 *fill*         0x0000000000005d62        0x2 
 .text._write_r
                0x0000000000005d64       0x24 /home/svewi/opt/gnu-mcu-eclipse/arm-none-eabi-gcc/7.2.1-1.1-20180401-0515/bin/../lib/gcc/arm-none-eabi/7.2.1/../../../../arm-none-eabi/lib/thumb/v7e-m/fpv4-sp/hard/libc_nano.a(lib_a-writer.o)
                0x0000000000005d64                _write_r
 .text._close_r
                0x0000000000005d88       0x20 /home/svewi/opt/gnu-mcu-eclipse/arm-none-eabi-gcc/7.2.1-1.1-20180401-0515/bin/../lib/gcc/arm-none-eabi/7.2.1/../../../../arm-none-eabi/lib/thumb/v7e-m/fpv4-sp/hard/libc_nano.a(lib_a-closer.o)
                0x0000000000005d88                _close_r
 .text._fstat_r
                0x0000000000005da8       0x24 /home/svewi/opt/gnu-mcu-eclipse/arm-none-eabi-gcc/7.2.1-1.1-20180401-0515/bin/../lib/gcc/arm-none-eabi/7.2.1/../../../../arm-none-eabi/lib/thumb/v7e-m/fpv4-sp/hard/libc_nano.a(lib_a-fstatr.o)
                0x0000000000005da8                _fstat_r
 .text._isatty_r
                0x0000000000005dcc       0x20 /home/svewi/opt/gnu-mcu-eclipse/arm-none-eabi-gcc/7.2.1-1.1-20180401-0515/bin/../lib/gcc/arm-none-eabi/7.2.1/../../../../arm-none-eabi/lib/thumb/v7e-m/fpv4-sp/hard/libc_nano.a(lib_a-isattyr.o)
                0x0000000000005dcc                _isatty_r
 .text._lseek_r
                0x0000000000005dec       0x24 /home/svewi/opt/gnu-mcu-eclipse/arm-none-eabi-gcc/7.2.1-1.1-20180401-0515/bin/../lib/gcc/arm-none-eabi/7.2.1/../../../../arm-none-eabi/lib/thumb/v7e-m/fpv4-sp/hard/libc_nano.a(lib_a-lseekr.o)
                0x0000000000005dec                _lseek_r
 .text._read_r  0x0000000000005e10       0x24 /home/svewi/opt/gnu-mcu-eclipse/arm-none-eabi-gcc/7.2.1-1.1-20180401-0515/bin/../lib/gcc/arm-none-eabi/7.2.1/../../../../arm-none-eabi/lib/thumb/v7e-m/fpv4-sp/hard/libc_nano.a(lib_a-readr.o)
                0x0000000000005e10                _read_r
 .text._close   0x0000000000005e34       0x10 /home/svewi/opt/gnu-mcu-eclipse/arm-none-eabi-gcc/7.2.1-1.1-20180401-0515/bin/../lib/gcc/arm-none-eabi/7.2.1/../../../../arm-none-eabi/lib/thumb/v7e-m/fpv4-sp/hard/libnosys.a(close.o)
                0x0000000000005e34                _close
 .text._fstat   0x0000000000005e44       0x10 /home/svewi/opt/gnu-mcu-eclipse/arm-none-eabi-gcc/7.2.1-1.1-20180401-0515/bin/../lib/gcc/arm-none-eabi/7.2.1/../../../../arm-none-eabi/lib/thumb/v7e-m/fpv4-sp/hard/libnosys.a(fstat.o)
                0x0000000000005e44                _fstat
 .text._isatty  0x0000000000005e54       0x10 /home/svewi/opt/gnu-mcu-eclipse/arm-none-eabi-gcc/7.2.1-1.1-20180401-0515/bin/../lib/gcc/arm-none-eabi/7.2.1/../../../../arm-none-eabi/lib/thumb/v7e-m/fpv4-sp/hard/libnosys.a(isatty.o)
                0x0000000000005e54                _isatty
 .text._lseek   0x0000000000005e64       0x10 /home/svewi/opt/gnu-mcu-eclipse/arm-none-eabi-gcc/7.2.1-1.1-20180401-0515/bin/../lib/gcc/arm-none-eabi/7.2.1/../../../../arm-none-eabi/lib/thumb/v7e-m/fpv4-sp/hard/libnosys.a(lseek.o)
                0x0000000000005e64                _lseek
 .text._read    0x0000000000005e74       0x10 /home/svewi/opt/gnu-mcu-eclipse/arm-none-eabi-gcc/7.2.1-1.1-20180401-0515/bin/../lib/gcc/arm-none-eabi/7.2.1/../../../../arm-none-eabi/lib/thumb/v7e-m/fpv4-sp/hard/libnosys.a(read.o)
                0x0000000000005e74                _read
 .text._exit    0x0000000000005e84        0x4 /home/svewi/opt/gnu-mcu-eclipse/arm-none-eabi-gcc/7.2.1-1.1-20180401-0515/bin/../lib/gcc/arm-none-eabi/7.2.1/../../../../arm-none-eabi/lib/thumb/v7e-m/fpv4-sp/hard/libnosys.a(_exit.o)
                0x0000000000005e84                _exit
 *(.init)
 .init          0x0000000000005e88        0x4 /home/svewi/opt/gnu-mcu-eclipse/arm-none-eabi-gcc/7.2.1-1.1-20180401-0515/bin/../lib/gcc/arm-none-eabi/7.2.1/thumb/v7e-m/fpv4-sp/hard/crti.o
                0x0000000000005e88                _init
 .init          0x0000000000005e8c        0x8 /home/svewi/opt/gnu-mcu-eclipse/arm-none-eabi-gcc/7.2.1-1.1-20180401-0515/bin/../lib/gcc/arm-none-eabi/7.2.1/thumb/v7e-m/fpv4-sp/hard/crtn.o
 *(.fini)
 .fini          0x0000000000005e94        0x4 /home/svewi/opt/gnu-mcu-eclipse/arm-none-eabi-gcc/7.2.1-1.1-20180401-0515/bin/../lib/gcc/arm-none-eabi/7.2.1/thumb/v7e-m/fpv4-sp/hard/crti.o
                0x0000000000005e94                _fini
 .fini          0x0000000000005e98        0x8 /home/svewi/opt/gnu-mcu-eclipse/arm-none-eabi-gcc/7.2.1-1.1-20180401-0515/bin/../lib/gcc/arm-none-eabi/7.2.1/thumb/v7e-m/fpv4-sp/hard/crtn.o
 *crtbegin.o(.ctors)
 *crtbegin?.o(.ctors)
 *(EXCLUDE_FILE(*crtend.o *crtend?.o) .ctors)
 *(SORT_BY_NAME(.ctors.*))
 *(.ctors)
 *crtbegin.o(.dtors)
 *crtbegin?.o(.dtors)
 *(EXCLUDE_FILE(*crtend.o *crtend?.o) .dtors)
 *(SORT_BY_NAME(.dtors.*))
 *(.dtors)
 *(.rodata*)
 .rodata._global_impure_ptr
                0x0000000000005ea0        0x4 /home/svewi/opt/gnu-mcu-eclipse/arm-none-eabi-gcc/7.2.1-1.1-20180401-0515/bin/../lib/gcc/arm-none-eabi/7.2.1/../../../../arm-none-eabi/lib/thumb/v7e-m/fpv4-sp/hard/libc_nano.a(lib_a-impure.o)
                0x0000000000005ea0                _global_impure_ptr
 .rodata._printf_float.str1.1
                0x0000000000005ea4       0x12 /home/svewi/opt/gnu-mcu-eclipse/arm-none-eabi-gcc/7.2.1-1.1-20180401-0515/bin/../lib/gcc/arm-none-eabi/7.2.1/../../../../arm-none-eabi/lib/thumb/v7e-m/fpv4-sp/hard/libc_nano.a(lib_a-nano-vfprintf_float.o)
 .rodata._printf_i.str1.1
                0x0000000000005eb6       0x22 /home/svewi/opt/gnu-mcu-eclipse/arm-none-eabi-gcc/7.2.1-1.1-20180401-0515/bin/../lib/gcc/arm-none-eabi/7.2.1/../../../../arm-none-eabi/lib/thumb/v7e-m/fpv4-sp/hard/libc_nano.a(lib_a-nano-vfprintf_i.o)
 .rodata._dtoa_r.str1.1
                0x0000000000005ed8        0xd /home/svewi/opt/gnu-mcu-eclipse/arm-none-eabi-gcc/7.2.1-1.1-20180401-0515/bin/../lib/gcc/arm-none-eabi/7.2.1/../../../../arm-none-eabi/lib/thumb/v7e-m/fpv4-sp/hard/libc_nano.a(lib_a-dtoa.o)
                                          0xf (size before relaxing)
 *fill*         0x0000000000005ee5        0x3 
 .rodata.__mprec_bigtens
                0x0000000000005ee8       0x28 /home/svewi/opt/gnu-mcu-eclipse/arm-none-eabi-gcc/7.2.1-1.1-20180401-0515/bin/../lib/gcc/arm-none-eabi/7.2.1/../../../../arm-none-eabi/lib/thumb/v7e-m/fpv4-sp/hard/libc_nano.a(lib_a-mprec.o)
                0x0000000000005ee8                __mprec_bigtens
 .rodata.__mprec_tens
                0x0000000000005f10       0xc8 /home/svewi/opt/gnu-mcu-eclipse/arm-none-eabi-gcc/7.2.1-1.1-20180401-0515/bin/../lib/gcc/arm-none-eabi/7.2.1/../../../../arm-none-eabi/lib/thumb/v7e-m/fpv4-sp/hard/libc_nano.a(lib_a-mprec.o)
                0x0000000000005f10                __mprec_tens
 .rodata.p05.7359
                0x0000000000005fd8        0xc /home/svewi/opt/gnu-mcu-eclipse/arm-none-eabi-gcc/7.2.1-1.1-20180401-0515/bin/../lib/gcc/arm-none-eabi/7.2.1/../../../../arm-none-eabi/lib/thumb/v7e-m/fpv4-sp/hard/libc_nano.a(lib_a-mprec.o)
 .rodata._setlocale_r.str1.1
                0x0000000000005fe4        0x8 /home/svewi/opt/gnu-mcu-eclipse/arm-none-eabi-gcc/7.2.1-1.1-20180401-0515/bin/../lib/gcc/arm-none-eabi/7.2.1/../../../../arm-none-eabi/lib/thumb/v7e-m/fpv4-sp/hard/libc_nano.a(lib_a-locale.o)
                                          0x9 (size before relaxing)
 .rodata.str1.1
                0x0000000000005fec        0x2 /home/svewi/opt/gnu-mcu-eclipse/arm-none-eabi-gcc/7.2.1-1.1-20180401-0515/bin/../lib/gcc/arm-none-eabi/7.2.1/../../../../arm-none-eabi/lib/thumb/v7e-m/fpv4-sp/hard/libc_nano.a(lib_a-locale.o)
 .rodata._ctype_
                0x0000000000005fee      0x101 /home/svewi/opt/gnu-mcu-eclipse/arm-none-eabi-gcc/7.2.1-1.1-20180401-0515/bin/../lib/gcc/arm-none-eabi/7.2.1/../../../../arm-none-eabi/lib/thumb/v7e-m/fpv4-sp/hard/libc_nano.a(lib_a-ctype_.o)
                0x0000000000005fee                _ctype_
 *fill*         0x00000000000060ef        0x1 
 .rodata        0x00000000000060f0      0x158 dirty-channel.co
                0x00000000000060f0                testbed_ids
                0x0000000000006140                uuids_array
                0x0000000000006240                autostart_processes
 .rodata.str1.1
                0x0000000000006248      0x144 dirty-channel.co
 .rodata        0x000000000000638c       0x2a obj_nrf52840dk/nrf-radio-driver.o
                0x000000000000638c                ble_hw_frequency_channels
                0x00000000000063b4                ble_hopping_list
                0x00000000000063b5                ble_channels_list
 .rodata.str1.1
                0x00000000000063b6       0x17 contiki-nrf52840dk.a(contiki-main.o)
 .rodata.str1.1
                0x00000000000063cd       0x25 contiki-nrf52840dk.a(nrf-radio.o)
 .rodata.str1.1
                0x00000000000063f2        0xf contiki-nrf52840dk.a(ctimer.o)
 .rodata.str1.1
                0x0000000000006401        0xc contiki-nrf52840dk.a(etimer.o)
 .rodata.str1.1
                0x000000000000640d        0xe contiki-nrf52840dk.a(serial-line.o)
 *fill*         0x000000000000641b        0x1 
 .rodata        0x000000000000641c        0x2 contiki-nrf52840dk.a(linkaddr.o)
                0x000000000000641c                linkaddr_null
 *fill*         0x000000000000641e        0x2 
 .rodata.__sf_fake_stderr
                0x0000000000006420       0x20 /home/svewi/opt/gnu-mcu-eclipse/arm-none-eabi-gcc/7.2.1-1.1-20180401-0515/bin/../lib/gcc/arm-none-eabi/7.2.1/../../../../arm-none-eabi/lib/thumb/v7e-m/fpv4-sp/hard/libc_nano.a(lib_a-findfp.o)
                0x0000000000006420                __sf_fake_stderr
 .rodata.__sf_fake_stdin
                0x0000000000006440       0x20 /home/svewi/opt/gnu-mcu-eclipse/arm-none-eabi-gcc/7.2.1-1.1-20180401-0515/bin/../lib/gcc/arm-none-eabi/7.2.1/../../../../arm-none-eabi/lib/thumb/v7e-m/fpv4-sp/hard/libc_nano.a(lib_a-findfp.o)
                0x0000000000006440                __sf_fake_stdin
 .rodata.__sf_fake_stdout
                0x0000000000006460       0x20 /home/svewi/opt/gnu-mcu-eclipse/arm-none-eabi-gcc/7.2.1-1.1-20180401-0515/bin/../lib/gcc/arm-none-eabi/7.2.1/../../../../arm-none-eabi/lib/thumb/v7e-m/fpv4-sp/hard/libc_nano.a(lib_a-findfp.o)
                0x0000000000006460                __sf_fake_stdout
 .rodata._vfprintf_r.str1.1
                0x0000000000006480       0x11 /home/svewi/opt/gnu-mcu-eclipse/arm-none-eabi-gcc/7.2.1-1.1-20180401-0515/bin/../lib/gcc/arm-none-eabi/7.2.1/../../../../arm-none-eabi/lib/thumb/v7e-m/fpv4-sp/hard/libc_nano.a(lib_a-nano-vfprintf.o)
 *(.eh_frame*)
                0x0000000000006494                . = ALIGN (0x4)
 *fill*         0x0000000000006491        0x3 

.glue_7         0x0000000000006494        0x0
 .glue_7        0x0000000000006494        0x0 linker stubs

.glue_7t        0x0000000000006494        0x0
 .glue_7t       0x0000000000006494        0x0 linker stubs

.vfp11_veneer   0x0000000000006494        0x0
 .vfp11_veneer  0x0000000000006494        0x0 linker stubs

.v4_bx          0x0000000000006494        0x0
 .v4_bx         0x0000000000006494        0x0 linker stubs

.iplt           0x0000000000006494        0x0
 .iplt          0x0000000000006494        0x0 /home/svewi/opt/gnu-mcu-eclipse/arm-none-eabi-gcc/7.2.1-1.1-20180401-0515/bin/../lib/gcc/arm-none-eabi/7.2.1/../../../../arm-none-eabi/lib/thumb/v7e-m/fpv4-sp/hard/crt0.o

.ARM.extab      0x0000000000006494        0x0
 *(.ARM.extab* .gnu.linkonce.armextab.*)
                0x0000000000006494                . = ALIGN (0x4)
                0x0000000000006494                __exidx_start = .

.ARM.exidx      0x0000000000006494        0x8
 *(.ARM.exidx* .gnu.linkonce.armexidx.*)
 .ARM.exidx     0x0000000000006494        0x8 /home/svewi/opt/gnu-mcu-eclipse/arm-none-eabi-gcc/7.2.1-1.1-20180401-0515/bin/../lib/gcc/arm-none-eabi/7.2.1/../../../../arm-none-eabi/lib/thumb/v7e-m/fpv4-sp/hard/crt0.o
 .ARM.exidx     0x000000000000649c        0x0 contiki-nrf52840dk.a(gcc_startup_nrf)
                                          0x8 (size before relaxing)
                0x000000000000649c                . = ALIGN (0x4)
                0x000000000000649c                __exidx_end = .
                0x000000000000649c                __etext = .

.rel.dyn        0x000000000000649c        0x0
 .rel.iplt      0x000000000000649c        0x0 /home/svewi/opt/gnu-mcu-eclipse/arm-none-eabi-gcc/7.2.1-1.1-20180401-0515/bin/../lib/gcc/arm-none-eabi/7.2.1/../../../../arm-none-eabi/lib/thumb/v7e-m/fpv4-sp/hard/crt0.o

.vector_relocation
                0x0000000020000000       0xf8
                0x0000000020000000                . = ALIGN (0x4)
                0x0000000020000000                __vector_tbl_reloc__ = .
                0x00000000200000f8                . = (. + (__isr_vector_end - __isr_vector_start))
 *fill*         0x0000000020000000       0xf8 
                0x00000000200000f8                . = ALIGN (0x4)

.data           0x00000000200000f8      0x240 load address 0x000000000000649c
                0x00000000200000f8                __data_start__ = .
 *(vtable)
 *(.data*)
 .data._impure_ptr
                0x00000000200000f8        0x4 /home/svewi/opt/gnu-mcu-eclipse/arm-none-eabi-gcc/7.2.1-1.1-20180401-0515/bin/../lib/gcc/arm-none-eabi/7.2.1/../../../../arm-none-eabi/lib/thumb/v7e-m/fpv4-sp/hard/libc_nano.a(lib_a-impure.o)
                0x00000000200000f8                _impure_ptr
 .data.impure_data
                0x00000000200000fc       0x60 /home/svewi/opt/gnu-mcu-eclipse/arm-none-eabi-gcc/7.2.1-1.1-20180401-0515/bin/../lib/gcc/arm-none-eabi/7.2.1/../../../../arm-none-eabi/lib/thumb/v7e-m/fpv4-sp/hard/libc_nano.a(lib_a-impure.o)
 .data.__global_locale
                0x000000002000015c      0x16c /home/svewi/opt/gnu-mcu-eclipse/arm-none-eabi-gcc/7.2.1-1.1-20180401-0515/bin/../lib/gcc/arm-none-eabi/7.2.1/../../../../arm-none-eabi/lib/thumb/v7e-m/fpv4-sp/hard/libc_nano.a(lib_a-locale.o)
                0x000000002000015c                __global_locale
 .data          0x00000000200002c8       0x18 dirty-channel.co
                0x00000000200002d0                tx_process
 .data          0x00000000200002e0        0x8 obj_nrf52840dk/nrf-radio-driver.o
 .data          0x00000000200002e8        0xc contiki-nrf52840dk.a(sbrk.o)
 .data          0x00000000200002f4       0x10 contiki-nrf52840dk.a(nrf-radio.o)
                0x00000000200002f4                nrf_radio_process
 .data          0x0000000020000304       0x10 contiki-nrf52840dk.a(ctimer.o)
                0x0000000020000304                ctimer_process
 .data          0x0000000020000314       0x10 contiki-nrf52840dk.a(etimer.o)
                0x0000000020000314                etimer_process
 .data          0x0000000020000324       0x10 contiki-nrf52840dk.a(serial-line.o)
                0x0000000020000324                serial_line_process
 .data          0x0000000020000334        0x4 contiki-nrf52840dk.a(system_nrf52.o)
                0x0000000020000334                SystemCoreClock
                0x0000000020000338                . = ALIGN (0x4)
                0x0000000020000338                PROVIDE (__preinit_array_start, .)
 *(.preinit_array)
                0x0000000020000338                PROVIDE (__preinit_array_end, .)
                0x0000000020000338                . = ALIGN (0x4)
                0x0000000020000338                PROVIDE (__init_array_start, .)
 *(SORT_BY_NAME(.init_array.*))
 *(.init_array)
                0x0000000020000338                PROVIDE (__init_array_end, .)
                0x0000000020000338                . = ALIGN (0x4)
                [!provide]                        PROVIDE (__fini_array_start, .)
 *(SORT_BY_NAME(.fini_array.*))
 *(.fini_array)
                [!provide]                        PROVIDE (__fini_array_end, .)
 *(.jcr)
                0x0000000020000338                . = ALIGN (0x4)
                0x0000000020000338                __data_end__ = .

.igot.plt       0x0000000020000338        0x0 load address 0x00000000000066dc
 .igot.plt      0x0000000020000338        0x0 /home/svewi/opt/gnu-mcu-eclipse/arm-none-eabi-gcc/7.2.1-1.1-20180401-0515/bin/../lib/gcc/arm-none-eabi/7.2.1/../../../../arm-none-eabi/lib/thumb/v7e-m/fpv4-sp/hard/crt0.o

.bssnz          0x0000000020000338        0x0
                0x0000000020000338                . = ALIGN (0x4)
                0x0000000020000338                __bssnz_start__ = .
 *(.bss.core.nz*)
                0x0000000020000338                . = ALIGN (0x4)
                0x0000000020000338                __bssnz_end__ = .

.bss            0x0000000020000338      0x8dc load address 0x00000000000066e0
                0x0000000020000338                . = ALIGN (0x4)
                0x0000000020000338                __bss_start__ = .
 *(.bss*)
 .bss.__malloc_free_list
                0x0000000020000338        0x4 /home/svewi/opt/gnu-mcu-eclipse/arm-none-eabi-gcc/7.2.1-1.1-20180401-0515/bin/../lib/gcc/arm-none-eabi/7.2.1/../../../../arm-none-eabi/lib/thumb/v7e-m/fpv4-sp/hard/libc_nano.a(lib_a-nano-mallocr.o)
                0x0000000020000338                __malloc_free_list
 .bss.__malloc_sbrk_start
                0x000000002000033c        0x4 /home/svewi/opt/gnu-mcu-eclipse/arm-none-eabi-gcc/7.2.1-1.1-20180401-0515/bin/../lib/gcc/arm-none-eabi/7.2.1/../../../../arm-none-eabi/lib/thumb/v7e-m/fpv4-sp/hard/libc_nano.a(lib_a-nano-mallocr.o)
                0x000000002000033c                __malloc_sbrk_start
 .bss           0x0000000020000340      0x2fd dirty-channel.co
 *fill*         0x000000002000063d        0x3 
 .bss           0x0000000020000640       0x10 contiki-nrf52840dk.a(clock-nrf.o)
 .bss           0x0000000020000650       0x10 contiki-nrf52840dk.a(nrf-radio.o)
                0x000000002000065c                ref_time
 .bss           0x0000000020000660        0x1 contiki-nrf52840dk.a(watchdog.o)
 *fill*         0x0000000020000661        0x3 
 .bss           0x0000000020000664        0x5 contiki-nrf52840dk.a(ctimer.o)
 *fill*         0x0000000020000669        0x3 
 .bss           0x000000002000066c        0x8 contiki-nrf52840dk.a(etimer.o)
 .bss           0x0000000020000674      0x198 contiki-nrf52840dk.a(process.o)
                0x0000000020000674                process_current
                0x0000000020000678                process_list
 .bss           0x000000002000080c        0x4 contiki-nrf52840dk.a(rtimer.o)
 .bss           0x0000000020000810      0x10d contiki-nrf52840dk.a(serial-line.o)
 .bss           0x000000002000091d        0x1 contiki-nrf52840dk.a(leds.o)
 *fill*         0x000000002000091e        0x2 
 .bss           0x0000000020000920       0xbc contiki-nrf52840dk.a(packetbuf.o)
 *(COMMON)
 COMMON         0x00000000200009dc        0x4 /home/svewi/opt/gnu-mcu-eclipse/arm-none-eabi-gcc/7.2.1-1.1-20180401-0515/bin/../lib/gcc/arm-none-eabi/7.2.1/../../../../arm-none-eabi/lib/thumb/v7e-m/fpv4-sp/hard/libc_nano.a(lib_a-reent.o)
                0x00000000200009dc                errno
 COMMON         0x00000000200009e0      0x1f4 obj_nrf52840dk/nrf-radio-driver.o
                0x00000000200009e0                rx_buffer
                0x0000000020000ada                tx_buffer
 COMMON         0x0000000020000bd4        0x1 contiki-nrf52840dk.a(serial-line.o)
                0x0000000020000bd4                serial_line_event_message
 *fill*         0x0000000020000bd5        0x1 
 COMMON         0x0000000020000bd6       0x3c contiki-nrf52840dk.a(packetbuf.o)
                0x0000000020000bd6                packetbuf_addrs
                0x0000000020000bde                packetbuf_attrs
 COMMON         0x0000000020000c12        0x2 contiki-nrf52840dk.a(linkaddr.o)
                0x0000000020000c12                linkaddr_node_addr
                0x0000000020000c14                . = ALIGN (0x4)
                0x0000000020000c14                __bss_end__ = .
                0x0000000020000c18                . = ALIGN (0x8)
                0x0000000020000c18                __HeapBase = .

.stack_dummy    0x0000000020000c18      0x1b0
 *(.stack*)
 .stack         0x0000000020000c18      0x1b0 contiki-nrf52840dk.a(gcc_startup_nrf)
                0x0000000020040000                __StackTop = (ORIGIN (RAM) + LENGTH (RAM))
                0x000000002003fe50                __StackLimit = (__StackTop - SIZEOF (.stack_dummy))
                0x0000000020040000                PROVIDE (__stack, __StackTop)
                0x000000002003fe50                __HeapLimit = __StackLimit
                0x0000000000000001                ASSERT ((__HeapBase <= __HeapLimit), region RAM overflowed with stack)
OUTPUT(dirty-channel.elf elf32-littlearm)

.ARM.attributes
                0x0000000000000000       0x30
 .ARM.attributes
                0x0000000000000000       0x22 /home/svewi/opt/gnu-mcu-eclipse/arm-none-eabi-gcc/7.2.1-1.1-20180401-0515/bin/../lib/gcc/arm-none-eabi/7.2.1/thumb/v7e-m/fpv4-sp/hard/crti.o
 .ARM.attributes
                0x0000000000000022       0x20 /home/svewi/opt/gnu-mcu-eclipse/arm-none-eabi-gcc/7.2.1-1.1-20180401-0515/bin/../lib/gcc/arm-none-eabi/7.2.1/../../../../arm-none-eabi/lib/thumb/v7e-m/fpv4-sp/hard/crt0.o
 .ARM.attributes
                0x0000000000000042       0x34 /home/svewi/opt/gnu-mcu-eclipse/arm-none-eabi-gcc/7.2.1-1.1-20180401-0515/bin/../lib/gcc/arm-none-eabi/7.2.1/../../../../arm-none-eabi/lib/thumb/v7e-m/fpv4-sp/hard/libc_nano.a(lib_a-exit.o)
 .ARM.attributes
                0x0000000000000076       0x34 /home/svewi/opt/gnu-mcu-eclipse/arm-none-eabi-gcc/7.2.1-1.1-20180401-0515/bin/../lib/gcc/arm-none-eabi/7.2.1/../../../../arm-none-eabi/lib/thumb/v7e-m/fpv4-sp/hard/libc_nano.a(lib_a-impure.o)
 .ARM.attributes
                0x00000000000000aa       0x34 /home/svewi/opt/gnu-mcu-eclipse/arm-none-eabi-gcc/7.2.1-1.1-20180401-0515/bin/../lib/gcc/arm-none-eabi/7.2.1/../../../../arm-none-eabi/lib/thumb/v7e-m/fpv4-sp/hard/libc_nano.a(lib_a-init.o)
 .ARM.attributes
                0x00000000000000de       0x34 /home/svewi/opt/gnu-mcu-eclipse/arm-none-eabi-gcc/7.2.1-1.1-20180401-0515/bin/../lib/gcc/arm-none-eabi/7.2.1/../../../../arm-none-eabi/lib/thumb/v7e-m/fpv4-sp/hard/libc_nano.a(lib_a-memset.o)
 .ARM.attributes
                0x0000000000000112       0x34 /home/svewi/opt/gnu-mcu-eclipse/arm-none-eabi-gcc/7.2.1-1.1-20180401-0515/bin/../lib/gcc/arm-none-eabi/7.2.1/../../../../arm-none-eabi/lib/thumb/v7e-m/fpv4-sp/hard/libc_nano.a(lib_a-nano-vfprintf_float.o)
 .ARM.attributes
                0x0000000000000146       0x34 /home/svewi/opt/gnu-mcu-eclipse/arm-none-eabi-gcc/7.2.1-1.1-20180401-0515/bin/../lib/gcc/arm-none-eabi/7.2.1/../../../../arm-none-eabi/lib/thumb/v7e-m/fpv4-sp/hard/libc_nano.a(lib_a-nano-vfprintf_i.o)
 .ARM.attributes
                0x000000000000017a       0x1b /home/svewi/opt/gnu-mcu-eclipse/arm-none-eabi-gcc/7.2.1-1.1-20180401-0515/bin/../lib/gcc/arm-none-eabi/7.2.1/../../../../arm-none-eabi/lib/thumb/v7e-m/fpv4-sp/hard/libc_nano.a(lib_a-strlen.o)
 .ARM.attributes
                0x0000000000000195       0x34 /home/svewi/opt/gnu-mcu-eclipse/arm-none-eabi-gcc/7.2.1-1.1-20180401-0515/bin/../lib/gcc/arm-none-eabi/7.2.1/../../../../arm-none-eabi/lib/thumb/v7e-m/fpv4-sp/hard/libc_nano.a(lib_a-dtoa.o)
 .ARM.attributes
                0x00000000000001c9       0x34 /home/svewi/opt/gnu-mcu-eclipse/arm-none-eabi-gcc/7.2.1-1.1-20180401-0515/bin/../lib/gcc/arm-none-eabi/7.2.1/../../../../arm-none-eabi/lib/thumb/v7e-m/fpv4-sp/hard/libc_nano.a(lib_a-localeconv.o)
 .ARM.attributes
                0x00000000000001fd       0x34 /home/svewi/opt/gnu-mcu-eclipse/arm-none-eabi-gcc/7.2.1-1.1-20180401-0515/bin/../lib/gcc/arm-none-eabi/7.2.1/../../../../arm-none-eabi/lib/thumb/v7e-m/fpv4-sp/hard/libc_nano.a(lib_a-malloc.o)
 .ARM.attributes
                0x0000000000000231       0x20 /home/svewi/opt/gnu-mcu-eclipse/arm-none-eabi-gcc/7.2.1-1.1-20180401-0515/bin/../lib/gcc/arm-none-eabi/7.2.1/../../../../arm-none-eabi/lib/thumb/v7e-m/fpv4-sp/hard/libc_nano.a(lib_a-memchr.o)
 .ARM.attributes
                0x0000000000000251       0x34 /home/svewi/opt/gnu-mcu-eclipse/arm-none-eabi-gcc/7.2.1-1.1-20180401-0515/bin/../lib/gcc/arm-none-eabi/7.2.1/../../../../arm-none-eabi/lib/thumb/v7e-m/fpv4-sp/hard/libc_nano.a(lib_a-memcpy-stub.o)
 .ARM.attributes
                0x0000000000000285       0x34 /home/svewi/opt/gnu-mcu-eclipse/arm-none-eabi-gcc/7.2.1-1.1-20180401-0515/bin/../lib/gcc/arm-none-eabi/7.2.1/../../../../arm-none-eabi/lib/thumb/v7e-m/fpv4-sp/hard/libc_nano.a(lib_a-mprec.o)
 .ARM.attributes
                0x00000000000002b9       0x34 /home/svewi/opt/gnu-mcu-eclipse/arm-none-eabi-gcc/7.2.1-1.1-20180401-0515/bin/../lib/gcc/arm-none-eabi/7.2.1/../../../../arm-none-eabi/lib/thumb/v7e-m/fpv4-sp/hard/libc_nano.a(lib_a-nano-callocr.o)
 .ARM.attributes
                0x00000000000002ed       0x34 /home/svewi/opt/gnu-mcu-eclipse/arm-none-eabi-gcc/7.2.1-1.1-20180401-0515/bin/../lib/gcc/arm-none-eabi/7.2.1/../../../../arm-none-eabi/lib/thumb/v7e-m/fpv4-sp/hard/libc_nano.a(lib_a-nano-freer.o)
 .ARM.attributes
                0x0000000000000321       0x34 /home/svewi/opt/gnu-mcu-eclipse/arm-none-eabi-gcc/7.2.1-1.1-20180401-0515/bin/../lib/gcc/arm-none-eabi/7.2.1/../../../../arm-none-eabi/lib/thumb/v7e-m/fpv4-sp/hard/libc_nano.a(lib_a-nano-mallocr.o)
 .ARM.attributes
                0x0000000000000355       0x34 /home/svewi/opt/gnu-mcu-eclipse/arm-none-eabi-gcc/7.2.1-1.1-20180401-0515/bin/../lib/gcc/arm-none-eabi/7.2.1/../../../../arm-none-eabi/lib/thumb/v7e-m/fpv4-sp/hard/libc_nano.a(lib_a-sbrkr.o)
 .ARM.attributes
                0x0000000000000389       0x34 /home/svewi/opt/gnu-mcu-eclipse/arm-none-eabi-gcc/7.2.1-1.1-20180401-0515/bin/../lib/gcc/arm-none-eabi/7.2.1/../../../../arm-none-eabi/lib/thumb/v7e-m/fpv4-sp/hard/libc_nano.a(lib_a-locale.o)
 .ARM.attributes
                0x00000000000003bd       0x34 /home/svewi/opt/gnu-mcu-eclipse/arm-none-eabi-gcc/7.2.1-1.1-20180401-0515/bin/../lib/gcc/arm-none-eabi/7.2.1/../../../../arm-none-eabi/lib/thumb/v7e-m/fpv4-sp/hard/libc_nano.a(lib_a-mbtowc_r.o)
 .ARM.attributes
                0x00000000000003f1       0x34 /home/svewi/opt/gnu-mcu-eclipse/arm-none-eabi-gcc/7.2.1-1.1-20180401-0515/bin/../lib/gcc/arm-none-eabi/7.2.1/../../../../arm-none-eabi/lib/thumb/v7e-m/fpv4-sp/hard/libc_nano.a(lib_a-mlock.o)
 .ARM.attributes
                0x0000000000000425       0x34 /home/svewi/opt/gnu-mcu-eclipse/arm-none-eabi-gcc/7.2.1-1.1-20180401-0515/bin/../lib/gcc/arm-none-eabi/7.2.1/../../../../arm-none-eabi/lib/thumb/v7e-m/fpv4-sp/hard/libc_nano.a(lib_a-reent.o)
 .ARM.attributes
                0x0000000000000459       0x34 /home/svewi/opt/gnu-mcu-eclipse/arm-none-eabi-gcc/7.2.1-1.1-20180401-0515/bin/../lib/gcc/arm-none-eabi/7.2.1/../../../../arm-none-eabi/lib/thumb/v7e-m/fpv4-sp/hard/libc_nano.a(lib_a-wctomb_r.o)
 .ARM.attributes
                0x000000000000048d       0x34 /home/svewi/opt/gnu-mcu-eclipse/arm-none-eabi-gcc/7.2.1-1.1-20180401-0515/bin/../lib/gcc/arm-none-eabi/7.2.1/../../../../arm-none-eabi/lib/thumb/v7e-m/fpv4-sp/hard/libc_nano.a(lib_a-ctype_.o)
 .ARM.attributes
                0x00000000000004c1       0x39 dirty-channel.co
 .ARM.attributes
                0x00000000000004fa       0x39 obj_nrf52840dk/nrf-radio-driver.o
 .ARM.attributes
                0x0000000000000533       0x39 contiki-nrf52840dk.a(contiki-main.o)
 .ARM.attributes
                0x000000000000056c       0x39 contiki-nrf52840dk.a(sbrk.o)
 .ARM.attributes
                0x00000000000005a5       0x39 contiki-nrf52840dk.a(clock.o)
 .ARM.attributes
                0x00000000000005de       0x39 contiki-nrf52840dk.a(clock-nrf.o)
 .ARM.attributes
                0x0000000000000617       0x39 contiki-nrf52840dk.a(simple-uart.o)
 .ARM.attributes
                0x0000000000000650       0x39 contiki-nrf52840dk.a(nrf-delay.o)
 .ARM.attributes
                0x0000000000000689       0x39 contiki-nrf52840dk.a(nrf-radio.o)
 .ARM.attributes
                0x00000000000006c2       0x39 contiki-nrf52840dk.a(nrf-init.o)
 .ARM.attributes
                0x00000000000006fb       0x39 contiki-nrf52840dk.a(watchdog.o)
 .ARM.attributes
                0x0000000000000734       0x1c contiki-nrf52840dk.a(gcc_startup_nrf)
 .ARM.attributes
                0x0000000000000750       0x39 contiki-nrf52840dk.a(autostart.o)
 .ARM.attributes
                0x0000000000000789       0x39 contiki-nrf52840dk.a(ctimer.o)
 .ARM.attributes
                0x00000000000007c2       0x39 contiki-nrf52840dk.a(etimer.o)
 .ARM.attributes
                0x00000000000007fb       0x39 contiki-nrf52840dk.a(process.o)
 .ARM.attributes
                0x0000000000000834       0x39 contiki-nrf52840dk.a(rtimer.o)
 .ARM.attributes
                0x000000000000086d       0x39 contiki-nrf52840dk.a(timer.o)
 .ARM.attributes
                0x00000000000008a6       0x39 contiki-nrf52840dk.a(serial-line.o)
 .ARM.attributes
                0x00000000000008df       0x39 contiki-nrf52840dk.a(leds.o)
 .ARM.attributes
                0x0000000000000918       0x39 contiki-nrf52840dk.a(ringbuf.o)
 .ARM.attributes
                0x0000000000000951       0x39 contiki-nrf52840dk.a(list.o)
 .ARM.attributes
                0x000000000000098a       0x39 contiki-nrf52840dk.a(random.o)
 .ARM.attributes
                0x00000000000009c3       0x39 contiki-nrf52840dk.a(packetbuf.o)
 .ARM.attributes
                0x00000000000009fc       0x39 contiki-nrf52840dk.a(linkaddr.o)
 .ARM.attributes
                0x0000000000000a35       0x39 contiki-nrf52840dk.a(leds-arch.o)
 .ARM.attributes
                0x0000000000000a6e       0x39 contiki-nrf52840dk.a(system_nrf52.o)
 .ARM.attributes
                0x0000000000000aa7       0x39 contiki-nrf52840dk.a(rtimer-arch.o)
 .ARM.attributes
                0x0000000000000ae0       0x39 contiki-nrf52840dk.a(cmsis_nvic.o)
 .ARM.attributes
                0x0000000000000b19       0x22 /home/svewi/opt/gnu-mcu-eclipse/arm-none-eabi-gcc/7.2.1-1.1-20180401-0515/bin/../lib/gcc/arm-none-eabi/7.2.1/thumb/v7e-m/fpv4-sp/hard/libgcc.a(_arm_addsubdf3.o)
 .ARM.attributes
                0x0000000000000b3b       0x22 /home/svewi/opt/gnu-mcu-eclipse/arm-none-eabi-gcc/7.2.1-1.1-20180401-0515/bin/../lib/gcc/arm-none-eabi/7.2.1/thumb/v7e-m/fpv4-sp/hard/libgcc.a(_arm_muldivdf3.o)
 .ARM.attributes
                0x0000000000000b5d       0x22 /home/svewi/opt/gnu-mcu-eclipse/arm-none-eabi-gcc/7.2.1-1.1-20180401-0515/bin/../lib/gcc/arm-none-eabi/7.2.1/thumb/v7e-m/fpv4-sp/hard/libgcc.a(_arm_cmpdf2.o)
 .ARM.attributes
                0x0000000000000b7f       0x22 /home/svewi/opt/gnu-mcu-eclipse/arm-none-eabi-gcc/7.2.1-1.1-20180401-0515/bin/../lib/gcc/arm-none-eabi/7.2.1/thumb/v7e-m/fpv4-sp/hard/libgcc.a(_arm_unorddf2.o)
 .ARM.attributes
                0x0000000000000ba1       0x22 /home/svewi/opt/gnu-mcu-eclipse/arm-none-eabi-gcc/7.2.1-1.1-20180401-0515/bin/../lib/gcc/arm-none-eabi/7.2.1/thumb/v7e-m/fpv4-sp/hard/libgcc.a(_arm_fixdfsi.o)
 .ARM.attributes
                0x0000000000000bc3       0x34 /home/svewi/opt/gnu-mcu-eclipse/arm-none-eabi-gcc/7.2.1-1.1-20180401-0515/bin/../lib/gcc/arm-none-eabi/7.2.1/../../../../arm-none-eabi/lib/thumb/v7e-m/fpv4-sp/hard/libc_nano.a(lib_a-memcmp.o)
 .ARM.attributes
                0x0000000000000bf7       0x34 /home/svewi/opt/gnu-mcu-eclipse/arm-none-eabi-gcc/7.2.1-1.1-20180401-0515/bin/../lib/gcc/arm-none-eabi/7.2.1/../../../../arm-none-eabi/lib/thumb/v7e-m/fpv4-sp/hard/libc_nano.a(lib_a-printf.o)
 .ARM.attributes
                0x0000000000000c2b       0x34 /home/svewi/opt/gnu-mcu-eclipse/arm-none-eabi-gcc/7.2.1-1.1-20180401-0515/bin/../lib/gcc/arm-none-eabi/7.2.1/../../../../arm-none-eabi/lib/thumb/v7e-m/fpv4-sp/hard/libc_nano.a(lib_a-putchar.o)
 .ARM.attributes
                0x0000000000000c5f       0x34 /home/svewi/opt/gnu-mcu-eclipse/arm-none-eabi-gcc/7.2.1-1.1-20180401-0515/bin/../lib/gcc/arm-none-eabi/7.2.1/../../../../arm-none-eabi/lib/thumb/v7e-m/fpv4-sp/hard/libc_nano.a(lib_a-puts.o)
 .ARM.attributes
                0x0000000000000c93       0x34 /home/svewi/opt/gnu-mcu-eclipse/arm-none-eabi-gcc/7.2.1-1.1-20180401-0515/bin/../lib/gcc/arm-none-eabi/7.2.1/../../../../arm-none-eabi/lib/thumb/v7e-m/fpv4-sp/hard/libc_nano.a(lib_a-rand.o)
 .ARM.attributes
                0x0000000000000cc7       0x34 /home/svewi/opt/gnu-mcu-eclipse/arm-none-eabi-gcc/7.2.1-1.1-20180401-0515/bin/../lib/gcc/arm-none-eabi/7.2.1/../../../../arm-none-eabi/lib/thumb/v7e-m/fpv4-sp/hard/libc_nano.a(lib_a-wbuf.o)
 .ARM.attributes
                0x0000000000000cfb       0x34 /home/svewi/opt/gnu-mcu-eclipse/arm-none-eabi-gcc/7.2.1-1.1-20180401-0515/bin/../lib/gcc/arm-none-eabi/7.2.1/../../../../arm-none-eabi/lib/thumb/v7e-m/fpv4-sp/hard/libc_nano.a(lib_a-wsetup.o)
 .ARM.attributes
                0x0000000000000d2f       0x34 /home/svewi/opt/gnu-mcu-eclipse/arm-none-eabi-gcc/7.2.1-1.1-20180401-0515/bin/../lib/gcc/arm-none-eabi/7.2.1/../../../../arm-none-eabi/lib/thumb/v7e-m/fpv4-sp/hard/libc_nano.a(lib_a-fflush.o)
 .ARM.attributes
                0x0000000000000d63       0x34 /home/svewi/opt/gnu-mcu-eclipse/arm-none-eabi-gcc/7.2.1-1.1-20180401-0515/bin/../lib/gcc/arm-none-eabi/7.2.1/../../../../arm-none-eabi/lib/thumb/v7e-m/fpv4-sp/hard/libc_nano.a(lib_a-findfp.o)
 .ARM.attributes
                0x0000000000000d97       0x34 /home/svewi/opt/gnu-mcu-eclipse/arm-none-eabi-gcc/7.2.1-1.1-20180401-0515/bin/../lib/gcc/arm-none-eabi/7.2.1/../../../../arm-none-eabi/lib/thumb/v7e-m/fpv4-sp/hard/libc_nano.a(lib_a-fwalk.o)
 .ARM.attributes
                0x0000000000000dcb       0x34 /home/svewi/opt/gnu-mcu-eclipse/arm-none-eabi-gcc/7.2.1-1.1-20180401-0515/bin/../lib/gcc/arm-none-eabi/7.2.1/../../../../arm-none-eabi/lib/thumb/v7e-m/fpv4-sp/hard/libc_nano.a(lib_a-makebuf.o)
 .ARM.attributes
                0x0000000000000dff       0x34 /home/svewi/opt/gnu-mcu-eclipse/arm-none-eabi-gcc/7.2.1-1.1-20180401-0515/bin/../lib/gcc/arm-none-eabi/7.2.1/../../../../arm-none-eabi/lib/thumb/v7e-m/fpv4-sp/hard/libc_nano.a(lib_a-nano-vfprintf.o)
 .ARM.attributes
                0x0000000000000e33       0x34 /home/svewi/opt/gnu-mcu-eclipse/arm-none-eabi-gcc/7.2.1-1.1-20180401-0515/bin/../lib/gcc/arm-none-eabi/7.2.1/../../../../arm-none-eabi/lib/thumb/v7e-m/fpv4-sp/hard/libc_nano.a(lib_a-putc.o)
 .ARM.attributes
                0x0000000000000e67       0x34 /home/svewi/opt/gnu-mcu-eclipse/arm-none-eabi-gcc/7.2.1-1.1-20180401-0515/bin/../lib/gcc/arm-none-eabi/7.2.1/../../../../arm-none-eabi/lib/thumb/v7e-m/fpv4-sp/hard/libc_nano.a(lib_a-stdio.o)
 .ARM.attributes
                0x0000000000000e9b       0x34 /home/svewi/opt/gnu-mcu-eclipse/arm-none-eabi-gcc/7.2.1-1.1-20180401-0515/bin/../lib/gcc/arm-none-eabi/7.2.1/../../../../arm-none-eabi/lib/thumb/v7e-m/fpv4-sp/hard/libc_nano.a(lib_a-writer.o)
 .ARM.attributes
                0x0000000000000ecf       0x34 /home/svewi/opt/gnu-mcu-eclipse/arm-none-eabi-gcc/7.2.1-1.1-20180401-0515/bin/../lib/gcc/arm-none-eabi/7.2.1/../../../../arm-none-eabi/lib/thumb/v7e-m/fpv4-sp/hard/libc_nano.a(lib_a-closer.o)
 .ARM.attributes
                0x0000000000000f03       0x34 /home/svewi/opt/gnu-mcu-eclipse/arm-none-eabi-gcc/7.2.1-1.1-20180401-0515/bin/../lib/gcc/arm-none-eabi/7.2.1/../../../../arm-none-eabi/lib/thumb/v7e-m/fpv4-sp/hard/libc_nano.a(lib_a-fstatr.o)
 .ARM.attributes
                0x0000000000000f37       0x34 /home/svewi/opt/gnu-mcu-eclipse/arm-none-eabi-gcc/7.2.1-1.1-20180401-0515/bin/../lib/gcc/arm-none-eabi/7.2.1/../../../../arm-none-eabi/lib/thumb/v7e-m/fpv4-sp/hard/libc_nano.a(lib_a-isattyr.o)
 .ARM.attributes
                0x0000000000000f6b       0x34 /home/svewi/opt/gnu-mcu-eclipse/arm-none-eabi-gcc/7.2.1-1.1-20180401-0515/bin/../lib/gcc/arm-none-eabi/7.2.1/../../../../arm-none-eabi/lib/thumb/v7e-m/fpv4-sp/hard/libc_nano.a(lib_a-lseekr.o)
 .ARM.attributes
                0x0000000000000f9f       0x34 /home/svewi/opt/gnu-mcu-eclipse/arm-none-eabi-gcc/7.2.1-1.1-20180401-0515/bin/../lib/gcc/arm-none-eabi/7.2.1/../../../../arm-none-eabi/lib/thumb/v7e-m/fpv4-sp/hard/libc_nano.a(lib_a-readr.o)
 .ARM.attributes
                0x0000000000000fd3       0x34 /home/svewi/opt/gnu-mcu-eclipse/arm-none-eabi-gcc/7.2.1-1.1-20180401-0515/bin/../lib/gcc/arm-none-eabi/7.2.1/../../../../arm-none-eabi/lib/thumb/v7e-m/fpv4-sp/hard/libnosys.a(close.o)
 .ARM.attributes
                0x0000000000001007       0x34 /home/svewi/opt/gnu-mcu-eclipse/arm-none-eabi-gcc/7.2.1-1.1-20180401-0515/bin/../lib/gcc/arm-none-eabi/7.2.1/../../../../arm-none-eabi/lib/thumb/v7e-m/fpv4-sp/hard/libnosys.a(fstat.o)
 .ARM.attributes
                0x000000000000103b       0x34 /home/svewi/opt/gnu-mcu-eclipse/arm-none-eabi-gcc/7.2.1-1.1-20180401-0515/bin/../lib/gcc/arm-none-eabi/7.2.1/../../../../arm-none-eabi/lib/thumb/v7e-m/fpv4-sp/hard/libnosys.a(isatty.o)
 .ARM.attributes
                0x000000000000106f       0x34 /home/svewi/opt/gnu-mcu-eclipse/arm-none-eabi-gcc/7.2.1-1.1-20180401-0515/bin/../lib/gcc/arm-none-eabi/7.2.1/../../../../arm-none-eabi/lib/thumb/v7e-m/fpv4-sp/hard/libnosys.a(lseek.o)
 .ARM.attributes
                0x00000000000010a3       0x34 /home/svewi/opt/gnu-mcu-eclipse/arm-none-eabi-gcc/7.2.1-1.1-20180401-0515/bin/../lib/gcc/arm-none-eabi/7.2.1/../../../../arm-none-eabi/lib/thumb/v7e-m/fpv4-sp/hard/libnosys.a(read.o)
 .ARM.attributes
                0x00000000000010d7       0x34 /home/svewi/opt/gnu-mcu-eclipse/arm-none-eabi-gcc/7.2.1-1.1-20180401-0515/bin/../lib/gcc/arm-none-eabi/7.2.1/../../../../arm-none-eabi/lib/thumb/v7e-m/fpv4-sp/hard/libnosys.a(_exit.o)
 .ARM.attributes
                0x000000000000110b       0x22 /home/svewi/opt/gnu-mcu-eclipse/arm-none-eabi-gcc/7.2.1-1.1-20180401-0515/bin/../lib/gcc/arm-none-eabi/7.2.1/thumb/v7e-m/fpv4-sp/hard/crtn.o

.comment        0x0000000000000000       0x72
 .comment       0x0000000000000000       0x72 dirty-channel.co
                                         0x73 (size before relaxing)
 .comment       0x0000000000000072       0x73 obj_nrf52840dk/nrf-radio-driver.o
 .comment       0x0000000000000072       0x73 contiki-nrf52840dk.a(contiki-main.o)
 .comment       0x0000000000000072       0x73 contiki-nrf52840dk.a(sbrk.o)
 .comment       0x0000000000000072       0x73 contiki-nrf52840dk.a(clock.o)
 .comment       0x0000000000000072       0x73 contiki-nrf52840dk.a(clock-nrf.o)
 .comment       0x0000000000000072       0x73 contiki-nrf52840dk.a(simple-uart.o)
 .comment       0x0000000000000072       0x73 contiki-nrf52840dk.a(nrf-delay.o)
 .comment       0x0000000000000072       0x73 contiki-nrf52840dk.a(nrf-radio.o)
 .comment       0x0000000000000072       0x73 contiki-nrf52840dk.a(nrf-init.o)
 .comment       0x0000000000000072       0x73 contiki-nrf52840dk.a(watchdog.o)
 .comment       0x0000000000000072       0x73 contiki-nrf52840dk.a(autostart.o)
 .comment       0x0000000000000072       0x73 contiki-nrf52840dk.a(ctimer.o)
 .comment       0x0000000000000072       0x73 contiki-nrf52840dk.a(etimer.o)
 .comment       0x0000000000000072       0x73 contiki-nrf52840dk.a(process.o)
 .comment       0x0000000000000072       0x73 contiki-nrf52840dk.a(rtimer.o)
 .comment       0x0000000000000072       0x73 contiki-nrf52840dk.a(timer.o)
 .comment       0x0000000000000072       0x73 contiki-nrf52840dk.a(serial-line.o)
 .comment       0x0000000000000072       0x73 contiki-nrf52840dk.a(leds.o)
 .comment       0x0000000000000072       0x73 contiki-nrf52840dk.a(ringbuf.o)
 .comment       0x0000000000000072       0x73 contiki-nrf52840dk.a(list.o)
 .comment       0x0000000000000072       0x73 contiki-nrf52840dk.a(random.o)
 .comment       0x0000000000000072       0x73 contiki-nrf52840dk.a(packetbuf.o)
 .comment       0x0000000000000072       0x73 contiki-nrf52840dk.a(linkaddr.o)
 .comment       0x0000000000000072       0x73 contiki-nrf52840dk.a(leds-arch.o)
 .comment       0x0000000000000072       0x73 contiki-nrf52840dk.a(system_nrf52.o)
 .comment       0x0000000000000072       0x73 contiki-nrf52840dk.a(rtimer-arch.o)
 .comment       0x0000000000000072       0x73 contiki-nrf52840dk.a(cmsis_nvic.o)

.heap           0x0000000000000000        0x0
 .heap          0x0000000000000000        0x0 contiki-nrf52840dk.a(gcc_startup_nrf)

.debug_frame    0x0000000000000000     0x2214
 .debug_frame   0x0000000000000000       0x28 /home/svewi/opt/gnu-mcu-eclipse/arm-none-eabi-gcc/7.2.1-1.1-20180401-0515/bin/../lib/gcc/arm-none-eabi/7.2.1/../../../../arm-none-eabi/lib/thumb/v7e-m/fpv4-sp/hard/libc_nano.a(lib_a-exit.o)
 .debug_frame   0x0000000000000028       0x2c /home/svewi/opt/gnu-mcu-eclipse/arm-none-eabi-gcc/7.2.1-1.1-20180401-0515/bin/../lib/gcc/arm-none-eabi/7.2.1/../../../../arm-none-eabi/lib/thumb/v7e-m/fpv4-sp/hard/libc_nano.a(lib_a-init.o)
 .debug_frame   0x0000000000000054       0x20 /home/svewi/opt/gnu-mcu-eclipse/arm-none-eabi-gcc/7.2.1-1.1-20180401-0515/bin/../lib/gcc/arm-none-eabi/7.2.1/../../../../arm-none-eabi/lib/thumb/v7e-m/fpv4-sp/hard/libc_nano.a(lib_a-memset.o)
 .debug_frame   0x0000000000000074       0x8c /home/svewi/opt/gnu-mcu-eclipse/arm-none-eabi-gcc/7.2.1-1.1-20180401-0515/bin/../lib/gcc/arm-none-eabi/7.2.1/../../../../arm-none-eabi/lib/thumb/v7e-m/fpv4-sp/hard/libc_nano.a(lib_a-nano-vfprintf_float.o)
 .debug_frame   0x0000000000000100       0x60 /home/svewi/opt/gnu-mcu-eclipse/arm-none-eabi-gcc/7.2.1-1.1-20180401-0515/bin/../lib/gcc/arm-none-eabi/7.2.1/../../../../arm-none-eabi/lib/thumb/v7e-m/fpv4-sp/hard/libc_nano.a(lib_a-nano-vfprintf_i.o)
 .debug_frame   0x0000000000000160       0x70 /home/svewi/opt/gnu-mcu-eclipse/arm-none-eabi-gcc/7.2.1-1.1-20180401-0515/bin/../lib/gcc/arm-none-eabi/7.2.1/../../../../arm-none-eabi/lib/thumb/v7e-m/fpv4-sp/hard/libc_nano.a(lib_a-dtoa.o)
 .debug_frame   0x00000000000001d0       0x40 /home/svewi/opt/gnu-mcu-eclipse/arm-none-eabi-gcc/7.2.1-1.1-20180401-0515/bin/../lib/gcc/arm-none-eabi/7.2.1/../../../../arm-none-eabi/lib/thumb/v7e-m/fpv4-sp/hard/libc_nano.a(lib_a-localeconv.o)
 .debug_frame   0x0000000000000210       0x30 /home/svewi/opt/gnu-mcu-eclipse/arm-none-eabi-gcc/7.2.1-1.1-20180401-0515/bin/../lib/gcc/arm-none-eabi/7.2.1/../../../../arm-none-eabi/lib/thumb/v7e-m/fpv4-sp/hard/libc_nano.a(lib_a-malloc.o)
 .debug_frame   0x0000000000000240       0x28 /home/svewi/opt/gnu-mcu-eclipse/arm-none-eabi-gcc/7.2.1-1.1-20180401-0515/bin/../lib/gcc/arm-none-eabi/7.2.1/../../../../arm-none-eabi/lib/thumb/v7e-m/fpv4-sp/hard/libc_nano.a(lib_a-memcpy-stub.o)
 .debug_frame   0x0000000000000268      0x244 /home/svewi/opt/gnu-mcu-eclipse/arm-none-eabi-gcc/7.2.1-1.1-20180401-0515/bin/../lib/gcc/arm-none-eabi/7.2.1/../../../../arm-none-eabi/lib/thumb/v7e-m/fpv4-sp/hard/libc_nano.a(lib_a-mprec.o)
 .debug_frame   0x00000000000004ac       0x2c /home/svewi/opt/gnu-mcu-eclipse/arm-none-eabi-gcc/7.2.1-1.1-20180401-0515/bin/../lib/gcc/arm-none-eabi/7.2.1/../../../../arm-none-eabi/lib/thumb/v7e-m/fpv4-sp/hard/libc_nano.a(lib_a-nano-callocr.o)
 .debug_frame   0x00000000000004d8       0x38 /home/svewi/opt/gnu-mcu-eclipse/arm-none-eabi-gcc/7.2.1-1.1-20180401-0515/bin/../lib/gcc/arm-none-eabi/7.2.1/../../../../arm-none-eabi/lib/thumb/v7e-m/fpv4-sp/hard/libc_nano.a(lib_a-nano-freer.o)
 .debug_frame   0x0000000000000510       0x2c /home/svewi/opt/gnu-mcu-eclipse/arm-none-eabi-gcc/7.2.1-1.1-20180401-0515/bin/../lib/gcc/arm-none-eabi/7.2.1/../../../../arm-none-eabi/lib/thumb/v7e-m/fpv4-sp/hard/libc_nano.a(lib_a-nano-mallocr.o)
 .debug_frame   0x000000000000053c       0x2c /home/svewi/opt/gnu-mcu-eclipse/arm-none-eabi-gcc/7.2.1-1.1-20180401-0515/bin/../lib/gcc/arm-none-eabi/7.2.1/../../../../arm-none-eabi/lib/thumb/v7e-m/fpv4-sp/hard/libc_nano.a(lib_a-sbrkr.o)
 .debug_frame   0x0000000000000568       0x68 /home/svewi/opt/gnu-mcu-eclipse/arm-none-eabi-gcc/7.2.1-1.1-20180401-0515/bin/../lib/gcc/arm-none-eabi/7.2.1/../../../../arm-none-eabi/lib/thumb/v7e-m/fpv4-sp/hard/libc_nano.a(lib_a-locale.o)
 .debug_frame   0x00000000000005d0       0x48 /home/svewi/opt/gnu-mcu-eclipse/arm-none-eabi-gcc/7.2.1-1.1-20180401-0515/bin/../lib/gcc/arm-none-eabi/7.2.1/../../../../arm-none-eabi/lib/thumb/v7e-m/fpv4-sp/hard/libc_nano.a(lib_a-mbtowc_r.o)
 .debug_frame   0x0000000000000618       0x30 /home/svewi/opt/gnu-mcu-eclipse/arm-none-eabi-gcc/7.2.1-1.1-20180401-0515/bin/../lib/gcc/arm-none-eabi/7.2.1/../../../../arm-none-eabi/lib/thumb/v7e-m/fpv4-sp/hard/libc_nano.a(lib_a-mlock.o)
 .debug_frame   0x0000000000000648       0x5c /home/svewi/opt/gnu-mcu-eclipse/arm-none-eabi-gcc/7.2.1-1.1-20180401-0515/bin/../lib/gcc/arm-none-eabi/7.2.1/../../../../arm-none-eabi/lib/thumb/v7e-m/fpv4-sp/hard/libc_nano.a(lib_a-reent.o)
 .debug_frame   0x00000000000006a4       0x3c /home/svewi/opt/gnu-mcu-eclipse/arm-none-eabi-gcc/7.2.1-1.1-20180401-0515/bin/../lib/gcc/arm-none-eabi/7.2.1/../../../../arm-none-eabi/lib/thumb/v7e-m/fpv4-sp/hard/libc_nano.a(lib_a-wctomb_r.o)
 .debug_frame   0x00000000000006e0       0x6c dirty-channel.co
 .debug_frame   0x000000000000074c      0x170 obj_nrf52840dk/nrf-radio-driver.o
 .debug_frame   0x00000000000008bc       0x28 contiki-nrf52840dk.a(contiki-main.o)
 .debug_frame   0x00000000000008e4       0x30 contiki-nrf52840dk.a(sbrk.o)
 .debug_frame   0x0000000000000914       0xa4 contiki-nrf52840dk.a(clock.o)
 .debug_frame   0x00000000000009b8       0x90 contiki-nrf52840dk.a(clock-nrf.o)
 .debug_frame   0x0000000000000a48       0xc8 contiki-nrf52840dk.a(simple-uart.o)
 .debug_frame   0x0000000000000b10       0x2c contiki-nrf52840dk.a(nrf-delay.o)
 .debug_frame   0x0000000000000b3c      0x1d8 contiki-nrf52840dk.a(nrf-radio.o)
 .debug_frame   0x0000000000000d14       0x40 contiki-nrf52840dk.a(nrf-init.o)
 .debug_frame   0x0000000000000d54       0x60 contiki-nrf52840dk.a(watchdog.o)
 .debug_frame   0x0000000000000db4       0x40 contiki-nrf52840dk.a(autostart.o)
 .debug_frame   0x0000000000000df4      0x13c contiki-nrf52840dk.a(ctimer.o)
 .debug_frame   0x0000000000000f30      0x180 contiki-nrf52840dk.a(etimer.o)
 .debug_frame   0x00000000000010b0      0x15c contiki-nrf52840dk.a(process.o)
 .debug_frame   0x000000000000120c       0x70 contiki-nrf52840dk.a(rtimer.o)
 .debug_frame   0x000000000000127c       0x80 contiki-nrf52840dk.a(timer.o)
 .debug_frame   0x00000000000012fc       0x60 contiki-nrf52840dk.a(serial-line.o)
 .debug_frame   0x000000000000135c       0x94 contiki-nrf52840dk.a(leds.o)
 .debug_frame   0x00000000000013f0       0x68 contiki-nrf52840dk.a(ringbuf.o)
 .debug_frame   0x0000000000001458       0xf0 contiki-nrf52840dk.a(list.o)
 .debug_frame   0x0000000000001548       0x38 contiki-nrf52840dk.a(random.o)
 .debug_frame   0x0000000000001580      0x1e4 contiki-nrf52840dk.a(packetbuf.o)
 .debug_frame   0x0000000000001764       0x48 contiki-nrf52840dk.a(linkaddr.o)
 .debug_frame   0x00000000000017ac       0x40 contiki-nrf52840dk.a(leds-arch.o)
 .debug_frame   0x00000000000017ec       0x50 contiki-nrf52840dk.a(system_nrf52.o)
 .debug_frame   0x000000000000183c       0x38 contiki-nrf52840dk.a(rtimer-arch.o)
 .debug_frame   0x0000000000001874       0x40 contiki-nrf52840dk.a(cmsis_nvic.o)
 .debug_frame   0x00000000000018b4       0xac /home/svewi/opt/gnu-mcu-eclipse/arm-none-eabi-gcc/7.2.1-1.1-20180401-0515/bin/../lib/gcc/arm-none-eabi/7.2.1/thumb/v7e-m/fpv4-sp/hard/libgcc.a(_arm_addsubdf3.o)
 .debug_frame   0x0000000000001960       0x50 /home/svewi/opt/gnu-mcu-eclipse/arm-none-eabi-gcc/7.2.1-1.1-20180401-0515/bin/../lib/gcc/arm-none-eabi/7.2.1/thumb/v7e-m/fpv4-sp/hard/libgcc.a(_arm_muldivdf3.o)
 .debug_frame   0x00000000000019b0       0xc4 /home/svewi/opt/gnu-mcu-eclipse/arm-none-eabi-gcc/7.2.1-1.1-20180401-0515/bin/../lib/gcc/arm-none-eabi/7.2.1/thumb/v7e-m/fpv4-sp/hard/libgcc.a(_arm_cmpdf2.o)
 .debug_frame   0x0000000000001a74       0x20 /home/svewi/opt/gnu-mcu-eclipse/arm-none-eabi-gcc/7.2.1-1.1-20180401-0515/bin/../lib/gcc/arm-none-eabi/7.2.1/thumb/v7e-m/fpv4-sp/hard/libgcc.a(_arm_unorddf2.o)
 .debug_frame   0x0000000000001a94       0x24 /home/svewi/opt/gnu-mcu-eclipse/arm-none-eabi-gcc/7.2.1-1.1-20180401-0515/bin/../lib/gcc/arm-none-eabi/7.2.1/thumb/v7e-m/fpv4-sp/hard/libgcc.a(_arm_fixdfsi.o)
 .debug_frame   0x0000000000001ab8       0x2c /home/svewi/opt/gnu-mcu-eclipse/arm-none-eabi-gcc/7.2.1-1.1-20180401-0515/bin/../lib/gcc/arm-none-eabi/7.2.1/../../../../arm-none-eabi/lib/thumb/v7e-m/fpv4-sp/hard/libc_nano.a(lib_a-memcmp.o)
 .debug_frame   0x0000000000001ae4       0x74 /home/svewi/opt/gnu-mcu-eclipse/arm-none-eabi-gcc/7.2.1-1.1-20180401-0515/bin/../lib/gcc/arm-none-eabi/7.2.1/../../../../arm-none-eabi/lib/thumb/v7e-m/fpv4-sp/hard/libc_nano.a(lib_a-printf.o)
 .debug_frame   0x0000000000001b58       0x58 /home/svewi/opt/gnu-mcu-eclipse/arm-none-eabi-gcc/7.2.1-1.1-20180401-0515/bin/../lib/gcc/arm-none-eabi/7.2.1/../../../../arm-none-eabi/lib/thumb/v7e-m/fpv4-sp/hard/libc_nano.a(lib_a-putchar.o)
 .debug_frame   0x0000000000001bb0       0x3c /home/svewi/opt/gnu-mcu-eclipse/arm-none-eabi-gcc/7.2.1-1.1-20180401-0515/bin/../lib/gcc/arm-none-eabi/7.2.1/../../../../arm-none-eabi/lib/thumb/v7e-m/fpv4-sp/hard/libc_nano.a(lib_a-puts.o)
 .debug_frame   0x0000000000001bec       0x48 /home/svewi/opt/gnu-mcu-eclipse/arm-none-eabi-gcc/7.2.1-1.1-20180401-0515/bin/../lib/gcc/arm-none-eabi/7.2.1/../../../../arm-none-eabi/lib/thumb/v7e-m/fpv4-sp/hard/libc_nano.a(lib_a-rand.o)
 .debug_frame   0x0000000000001c34       0x40 /home/svewi/opt/gnu-mcu-eclipse/arm-none-eabi-gcc/7.2.1-1.1-20180401-0515/bin/../lib/gcc/arm-none-eabi/7.2.1/../../../../arm-none-eabi/lib/thumb/v7e-m/fpv4-sp/hard/libc_nano.a(lib_a-wbuf.o)
 .debug_frame   0x0000000000001c74       0x2c /home/svewi/opt/gnu-mcu-eclipse/arm-none-eabi-gcc/7.2.1-1.1-20180401-0515/bin/../lib/gcc/arm-none-eabi/7.2.1/../../../../arm-none-eabi/lib/thumb/v7e-m/fpv4-sp/hard/libc_nano.a(lib_a-wsetup.o)
 .debug_frame   0x0000000000001ca0       0x68 /home/svewi/opt/gnu-mcu-eclipse/arm-none-eabi-gcc/7.2.1-1.1-20180401-0515/bin/../lib/gcc/arm-none-eabi/7.2.1/../../../../arm-none-eabi/lib/thumb/v7e-m/fpv4-sp/hard/libc_nano.a(lib_a-fflush.o)
 .debug_frame   0x0000000000001d08      0x11c /home/svewi/opt/gnu-mcu-eclipse/arm-none-eabi-gcc/7.2.1-1.1-20180401-0515/bin/../lib/gcc/arm-none-eabi/7.2.1/../../../../arm-none-eabi/lib/thumb/v7e-m/fpv4-sp/hard/libc_nano.a(lib_a-findfp.o)
 .debug_frame   0x0000000000001e24       0x54 /home/svewi/opt/gnu-mcu-eclipse/arm-none-eabi-gcc/7.2.1-1.1-20180401-0515/bin/../lib/gcc/arm-none-eabi/7.2.1/../../../../arm-none-eabi/lib/thumb/v7e-m/fpv4-sp/hard/libc_nano.a(lib_a-fwalk.o)
 .debug_frame   0x0000000000001e78       0x58 /home/svewi/opt/gnu-mcu-eclipse/arm-none-eabi-gcc/7.2.1-1.1-20180401-0515/bin/../lib/gcc/arm-none-eabi/7.2.1/../../../../arm-none-eabi/lib/thumb/v7e-m/fpv4-sp/hard/libc_nano.a(lib_a-makebuf.o)
 .debug_frame   0x0000000000001ed0       0xac /home/svewi/opt/gnu-mcu-eclipse/arm-none-eabi-gcc/7.2.1-1.1-20180401-0515/bin/../lib/gcc/arm-none-eabi/7.2.1/../../../../arm-none-eabi/lib/thumb/v7e-m/fpv4-sp/hard/libc_nano.a(lib_a-nano-vfprintf.o)